Archive member included to satisfy reference by file (symbol)

.\CortexM0\ARM_GCC_541\Debug\Interrupt_Priority.a(RED_LED.o)
                              .\CortexM0\ARM_GCC_541\Debug\main.o (RED_LED_Write)
.\CortexM0\ARM_GCC_541\Debug\Interrupt_Priority.a(GREEN_LED.o)
                              .\CortexM0\ARM_GCC_541\Debug\main.o (GREEN_LED_Write)
.\CortexM0\ARM_GCC_541\Debug\Interrupt_Priority.a(Timer_1.o)
                              .\CortexM0\ARM_GCC_541\Debug\main.o (Timer_1_Start)
.\CortexM0\ARM_GCC_541\Debug\Interrupt_Priority.a(Timer_2.o)
                              .\CortexM0\ARM_GCC_541\Debug\main.o (Timer_2_Start)
.\CortexM0\ARM_GCC_541\Debug\Interrupt_Priority.a(isr_1.o)
                              .\CortexM0\ARM_GCC_541\Debug\main.o (isr_1_StartEx)
.\CortexM0\ARM_GCC_541\Debug\Interrupt_Priority.a(isr_2.o)
                              .\CortexM0\ARM_GCC_541\Debug\main.o (isr_2_StartEx)
.\CortexM0\ARM_GCC_541\Debug\Interrupt_Priority.a(CyLib.o)
                              .\CortexM0\ARM_GCC_541\Debug\cyfitter_cfg.o (CyIntEnable)
.\CortexM0\ARM_GCC_541\Debug\Interrupt_Priority.a(CyLFClk.o)
                              .\CortexM0\ARM_GCC_541\Debug\Interrupt_Priority.a(CyLib.o) (CySysClkWcoEnabled)
.\CortexM0\ARM_GCC_541\Debug\Interrupt_Priority.a(CyBootAsmGnu.o)
                              .\CortexM0\ARM_GCC_541\Debug\Interrupt_Priority.a(CyLib.o) (CyDelayCycles)
.\CortexM0\ARM_GCC_541\Debug\Interrupt_Priority.a(CyFlash.o)
                              .\CortexM0\ARM_GCC_541\Debug\Interrupt_Priority.a(CyLib.o) (CySysFlashSetWaitCycles)
c:/program files (x86)/cypress/psoc creator/4.1/psoc creator/import/gnu/arm/5.4.1/bin/../lib/gcc/arm-none-eabi/5.4.1/armv6-m\libgcc.a(_udivsi3.o)
                              .\CortexM0\ARM_GCC_541\Debug\Interrupt_Priority.a(CyLib.o) (__aeabi_uidiv)
c:/program files (x86)/cypress/psoc creator/4.1/psoc creator/import/gnu/arm/5.4.1/bin/../lib/gcc/arm-none-eabi/5.4.1/armv6-m\libgcc.a(_divsi3.o)
                              .\CortexM0\ARM_GCC_541\Debug\Interrupt_Priority.a(CyLFClk.o) (__aeabi_idiv)
c:/program files (x86)/cypress/psoc creator/4.1/psoc creator/import/gnu/arm/5.4.1/bin/../lib/gcc/arm-none-eabi/5.4.1/armv6-m\libgcc.a(_dvmd_tls.o)
                              c:/program files (x86)/cypress/psoc creator/4.1/psoc creator/import/gnu/arm/5.4.1/bin/../lib/gcc/arm-none-eabi/5.4.1/armv6-m\libgcc.a(_udivsi3.o) (__aeabi_idiv0)
c:/program files (x86)/cypress/psoc creator/4.1/psoc creator/import/gnu/arm/5.4.1/bin/../lib/gcc/arm-none-eabi/5.4.1/../../../../arm-none-eabi/lib/armv6-m\libg_nano.a(lib_a-errno.o)
                              .\CortexM0\ARM_GCC_541\Debug\Cm0Start.o (__errno)
c:/program files (x86)/cypress/psoc creator/4.1/psoc creator/import/gnu/arm/5.4.1/bin/../lib/gcc/arm-none-eabi/5.4.1/../../../../arm-none-eabi/lib/armv6-m\libg_nano.a(lib_a-exit.o)
                              c:/program files (x86)/cypress/psoc creator/4.1/psoc creator/import/gnu/arm/5.4.1/bin/../lib/gcc/arm-none-eabi/5.4.1/../../../../arm-none-eabi/lib/armv6-m/crt0.o (exit)
c:/program files (x86)/cypress/psoc creator/4.1/psoc creator/import/gnu/arm/5.4.1/bin/../lib/gcc/arm-none-eabi/5.4.1/../../../../arm-none-eabi/lib/armv6-m\libg_nano.a(lib_a-impure.o)
                              c:/program files (x86)/cypress/psoc creator/4.1/psoc creator/import/gnu/arm/5.4.1/bin/../lib/gcc/arm-none-eabi/5.4.1/../../../../arm-none-eabi/lib/armv6-m\libg_nano.a(lib_a-exit.o) (_global_impure_ptr)
c:/program files (x86)/cypress/psoc creator/4.1/psoc creator/import/gnu/arm/5.4.1/bin/../lib/gcc/arm-none-eabi/5.4.1/../../../../arm-none-eabi/lib/armv6-m\libg_nano.a(lib_a-init.o)
                              c:/program files (x86)/cypress/psoc creator/4.1/psoc creator/import/gnu/arm/5.4.1/bin/../lib/gcc/arm-none-eabi/5.4.1/../../../../arm-none-eabi/lib/armv6-m/crt0.o (__libc_init_array)
c:/program files (x86)/cypress/psoc creator/4.1/psoc creator/import/gnu/arm/5.4.1/bin/../lib/gcc/arm-none-eabi/5.4.1/../../../../arm-none-eabi/lib/armv6-m\libg_nano.a(lib_a-memcpy-stub.o)
                              .\CortexM0\ARM_GCC_541\Debug\Interrupt_Priority.a(CyFlash.o) (memcpy)
c:/program files (x86)/cypress/psoc creator/4.1/psoc creator/import/gnu/arm/5.4.1/bin/../lib/gcc/arm-none-eabi/5.4.1/../../../../arm-none-eabi/lib/armv6-m\libg_nano.a(lib_a-memset.o)
                              c:/program files (x86)/cypress/psoc creator/4.1/psoc creator/import/gnu/arm/5.4.1/bin/../lib/gcc/arm-none-eabi/5.4.1/../../../../arm-none-eabi/lib/armv6-m/crt0.o (memset)

Discarded input sections

 .text          0x00000000        0x0 c:/program files (x86)/cypress/psoc creator/4.1/psoc creator/import/gnu/arm/5.4.1/bin/../lib/gcc/arm-none-eabi/5.4.1/armv6-m/crti.o
 .data          0x00000000        0x0 c:/program files (x86)/cypress/psoc creator/4.1/psoc creator/import/gnu/arm/5.4.1/bin/../lib/gcc/arm-none-eabi/5.4.1/armv6-m/crti.o
 .bss           0x00000000        0x0 c:/program files (x86)/cypress/psoc creator/4.1/psoc creator/import/gnu/arm/5.4.1/bin/../lib/gcc/arm-none-eabi/5.4.1/armv6-m/crti.o
 .data          0x00000000        0x4 c:/program files (x86)/cypress/psoc creator/4.1/psoc creator/import/gnu/arm/5.4.1/bin/../lib/gcc/arm-none-eabi/5.4.1/armv6-m/crtbegin.o
 .text          0x00000000       0x78 c:/program files (x86)/cypress/psoc creator/4.1/psoc creator/import/gnu/arm/5.4.1/bin/../lib/gcc/arm-none-eabi/5.4.1/../../../../arm-none-eabi/lib/armv6-m/crt0.o
 .data          0x00000000        0x0 c:/program files (x86)/cypress/psoc creator/4.1/psoc creator/import/gnu/arm/5.4.1/bin/../lib/gcc/arm-none-eabi/5.4.1/../../../../arm-none-eabi/lib/armv6-m/crt0.o
 .bss           0x00000000        0x0 c:/program files (x86)/cypress/psoc creator/4.1/psoc creator/import/gnu/arm/5.4.1/bin/../lib/gcc/arm-none-eabi/5.4.1/../../../../arm-none-eabi/lib/armv6-m/crt0.o
 .ARM.extab     0x00000000        0x0 c:/program files (x86)/cypress/psoc creator/4.1/psoc creator/import/gnu/arm/5.4.1/bin/../lib/gcc/arm-none-eabi/5.4.1/../../../../arm-none-eabi/lib/armv6-m/crt0.o
 .ARM.exidx     0x00000000        0x8 c:/program files (x86)/cypress/psoc creator/4.1/psoc creator/import/gnu/arm/5.4.1/bin/../lib/gcc/arm-none-eabi/5.4.1/../../../../arm-none-eabi/lib/armv6-m/crt0.o
 .text          0x00000000        0x0 .\CortexM0\ARM_GCC_541\Debug\main.o
 .data          0x00000000        0x0 .\CortexM0\ARM_GCC_541\Debug\main.o
 .bss           0x00000000        0x0 .\CortexM0\ARM_GCC_541\Debug\main.o
 .text          0x00000000        0x0 .\CortexM0\ARM_GCC_541\Debug\cyfitter_cfg.o
 .data          0x00000000        0x0 .\CortexM0\ARM_GCC_541\Debug\cyfitter_cfg.o
 .bss           0x00000000        0x0 .\CortexM0\ARM_GCC_541\Debug\cyfitter_cfg.o
 .text          0x00000000        0x0 .\CortexM0\ARM_GCC_541\Debug\cymetadata.o
 .data          0x00000000        0x0 .\CortexM0\ARM_GCC_541\Debug\cymetadata.o
 .bss           0x00000000        0x0 .\CortexM0\ARM_GCC_541\Debug\cymetadata.o
 .text          0x00000000        0x0 .\CortexM0\ARM_GCC_541\Debug\Cm0Start.o
 .data          0x00000000        0x4 .\CortexM0\ARM_GCC_541\Debug\Cm0Start.o
 .bss           0x00000000        0x0 .\CortexM0\ARM_GCC_541\Debug\Cm0Start.o
 .text._exit    0x00000000        0xc .\CortexM0\ARM_GCC_541\Debug\Cm0Start.o
 .text._sbrk    0x00000000       0x30 .\CortexM0\ARM_GCC_541\Debug\Cm0Start.o
 .text          0x00000000        0x0 .\CortexM0\ARM_GCC_541\Debug\Interrupt_Priority.a(RED_LED.o)
 .data          0x00000000        0x0 .\CortexM0\ARM_GCC_541\Debug\Interrupt_Priority.a(RED_LED.o)
 .bss           0x00000000        0x0 .\CortexM0\ARM_GCC_541\Debug\Interrupt_Priority.a(RED_LED.o)
 .text.RED_LED_SetDriveMode
                0x00000000       0x18 .\CortexM0\ARM_GCC_541\Debug\Interrupt_Priority.a(RED_LED.o)
 .text.RED_LED_Read
                0x00000000       0x10 .\CortexM0\ARM_GCC_541\Debug\Interrupt_Priority.a(RED_LED.o)
 .text.RED_LED_ReadDataReg
                0x00000000       0x10 .\CortexM0\ARM_GCC_541\Debug\Interrupt_Priority.a(RED_LED.o)
 .text.RED_LED_SetInterruptMode
                0x00000000       0x14 .\CortexM0\ARM_GCC_541\Debug\Interrupt_Priority.a(RED_LED.o)
 .text.RED_LED_ClearInterrupt
                0x00000000       0x14 .\CortexM0\ARM_GCC_541\Debug\Interrupt_Priority.a(RED_LED.o)
 .text          0x00000000        0x0 .\CortexM0\ARM_GCC_541\Debug\Interrupt_Priority.a(GREEN_LED.o)
 .data          0x00000000        0x0 .\CortexM0\ARM_GCC_541\Debug\Interrupt_Priority.a(GREEN_LED.o)
 .bss           0x00000000        0x0 .\CortexM0\ARM_GCC_541\Debug\Interrupt_Priority.a(GREEN_LED.o)
 .text.GREEN_LED_SetDriveMode
                0x00000000       0x18 .\CortexM0\ARM_GCC_541\Debug\Interrupt_Priority.a(GREEN_LED.o)
 .text.GREEN_LED_Read
                0x00000000       0x10 .\CortexM0\ARM_GCC_541\Debug\Interrupt_Priority.a(GREEN_LED.o)
 .text.GREEN_LED_ReadDataReg
                0x00000000       0x10 .\CortexM0\ARM_GCC_541\Debug\Interrupt_Priority.a(GREEN_LED.o)
 .text.GREEN_LED_SetInterruptMode
                0x00000000       0x14 .\CortexM0\ARM_GCC_541\Debug\Interrupt_Priority.a(GREEN_LED.o)
 .text.GREEN_LED_ClearInterrupt
                0x00000000       0x14 .\CortexM0\ARM_GCC_541\Debug\Interrupt_Priority.a(GREEN_LED.o)
 .text          0x00000000        0x0 .\CortexM0\ARM_GCC_541\Debug\Interrupt_Priority.a(Timer_1.o)
 .data          0x00000000        0x0 .\CortexM0\ARM_GCC_541\Debug\Interrupt_Priority.a(Timer_1.o)
 .text.Timer_1_Stop
                0x00000000       0x1c .\CortexM0\ARM_GCC_541\Debug\Interrupt_Priority.a(Timer_1.o)
 .text.Timer_1_SetMode
                0x00000000       0x28 .\CortexM0\ARM_GCC_541\Debug\Interrupt_Priority.a(Timer_1.o)
 .text.Timer_1_SetQDMode
                0x00000000       0x28 .\CortexM0\ARM_GCC_541\Debug\Interrupt_Priority.a(Timer_1.o)
 .text.Timer_1_SetPrescaler
                0x00000000       0x28 .\CortexM0\ARM_GCC_541\Debug\Interrupt_Priority.a(Timer_1.o)
 .text.Timer_1_SetOneShot
                0x00000000       0x30 .\CortexM0\ARM_GCC_541\Debug\Interrupt_Priority.a(Timer_1.o)
 .text.Timer_1_SetPWMMode
                0x00000000       0x10 .\CortexM0\ARM_GCC_541\Debug\Interrupt_Priority.a(Timer_1.o)
 .text.Timer_1_SetPWMSyncKill
                0x00000000       0x28 .\CortexM0\ARM_GCC_541\Debug\Interrupt_Priority.a(Timer_1.o)
 .text.Timer_1_SetPWMStopOnKill
                0x00000000       0x28 .\CortexM0\ARM_GCC_541\Debug\Interrupt_Priority.a(Timer_1.o)
 .text.Timer_1_SetPWMDeadTime
                0x00000000       0x2c .\CortexM0\ARM_GCC_541\Debug\Interrupt_Priority.a(Timer_1.o)
 .text.Timer_1_SetPWMInvert
                0x00000000       0x28 .\CortexM0\ARM_GCC_541\Debug\Interrupt_Priority.a(Timer_1.o)
 .text.Timer_1_ReadCounter
                0x00000000       0x10 .\CortexM0\ARM_GCC_541\Debug\Interrupt_Priority.a(Timer_1.o)
 .text.Timer_1_SetCounterMode
                0x00000000       0x28 .\CortexM0\ARM_GCC_541\Debug\Interrupt_Priority.a(Timer_1.o)
 .text.Timer_1_ReadPeriod
                0x00000000       0x10 .\CortexM0\ARM_GCC_541\Debug\Interrupt_Priority.a(Timer_1.o)
 .text.Timer_1_SetCompareSwap
                0x00000000       0x24 .\CortexM0\ARM_GCC_541\Debug\Interrupt_Priority.a(Timer_1.o)
 .text.Timer_1_WritePeriodBuf
                0x00000000       0x10 .\CortexM0\ARM_GCC_541\Debug\Interrupt_Priority.a(Timer_1.o)
 .text.Timer_1_ReadPeriodBuf
                0x00000000       0x10 .\CortexM0\ARM_GCC_541\Debug\Interrupt_Priority.a(Timer_1.o)
 .text.Timer_1_SetPeriodSwap
                0x00000000       0x28 .\CortexM0\ARM_GCC_541\Debug\Interrupt_Priority.a(Timer_1.o)
 .text.Timer_1_WriteCompare
                0x00000000       0x10 .\CortexM0\ARM_GCC_541\Debug\Interrupt_Priority.a(Timer_1.o)
 .text.Timer_1_ReadCompare
                0x00000000       0x10 .\CortexM0\ARM_GCC_541\Debug\Interrupt_Priority.a(Timer_1.o)
 .text.Timer_1_WriteCompareBuf
                0x00000000       0x10 .\CortexM0\ARM_GCC_541\Debug\Interrupt_Priority.a(Timer_1.o)
 .text.Timer_1_ReadCompareBuf
                0x00000000       0x10 .\CortexM0\ARM_GCC_541\Debug\Interrupt_Priority.a(Timer_1.o)
 .text.Timer_1_ReadCapture
                0x00000000       0x10 .\CortexM0\ARM_GCC_541\Debug\Interrupt_Priority.a(Timer_1.o)
 .text.Timer_1_ReadCaptureBuf
                0x00000000       0x10 .\CortexM0\ARM_GCC_541\Debug\Interrupt_Priority.a(Timer_1.o)
 .text.Timer_1_SetCaptureMode
                0x00000000       0x24 .\CortexM0\ARM_GCC_541\Debug\Interrupt_Priority.a(Timer_1.o)
 .text.Timer_1_SetReloadMode
                0x00000000       0x24 .\CortexM0\ARM_GCC_541\Debug\Interrupt_Priority.a(Timer_1.o)
 .text.Timer_1_SetStartMode
                0x00000000       0x28 .\CortexM0\ARM_GCC_541\Debug\Interrupt_Priority.a(Timer_1.o)
 .text.Timer_1_SetStopMode
                0x00000000       0x24 .\CortexM0\ARM_GCC_541\Debug\Interrupt_Priority.a(Timer_1.o)
 .text.Timer_1_SetCountMode
                0x00000000       0x24 .\CortexM0\ARM_GCC_541\Debug\Interrupt_Priority.a(Timer_1.o)
 .text.Timer_1_ReadStatus
                0x00000000       0x14 .\CortexM0\ARM_GCC_541\Debug\Interrupt_Priority.a(Timer_1.o)
 .text.Timer_1_GetInterruptSourceMasked
                0x00000000        0xc .\CortexM0\ARM_GCC_541\Debug\Interrupt_Priority.a(Timer_1.o)
 .text.Timer_1_GetInterruptSource
                0x00000000        0xc .\CortexM0\ARM_GCC_541\Debug\Interrupt_Priority.a(Timer_1.o)
 .text.Timer_1_SetInterrupt
                0x00000000        0xc .\CortexM0\ARM_GCC_541\Debug\Interrupt_Priority.a(Timer_1.o)
 .text          0x00000000        0x0 .\CortexM0\ARM_GCC_541\Debug\Interrupt_Priority.a(Timer_2.o)
 .data          0x00000000        0x0 .\CortexM0\ARM_GCC_541\Debug\Interrupt_Priority.a(Timer_2.o)
 .text.Timer_2_Stop
                0x00000000       0x1c .\CortexM0\ARM_GCC_541\Debug\Interrupt_Priority.a(Timer_2.o)
 .text.Timer_2_SetMode
                0x00000000       0x28 .\CortexM0\ARM_GCC_541\Debug\Interrupt_Priority.a(Timer_2.o)
 .text.Timer_2_SetQDMode
                0x00000000       0x28 .\CortexM0\ARM_GCC_541\Debug\Interrupt_Priority.a(Timer_2.o)
 .text.Timer_2_SetPrescaler
                0x00000000       0x28 .\CortexM0\ARM_GCC_541\Debug\Interrupt_Priority.a(Timer_2.o)
 .text.Timer_2_SetOneShot
                0x00000000       0x30 .\CortexM0\ARM_GCC_541\Debug\Interrupt_Priority.a(Timer_2.o)
 .text.Timer_2_SetPWMMode
                0x00000000       0x10 .\CortexM0\ARM_GCC_541\Debug\Interrupt_Priority.a(Timer_2.o)
 .text.Timer_2_SetPWMSyncKill
                0x00000000       0x28 .\CortexM0\ARM_GCC_541\Debug\Interrupt_Priority.a(Timer_2.o)
 .text.Timer_2_SetPWMStopOnKill
                0x00000000       0x28 .\CortexM0\ARM_GCC_541\Debug\Interrupt_Priority.a(Timer_2.o)
 .text.Timer_2_SetPWMDeadTime
                0x00000000       0x2c .\CortexM0\ARM_GCC_541\Debug\Interrupt_Priority.a(Timer_2.o)
 .text.Timer_2_SetPWMInvert
                0x00000000       0x28 .\CortexM0\ARM_GCC_541\Debug\Interrupt_Priority.a(Timer_2.o)
 .text.Timer_2_ReadCounter
                0x00000000       0x10 .\CortexM0\ARM_GCC_541\Debug\Interrupt_Priority.a(Timer_2.o)
 .text.Timer_2_SetCounterMode
                0x00000000       0x28 .\CortexM0\ARM_GCC_541\Debug\Interrupt_Priority.a(Timer_2.o)
 .text.Timer_2_ReadPeriod
                0x00000000       0x10 .\CortexM0\ARM_GCC_541\Debug\Interrupt_Priority.a(Timer_2.o)
 .text.Timer_2_SetCompareSwap
                0x00000000       0x24 .\CortexM0\ARM_GCC_541\Debug\Interrupt_Priority.a(Timer_2.o)
 .text.Timer_2_WritePeriodBuf
                0x00000000       0x10 .\CortexM0\ARM_GCC_541\Debug\Interrupt_Priority.a(Timer_2.o)
 .text.Timer_2_ReadPeriodBuf
                0x00000000       0x10 .\CortexM0\ARM_GCC_541\Debug\Interrupt_Priority.a(Timer_2.o)
 .text.Timer_2_SetPeriodSwap
                0x00000000       0x28 .\CortexM0\ARM_GCC_541\Debug\Interrupt_Priority.a(Timer_2.o)
 .text.Timer_2_WriteCompare
                0x00000000       0x10 .\CortexM0\ARM_GCC_541\Debug\Interrupt_Priority.a(Timer_2.o)
 .text.Timer_2_ReadCompare
                0x00000000       0x10 .\CortexM0\ARM_GCC_541\Debug\Interrupt_Priority.a(Timer_2.o)
 .text.Timer_2_WriteCompareBuf
                0x00000000       0x10 .\CortexM0\ARM_GCC_541\Debug\Interrupt_Priority.a(Timer_2.o)
 .text.Timer_2_ReadCompareBuf
                0x00000000       0x10 .\CortexM0\ARM_GCC_541\Debug\Interrupt_Priority.a(Timer_2.o)
 .text.Timer_2_ReadCapture
                0x00000000       0x10 .\CortexM0\ARM_GCC_541\Debug\Interrupt_Priority.a(Timer_2.o)
 .text.Timer_2_ReadCaptureBuf
                0x00000000       0x10 .\CortexM0\ARM_GCC_541\Debug\Interrupt_Priority.a(Timer_2.o)
 .text.Timer_2_SetCaptureMode
                0x00000000       0x24 .\CortexM0\ARM_GCC_541\Debug\Interrupt_Priority.a(Timer_2.o)
 .text.Timer_2_SetReloadMode
                0x00000000       0x24 .\CortexM0\ARM_GCC_541\Debug\Interrupt_Priority.a(Timer_2.o)
 .text.Timer_2_SetStartMode
                0x00000000       0x28 .\CortexM0\ARM_GCC_541\Debug\Interrupt_Priority.a(Timer_2.o)
 .text.Timer_2_SetStopMode
                0x00000000       0x24 .\CortexM0\ARM_GCC_541\Debug\Interrupt_Priority.a(Timer_2.o)
 .text.Timer_2_SetCountMode
                0x00000000       0x24 .\CortexM0\ARM_GCC_541\Debug\Interrupt_Priority.a(Timer_2.o)
 .text.Timer_2_ReadStatus
                0x00000000       0x14 .\CortexM0\ARM_GCC_541\Debug\Interrupt_Priority.a(Timer_2.o)
 .text.Timer_2_GetInterruptSourceMasked
                0x00000000        0xc .\CortexM0\ARM_GCC_541\Debug\Interrupt_Priority.a(Timer_2.o)
 .text.Timer_2_GetInterruptSource
                0x00000000        0xc .\CortexM0\ARM_GCC_541\Debug\Interrupt_Priority.a(Timer_2.o)
 .text.Timer_2_SetInterrupt
                0x00000000        0xc .\CortexM0\ARM_GCC_541\Debug\Interrupt_Priority.a(Timer_2.o)
 .text          0x00000000        0x0 .\CortexM0\ARM_GCC_541\Debug\Interrupt_Priority.a(isr_1.o)
 .data          0x00000000        0x0 .\CortexM0\ARM_GCC_541\Debug\Interrupt_Priority.a(isr_1.o)
 .bss           0x00000000        0x0 .\CortexM0\ARM_GCC_541\Debug\Interrupt_Priority.a(isr_1.o)
 .text.isr_1_Interrupt
                0x00000000        0x4 .\CortexM0\ARM_GCC_541\Debug\Interrupt_Priority.a(isr_1.o)
 .text.isr_1_GetVector
                0x00000000        0xc .\CortexM0\ARM_GCC_541\Debug\Interrupt_Priority.a(isr_1.o)
 .text.isr_1_GetPriority
                0x00000000       0x10 .\CortexM0\ARM_GCC_541\Debug\Interrupt_Priority.a(isr_1.o)
 .text.isr_1_GetState
                0x00000000       0x14 .\CortexM0\ARM_GCC_541\Debug\Interrupt_Priority.a(isr_1.o)
 .text.isr_1_Start
                0x00000000       0x1c .\CortexM0\ARM_GCC_541\Debug\Interrupt_Priority.a(isr_1.o)
 .text.isr_1_Stop
                0x00000000       0x14 .\CortexM0\ARM_GCC_541\Debug\Interrupt_Priority.a(isr_1.o)
 .text.isr_1_SetPending
                0x00000000       0x10 .\CortexM0\ARM_GCC_541\Debug\Interrupt_Priority.a(isr_1.o)
 .text.isr_1_ClearPending
                0x00000000       0x10 .\CortexM0\ARM_GCC_541\Debug\Interrupt_Priority.a(isr_1.o)
 .text          0x00000000        0x0 .\CortexM0\ARM_GCC_541\Debug\Interrupt_Priority.a(isr_2.o)
 .data          0x00000000        0x0 .\CortexM0\ARM_GCC_541\Debug\Interrupt_Priority.a(isr_2.o)
 .bss           0x00000000        0x0 .\CortexM0\ARM_GCC_541\Debug\Interrupt_Priority.a(isr_2.o)
 .text.isr_2_Interrupt
                0x00000000        0x4 .\CortexM0\ARM_GCC_541\Debug\Interrupt_Priority.a(isr_2.o)
 .text.isr_2_GetVector
                0x00000000        0xc .\CortexM0\ARM_GCC_541\Debug\Interrupt_Priority.a(isr_2.o)
 .text.isr_2_GetPriority
                0x00000000        0xc .\CortexM0\ARM_GCC_541\Debug\Interrupt_Priority.a(isr_2.o)
 .text.isr_2_GetState
                0x00000000       0x14 .\CortexM0\ARM_GCC_541\Debug\Interrupt_Priority.a(isr_2.o)
 .text.isr_2_Start
                0x00000000       0x1c .\CortexM0\ARM_GCC_541\Debug\Interrupt_Priority.a(isr_2.o)
 .text.isr_2_Stop
                0x00000000       0x14 .\CortexM0\ARM_GCC_541\Debug\Interrupt_Priority.a(isr_2.o)
 .text.isr_2_SetPending
                0x00000000       0x10 .\CortexM0\ARM_GCC_541\Debug\Interrupt_Priority.a(isr_2.o)
 .text.isr_2_ClearPending
                0x00000000       0x10 .\CortexM0\ARM_GCC_541\Debug\Interrupt_Priority.a(isr_2.o)
 .text          0x00000000        0x0 .\CortexM0\ARM_GCC_541\Debug\Interrupt_Priority.a(CyLib.o)
 .bss           0x00000000       0x18 .\CortexM0\ARM_GCC_541\Debug\Interrupt_Priority.a(CyLib.o)
 .text.CySysClkImoStart
                0x00000000       0x14 .\CortexM0\ARM_GCC_541\Debug\Interrupt_Priority.a(CyLib.o)
 .text.CySysClkImoStop
                0x00000000       0x18 .\CortexM0\ARM_GCC_541\Debug\Interrupt_Priority.a(CyLib.o)
 .text.CySysClkWriteHfclkDirect
                0x00000000       0x20 .\CortexM0\ARM_GCC_541\Debug\Interrupt_Priority.a(CyLib.o)
 .text.CySysEnablePumpClock
                0x00000000       0x38 .\CortexM0\ARM_GCC_541\Debug\Interrupt_Priority.a(CyLib.o)
 .text.CySysClkGetSysclkSource
                0x00000000       0x1c .\CortexM0\ARM_GCC_541\Debug\Interrupt_Priority.a(CyLib.o)
 .text.CySysClkWriteSysclkDiv
                0x00000000       0x30 .\CortexM0\ARM_GCC_541\Debug\Interrupt_Priority.a(CyLib.o)
 .text.CySysLvdDisable
                0x00000000       0x20 .\CortexM0\ARM_GCC_541\Debug\Interrupt_Priority.a(CyLib.o)
 .text.CySysLvdGetInterruptSource
                0x00000000       0x10 .\CortexM0\ARM_GCC_541\Debug\Interrupt_Priority.a(CyLib.o)
 .text.CySysLvdClearInterrupt
                0x00000000        0xc .\CortexM0\ARM_GCC_541\Debug\Interrupt_Priority.a(CyLib.o)
 .text.CySysGetResetReason
                0x00000000       0x14 .\CortexM0\ARM_GCC_541\Debug\Interrupt_Priority.a(CyLib.o)
 .text.CyDisableInts
                0x00000000       0x10 .\CortexM0\ARM_GCC_541\Debug\Interrupt_Priority.a(CyLib.o)
 .text.CyEnableInts
                0x00000000        0xc .\CortexM0\ARM_GCC_541\Debug\Interrupt_Priority.a(CyLib.o)
 .text.CyIntGetState
                0x00000000       0x18 .\CortexM0\ARM_GCC_541\Debug\Interrupt_Priority.a(CyLib.o)
 .text.CyIntDisable
                0x00000000       0x14 .\CortexM0\ARM_GCC_541\Debug\Interrupt_Priority.a(CyLib.o)
 .text.CyIntSetPending
                0x00000000       0x14 .\CortexM0\ARM_GCC_541\Debug\Interrupt_Priority.a(CyLib.o)
 .text.CyIntClearPending
                0x00000000       0x14 .\CortexM0\ARM_GCC_541\Debug\Interrupt_Priority.a(CyLib.o)
 .text.CyIntSetSysVector
                0x00000000       0x20 .\CortexM0\ARM_GCC_541\Debug\Interrupt_Priority.a(CyLib.o)
 .text.CyIntGetSysVector
                0x00000000       0x1c .\CortexM0\ARM_GCC_541\Debug\Interrupt_Priority.a(CyLib.o)
 .text.CyIntGetVector
                0x00000000       0x20 .\CortexM0\ARM_GCC_541\Debug\Interrupt_Priority.a(CyLib.o)
 .text.CyIntSetPriority
                0x00000000       0x4c .\CortexM0\ARM_GCC_541\Debug\Interrupt_Priority.a(CyLib.o)
 .text.CyIntGetPriority
                0x00000000       0x2c .\CortexM0\ARM_GCC_541\Debug\Interrupt_Priority.a(CyLib.o)
 .text.CySoftwareReset
                0x00000000       0x18 .\CortexM0\ARM_GCC_541\Debug\Interrupt_Priority.a(CyLib.o)
 .text.CyDelayUs
                0x00000000       0x14 .\CortexM0\ARM_GCC_541\Debug\Interrupt_Priority.a(CyLib.o)
 .text.CySysLvdEnable
                0x00000000       0x44 .\CortexM0\ARM_GCC_541\Debug\Interrupt_Priority.a(CyLib.o)
 .text.CyDelayFreq
                0x00000000       0x4c .\CortexM0\ARM_GCC_541\Debug\Interrupt_Priority.a(CyLib.o)
 .text.CySysTickStop
                0x00000000       0x10 .\CortexM0\ARM_GCC_541\Debug\Interrupt_Priority.a(CyLib.o)
 .text.CySysTickEnableInterrupt
                0x00000000       0x10 .\CortexM0\ARM_GCC_541\Debug\Interrupt_Priority.a(CyLib.o)
 .text.CySysTickEnable
                0x00000000       0x18 .\CortexM0\ARM_GCC_541\Debug\Interrupt_Priority.a(CyLib.o)
 .text.CySysTickDisableInterrupt
                0x00000000       0x10 .\CortexM0\ARM_GCC_541\Debug\Interrupt_Priority.a(CyLib.o)
 .text.CySysTickSetReload
                0x00000000       0x10 .\CortexM0\ARM_GCC_541\Debug\Interrupt_Priority.a(CyLib.o)
 .text.CySysTickGetReload
                0x00000000       0x10 .\CortexM0\ARM_GCC_541\Debug\Interrupt_Priority.a(CyLib.o)
 .text.CySysTickGetValue
                0x00000000       0x10 .\CortexM0\ARM_GCC_541\Debug\Interrupt_Priority.a(CyLib.o)
 .text.CySysTickSetClockSource
                0x00000000       0x20 .\CortexM0\ARM_GCC_541\Debug\Interrupt_Priority.a(CyLib.o)
 .text.CySysTickGetClockSource
                0x00000000       0x10 .\CortexM0\ARM_GCC_541\Debug\Interrupt_Priority.a(CyLib.o)
 .text.CySysTickGetCountFlag
                0x00000000       0x10 .\CortexM0\ARM_GCC_541\Debug\Interrupt_Priority.a(CyLib.o)
 .text.CySysTickServiceCallbacks
                0x00000000       0x28 .\CortexM0\ARM_GCC_541\Debug\Interrupt_Priority.a(CyLib.o)
 .text.CySysTickClear
                0x00000000        0xc .\CortexM0\ARM_GCC_541\Debug\Interrupt_Priority.a(CyLib.o)
 .text.CySysTickInit
                0x00000000       0x44 .\CortexM0\ARM_GCC_541\Debug\Interrupt_Priority.a(CyLib.o)
 .text.CySysTickStart
                0x00000000       0x20 .\CortexM0\ARM_GCC_541\Debug\Interrupt_Priority.a(CyLib.o)
 .text.CySysTickSetCallback
                0x00000000       0x10 .\CortexM0\ARM_GCC_541\Debug\Interrupt_Priority.a(CyLib.o)
 .text.CySysTickGetCallback
                0x00000000        0xc .\CortexM0\ARM_GCC_541\Debug\Interrupt_Priority.a(CyLib.o)
 .text.CyGetUniqueId
                0x00000000       0x70 .\CortexM0\ARM_GCC_541\Debug\Interrupt_Priority.a(CyLib.o)
 .text.CySysSetRamAccessArbPriority
                0x00000000       0x20 .\CortexM0\ARM_GCC_541\Debug\Interrupt_Priority.a(CyLib.o)
 .text.CySysSetFlashAccessArbPriority
                0x00000000       0x20 .\CortexM0\ARM_GCC_541\Debug\Interrupt_Priority.a(CyLib.o)
 .text.CySysSetDmacAccessArbPriority
                0x00000000       0x20 .\CortexM0\ARM_GCC_541\Debug\Interrupt_Priority.a(CyLib.o)
 .text.CySysSetPeripheralAccessArbPriority
                0x00000000       0x68 .\CortexM0\ARM_GCC_541\Debug\Interrupt_Priority.a(CyLib.o)
 .text          0x00000000        0x0 .\CortexM0\ARM_GCC_541\Debug\Interrupt_Priority.a(CyLFClk.o)
 .text.CySysClkIloEnabled
                0x00000000       0x14 .\CortexM0\ARM_GCC_541\Debug\Interrupt_Priority.a(CyLFClk.o)
 .text.CySysClkGetLfclkSource
                0x00000000       0x10 .\CortexM0\ARM_GCC_541\Debug\Interrupt_Priority.a(CyLFClk.o)
 .text.CySysClkIloStart
                0x00000000       0x14 .\CortexM0\ARM_GCC_541\Debug\Interrupt_Priority.a(CyLFClk.o)
 .text.CySysClkIloStartMeasurement
                0x00000000       0x5c .\CortexM0\ARM_GCC_541\Debug\Interrupt_Priority.a(CyLFClk.o)
 .text.CySysClkIloStopMeasurement
                0x00000000       0x14 .\CortexM0\ARM_GCC_541\Debug\Interrupt_Priority.a(CyLFClk.o)
 .text.CySysClkIloCompensate
                0x00000000      0x104 .\CortexM0\ARM_GCC_541\Debug\Interrupt_Priority.a(CyLFClk.o)
 .text.CySysClkIloUpdateTrimReg
                0x00000000       0xa8 .\CortexM0\ARM_GCC_541\Debug\Interrupt_Priority.a(CyLFClk.o)
 .text.CySysClkIloTrim
                0x00000000       0xd8 .\CortexM0\ARM_GCC_541\Debug\Interrupt_Priority.a(CyLFClk.o)
 .text.CySysClkIloRestoreFactoryTrim
                0x00000000       0x30 .\CortexM0\ARM_GCC_541\Debug\Interrupt_Priority.a(CyLFClk.o)
 .text.CySysClkWcoStart
                0x00000000       0x40 .\CortexM0\ARM_GCC_541\Debug\Interrupt_Priority.a(CyLFClk.o)
 .text.CySysClkWcoSetPowerMode
                0x00000000       0x4c .\CortexM0\ARM_GCC_541\Debug\Interrupt_Priority.a(CyLFClk.o)
 .text.CySysClkWcoClockOutSelect
                0x00000000       0x2c .\CortexM0\ARM_GCC_541\Debug\Interrupt_Priority.a(CyLFClk.o)
 .text.CySysWdtGetEnabledStatus
                0x00000000       0x24 .\CortexM0\ARM_GCC_541\Debug\Interrupt_Priority.a(CyLFClk.o)
 .text.CySysWdtSetMode
                0x00000000       0x38 .\CortexM0\ARM_GCC_541\Debug\Interrupt_Priority.a(CyLFClk.o)
 .text.CySysClkLfclkPosedgeRestore
                0x00000000       0x2c .\CortexM0\ARM_GCC_541\Debug\Interrupt_Priority.a(CyLFClk.o)
 .text.CySysWdtGetMode
                0x00000000       0x14 .\CortexM0\ARM_GCC_541\Debug\Interrupt_Priority.a(CyLFClk.o)
 .text.CySysWdtSetClearOnMatch
                0x00000000       0x34 .\CortexM0\ARM_GCC_541\Debug\Interrupt_Priority.a(CyLFClk.o)
 .text.CySysWdtGetClearOnMatch
                0x00000000       0x24 .\CortexM0\ARM_GCC_541\Debug\Interrupt_Priority.a(CyLFClk.o)
 .text.CySysWdtEnable
                0x00000000       0x3c .\CortexM0\ARM_GCC_541\Debug\Interrupt_Priority.a(CyLFClk.o)
 .text.CySysWdtDisable
                0x00000000       0x44 .\CortexM0\ARM_GCC_541\Debug\Interrupt_Priority.a(CyLFClk.o)
 .text.CySysWdtSetCascade
                0x00000000       0x34 .\CortexM0\ARM_GCC_541\Debug\Interrupt_Priority.a(CyLFClk.o)
 .text.CySysWdtGetCascade
                0x00000000       0x14 .\CortexM0\ARM_GCC_541\Debug\Interrupt_Priority.a(CyLFClk.o)
 .text.CySysWdtSetMatch
                0x00000000       0x54 .\CortexM0\ARM_GCC_541\Debug\Interrupt_Priority.a(CyLFClk.o)
 .text.CySysWdtSetToggleBit
                0x00000000       0x30 .\CortexM0\ARM_GCC_541\Debug\Interrupt_Priority.a(CyLFClk.o)
 .text.CySysWdtGetToggleBit
                0x00000000       0x10 .\CortexM0\ARM_GCC_541\Debug\Interrupt_Priority.a(CyLFClk.o)
 .text.CySysWdtGetMatch
                0x00000000       0x20 .\CortexM0\ARM_GCC_541\Debug\Interrupt_Priority.a(CyLFClk.o)
 .text.CySysWdtGetCount
                0x00000000       0x3c .\CortexM0\ARM_GCC_541\Debug\Interrupt_Priority.a(CyLFClk.o)
 .text.CySysClkLfclkPosedgeCatch
                0x00000000       0x74 .\CortexM0\ARM_GCC_541\Debug\Interrupt_Priority.a(CyLFClk.o)
 .text.CySysClkIloStop
                0x00000000       0x4c .\CortexM0\ARM_GCC_541\Debug\Interrupt_Priority.a(CyLFClk.o)
 .text.CySysClkSetLfclkSource
                0x00000000       0x38 .\CortexM0\ARM_GCC_541\Debug\Interrupt_Priority.a(CyLFClk.o)
 .text.CySysClkWcoStop
                0x00000000       0x48 .\CortexM0\ARM_GCC_541\Debug\Interrupt_Priority.a(CyLFClk.o)
 .text.CySysWdtGetInterruptSource
                0x00000000       0x14 .\CortexM0\ARM_GCC_541\Debug\Interrupt_Priority.a(CyLFClk.o)
 .text.CySysWdtResetCounters
                0x00000000       0x20 .\CortexM0\ARM_GCC_541\Debug\Interrupt_Priority.a(CyLFClk.o)
 .text.CySysWdtSetInterruptCallback
                0x00000000       0x20 .\CortexM0\ARM_GCC_541\Debug\Interrupt_Priority.a(CyLFClk.o)
 .text.CySysWdtGetInterruptCallback
                0x00000000       0x20 .\CortexM0\ARM_GCC_541\Debug\Interrupt_Priority.a(CyLFClk.o)
 .text.CySysWdtEnableCounterIsr
                0x00000000       0x34 .\CortexM0\ARM_GCC_541\Debug\Interrupt_Priority.a(CyLFClk.o)
 .text.CySysWdtDisableCounterIsr
                0x00000000       0x28 .\CortexM0\ARM_GCC_541\Debug\Interrupt_Priority.a(CyLFClk.o)
 .text.CySysWatchdogFeed
                0x00000000       0x60 .\CortexM0\ARM_GCC_541\Debug\Interrupt_Priority.a(CyLFClk.o)
 .text.CySysTimerDelayUntilMatch
                0x00000000       0x6c .\CortexM0\ARM_GCC_541\Debug\Interrupt_Priority.a(CyLFClk.o)
 .text.CySysTimerDelay
                0x00000000       0x3c .\CortexM0\ARM_GCC_541\Debug\Interrupt_Priority.a(CyLFClk.o)
 .rodata        0x00000000        0xc .\CortexM0\ARM_GCC_541\Debug\Interrupt_Priority.a(CyLFClk.o)
 .data          0x00000000        0x0 .\CortexM0\ARM_GCC_541\Debug\Interrupt_Priority.a(CyBootAsmGnu.o)
 .bss           0x00000000        0x0 .\CortexM0\ARM_GCC_541\Debug\Interrupt_Priority.a(CyBootAsmGnu.o)
 .text          0x00000000        0x0 .\CortexM0\ARM_GCC_541\Debug\Interrupt_Priority.a(CyFlash.o)
 .data          0x00000000        0x0 .\CortexM0\ARM_GCC_541\Debug\Interrupt_Priority.a(CyFlash.o)
 .bss           0x00000000        0x0 .\CortexM0\ARM_GCC_541\Debug\Interrupt_Priority.a(CyFlash.o)
 .text.CySysFlashClockBackup
                0x00000000        0x4 .\CortexM0\ARM_GCC_541\Debug\Interrupt_Priority.a(CyFlash.o)
 .text.CySysFlashClockRestore
                0x00000000        0x4 .\CortexM0\ARM_GCC_541\Debug\Interrupt_Priority.a(CyFlash.o)
 .text.CySysFlashWriteRow
                0x00000000      0x124 .\CortexM0\ARM_GCC_541\Debug\Interrupt_Priority.a(CyFlash.o)
 .text.CySysSFlashWriteUserRow
                0x00000000      0x110 .\CortexM0\ARM_GCC_541\Debug\Interrupt_Priority.a(CyFlash.o)
 .text          0x00000000      0x114 c:/program files (x86)/cypress/psoc creator/4.1/psoc creator/import/gnu/arm/5.4.1/bin/../lib/gcc/arm-none-eabi/5.4.1/armv6-m\libgcc.a(_udivsi3.o)
 .data          0x00000000        0x0 c:/program files (x86)/cypress/psoc creator/4.1/psoc creator/import/gnu/arm/5.4.1/bin/../lib/gcc/arm-none-eabi/5.4.1/armv6-m\libgcc.a(_udivsi3.o)
 .bss           0x00000000        0x0 c:/program files (x86)/cypress/psoc creator/4.1/psoc creator/import/gnu/arm/5.4.1/bin/../lib/gcc/arm-none-eabi/5.4.1/armv6-m\libgcc.a(_udivsi3.o)
 .text          0x00000000      0x1d4 c:/program files (x86)/cypress/psoc creator/4.1/psoc creator/import/gnu/arm/5.4.1/bin/../lib/gcc/arm-none-eabi/5.4.1/armv6-m\libgcc.a(_divsi3.o)
 .data          0x00000000        0x0 c:/program files (x86)/cypress/psoc creator/4.1/psoc creator/import/gnu/arm/5.4.1/bin/../lib/gcc/arm-none-eabi/5.4.1/armv6-m\libgcc.a(_divsi3.o)
 .bss           0x00000000        0x0 c:/program files (x86)/cypress/psoc creator/4.1/psoc creator/import/gnu/arm/5.4.1/bin/../lib/gcc/arm-none-eabi/5.4.1/armv6-m\libgcc.a(_divsi3.o)
 .text          0x00000000        0x4 c:/program files (x86)/cypress/psoc creator/4.1/psoc creator/import/gnu/arm/5.4.1/bin/../lib/gcc/arm-none-eabi/5.4.1/armv6-m\libgcc.a(_dvmd_tls.o)
 .data          0x00000000        0x0 c:/program files (x86)/cypress/psoc creator/4.1/psoc creator/import/gnu/arm/5.4.1/bin/../lib/gcc/arm-none-eabi/5.4.1/armv6-m\libgcc.a(_dvmd_tls.o)
 .bss           0x00000000        0x0 c:/program files (x86)/cypress/psoc creator/4.1/psoc creator/import/gnu/arm/5.4.1/bin/../lib/gcc/arm-none-eabi/5.4.1/armv6-m\libgcc.a(_dvmd_tls.o)
 .text          0x00000000        0x0 c:/program files (x86)/cypress/psoc creator/4.1/psoc creator/import/gnu/arm/5.4.1/bin/../lib/gcc/arm-none-eabi/5.4.1/../../../../arm-none-eabi/lib/armv6-m\libg_nano.a(lib_a-errno.o)
 .data          0x00000000        0x0 c:/program files (x86)/cypress/psoc creator/4.1/psoc creator/import/gnu/arm/5.4.1/bin/../lib/gcc/arm-none-eabi/5.4.1/../../../../arm-none-eabi/lib/armv6-m\libg_nano.a(lib_a-errno.o)
 .bss           0x00000000        0x0 c:/program files (x86)/cypress/psoc creator/4.1/psoc creator/import/gnu/arm/5.4.1/bin/../lib/gcc/arm-none-eabi/5.4.1/../../../../arm-none-eabi/lib/armv6-m\libg_nano.a(lib_a-errno.o)
 .text          0x00000000        0x0 c:/program files (x86)/cypress/psoc creator/4.1/psoc creator/import/gnu/arm/5.4.1/bin/../lib/gcc/arm-none-eabi/5.4.1/../../../../arm-none-eabi/lib/armv6-m\libg_nano.a(lib_a-exit.o)
 .data          0x00000000        0x0 c:/program files (x86)/cypress/psoc creator/4.1/psoc creator/import/gnu/arm/5.4.1/bin/../lib/gcc/arm-none-eabi/5.4.1/../../../../arm-none-eabi/lib/armv6-m\libg_nano.a(lib_a-exit.o)
 .bss           0x00000000        0x0 c:/program files (x86)/cypress/psoc creator/4.1/psoc creator/import/gnu/arm/5.4.1/bin/../lib/gcc/arm-none-eabi/5.4.1/../../../../arm-none-eabi/lib/armv6-m\libg_nano.a(lib_a-exit.o)
 .text.exit     0x00000000       0x2c c:/program files (x86)/cypress/psoc creator/4.1/psoc creator/import/gnu/arm/5.4.1/bin/../lib/gcc/arm-none-eabi/5.4.1/../../../../arm-none-eabi/lib/armv6-m\libg_nano.a(lib_a-exit.o)
 .text          0x00000000        0x0 c:/program files (x86)/cypress/psoc creator/4.1/psoc creator/import/gnu/arm/5.4.1/bin/../lib/gcc/arm-none-eabi/5.4.1/../../../../arm-none-eabi/lib/armv6-m\libg_nano.a(lib_a-impure.o)
 .data          0x00000000        0x0 c:/program files (x86)/cypress/psoc creator/4.1/psoc creator/import/gnu/arm/5.4.1/bin/../lib/gcc/arm-none-eabi/5.4.1/../../../../arm-none-eabi/lib/armv6-m\libg_nano.a(lib_a-impure.o)
 .bss           0x00000000        0x0 c:/program files (x86)/cypress/psoc creator/4.1/psoc creator/import/gnu/arm/5.4.1/bin/../lib/gcc/arm-none-eabi/5.4.1/../../../../arm-none-eabi/lib/armv6-m\libg_nano.a(lib_a-impure.o)
 .rodata._global_impure_ptr
                0x00000000        0x4 c:/program files (x86)/cypress/psoc creator/4.1/psoc creator/import/gnu/arm/5.4.1/bin/../lib/gcc/arm-none-eabi/5.4.1/../../../../arm-none-eabi/lib/armv6-m\libg_nano.a(lib_a-impure.o)
 .text          0x00000000        0x0 c:/program files (x86)/cypress/psoc creator/4.1/psoc creator/import/gnu/arm/5.4.1/bin/../lib/gcc/arm-none-eabi/5.4.1/../../../../arm-none-eabi/lib/armv6-m\libg_nano.a(lib_a-init.o)
 .data          0x00000000        0x0 c:/program files (x86)/cypress/psoc creator/4.1/psoc creator/import/gnu/arm/5.4.1/bin/../lib/gcc/arm-none-eabi/5.4.1/../../../../arm-none-eabi/lib/armv6-m\libg_nano.a(lib_a-init.o)
 .bss           0x00000000        0x0 c:/program files (x86)/cypress/psoc creator/4.1/psoc creator/import/gnu/arm/5.4.1/bin/../lib/gcc/arm-none-eabi/5.4.1/../../../../arm-none-eabi/lib/armv6-m\libg_nano.a(lib_a-init.o)
 .text          0x00000000        0x0 c:/program files (x86)/cypress/psoc creator/4.1/psoc creator/import/gnu/arm/5.4.1/bin/../lib/gcc/arm-none-eabi/5.4.1/../../../../arm-none-eabi/lib/armv6-m\libg_nano.a(lib_a-memcpy-stub.o)
 .data          0x00000000        0x0 c:/program files (x86)/cypress/psoc creator/4.1/psoc creator/import/gnu/arm/5.4.1/bin/../lib/gcc/arm-none-eabi/5.4.1/../../../../arm-none-eabi/lib/armv6-m\libg_nano.a(lib_a-memcpy-stub.o)
 .bss           0x00000000        0x0 c:/program files (x86)/cypress/psoc creator/4.1/psoc creator/import/gnu/arm/5.4.1/bin/../lib/gcc/arm-none-eabi/5.4.1/../../../../arm-none-eabi/lib/armv6-m\libg_nano.a(lib_a-memcpy-stub.o)
 .text.memcpy   0x00000000       0x12 c:/program files (x86)/cypress/psoc creator/4.1/psoc creator/import/gnu/arm/5.4.1/bin/../lib/gcc/arm-none-eabi/5.4.1/../../../../arm-none-eabi/lib/armv6-m\libg_nano.a(lib_a-memcpy-stub.o)
 .text          0x00000000        0x0 c:/program files (x86)/cypress/psoc creator/4.1/psoc creator/import/gnu/arm/5.4.1/bin/../lib/gcc/arm-none-eabi/5.4.1/../../../../arm-none-eabi/lib/armv6-m\libg_nano.a(lib_a-memset.o)
 .data          0x00000000        0x0 c:/program files (x86)/cypress/psoc creator/4.1/psoc creator/import/gnu/arm/5.4.1/bin/../lib/gcc/arm-none-eabi/5.4.1/../../../../arm-none-eabi/lib/armv6-m\libg_nano.a(lib_a-memset.o)
 .bss           0x00000000        0x0 c:/program files (x86)/cypress/psoc creator/4.1/psoc creator/import/gnu/arm/5.4.1/bin/../lib/gcc/arm-none-eabi/5.4.1/../../../../arm-none-eabi/lib/armv6-m\libg_nano.a(lib_a-memset.o)
 .text          0x00000000        0x0 c:/program files (x86)/cypress/psoc creator/4.1/psoc creator/import/gnu/arm/5.4.1/bin/../lib/gcc/arm-none-eabi/5.4.1/armv6-m/crtend.o
 .data          0x00000000        0x0 c:/program files (x86)/cypress/psoc creator/4.1/psoc creator/import/gnu/arm/5.4.1/bin/../lib/gcc/arm-none-eabi/5.4.1/armv6-m/crtend.o
 .bss           0x00000000        0x0 c:/program files (x86)/cypress/psoc creator/4.1/psoc creator/import/gnu/arm/5.4.1/bin/../lib/gcc/arm-none-eabi/5.4.1/armv6-m/crtend.o
 .text          0x00000000        0x0 c:/program files (x86)/cypress/psoc creator/4.1/psoc creator/import/gnu/arm/5.4.1/bin/../lib/gcc/arm-none-eabi/5.4.1/armv6-m/crtn.o
 .data          0x00000000        0x0 c:/program files (x86)/cypress/psoc creator/4.1/psoc creator/import/gnu/arm/5.4.1/bin/../lib/gcc/arm-none-eabi/5.4.1/armv6-m/crtn.o
 .bss           0x00000000        0x0 c:/program files (x86)/cypress/psoc creator/4.1/psoc creator/import/gnu/arm/5.4.1/bin/../lib/gcc/arm-none-eabi/5.4.1/armv6-m/crtn.o

Memory Configuration

Name             Origin             Length             Attributes
rom              0x00000000         0x00020000         xr
ram              0x20000000         0x00004000         xrw
*default*        0x00000000         0xffffffff

Linker script and memory map

LOAD c:/program files (x86)/cypress/psoc creator/4.1/psoc creator/import/gnu/arm/5.4.1/bin/../lib/gcc/arm-none-eabi/5.4.1/armv6-m/crti.o
LOAD c:/program files (x86)/cypress/psoc creator/4.1/psoc creator/import/gnu/arm/5.4.1/bin/../lib/gcc/arm-none-eabi/5.4.1/armv6-m/crtbegin.o
LOAD c:/program files (x86)/cypress/psoc creator/4.1/psoc creator/import/gnu/arm/5.4.1/bin/../lib/gcc/arm-none-eabi/5.4.1/../../../../arm-none-eabi/lib/armv6-m/crt0.o
START GROUP
LOAD .\CortexM0\ARM_GCC_541\Debug\main.o
LOAD .\CortexM0\ARM_GCC_541\Debug\cyfitter_cfg.o
LOAD .\CortexM0\ARM_GCC_541\Debug\cymetadata.o
LOAD .\CortexM0\ARM_GCC_541\Debug\Cm0Start.o
LOAD .\CortexM0\ARM_GCC_541\Debug\Interrupt_Priority.a
LOAD C:\Program Files (x86)\Cypress\PSoC Creator\4.1\PSoC Creator\psoc\content\cycomponentlibrary\CyComponentLibrary.cylib\CortexM0\ARM_GCC_541\Debug\CyComponentLibrary.a
END GROUP
START GROUP
LOAD c:/program files (x86)/cypress/psoc creator/4.1/psoc creator/import/gnu/arm/5.4.1/bin/../lib/gcc/arm-none-eabi/5.4.1/armv6-m\libgcc.a
LOAD c:/program files (x86)/cypress/psoc creator/4.1/psoc creator/import/gnu/arm/5.4.1/bin/../lib/gcc/arm-none-eabi/5.4.1/../../../../arm-none-eabi/lib/armv6-m\libg_nano.a
LOAD c:/program files (x86)/cypress/psoc creator/4.1/psoc creator/import/gnu/arm/5.4.1/bin/../lib/gcc/arm-none-eabi/5.4.1/../../../../arm-none-eabi/lib/armv6-m\libc_nano.a
END GROUP
START GROUP
LOAD c:/program files (x86)/cypress/psoc creator/4.1/psoc creator/import/gnu/arm/5.4.1/bin/../lib/gcc/arm-none-eabi/5.4.1/armv6-m\libgcc.a
LOAD c:/program files (x86)/cypress/psoc creator/4.1/psoc creator/import/gnu/arm/5.4.1/bin/../lib/gcc/arm-none-eabi/5.4.1/../../../../arm-none-eabi/lib/armv6-m\libc_nano.a
END GROUP
LOAD c:/program files (x86)/cypress/psoc creator/4.1/psoc creator/import/gnu/arm/5.4.1/bin/../lib/gcc/arm-none-eabi/5.4.1/armv6-m/crtend.o
LOAD c:/program files (x86)/cypress/psoc creator/4.1/psoc creator/import/gnu/arm/5.4.1/bin/../lib/gcc/arm-none-eabi/5.4.1/armv6-m/crtn.o
START GROUP
LOAD c:/program files (x86)/cypress/psoc creator/4.1/psoc creator/import/gnu/arm/5.4.1/bin/../lib/gcc/arm-none-eabi/5.4.1/armv6-m\libgcc.a
LOAD c:/program files (x86)/cypress/psoc creator/4.1/psoc creator/import/gnu/arm/5.4.1/bin/../lib/gcc/arm-none-eabi/5.4.1/../../../../arm-none-eabi/lib/armv6-m\libc.a
LOAD c:/program files (x86)/cypress/psoc creator/4.1/psoc creator/import/gnu/arm/5.4.1/bin/../lib/gcc/arm-none-eabi/5.4.1/../../../../arm-none-eabi/lib/armv6-m\libnosys.a
END GROUP
                0x00000000                CY_APPL_ORIGIN = 0x0
                0x00000080                CY_FLASH_ROW_SIZE = 0x80
                0x00000001                CY_APPL_NUM = 0x1
                0x00000001                CY_APPL_MAX = 0x1
                0x00000040                CY_METADATA_SIZE = 0x40
                0x00000000                CY_APPL_LOADABLE = 0x0
                0x00000000                CY_CHECKSUM_EXCLUDE_SIZE = ALIGN (0x0, CY_FLASH_ROW_SIZE)
                0x00000000                CY_APP_FOR_STACK_AND_COPIER = 0x0
                [!provide]                PROVIDE (__cy_heap_start, _end)
                0x00000001                PROVIDE (__cy_region_num, ((__cy_regions_end - __cy_regions) / 0x10))
                0x20004000                PROVIDE (__cy_stack, (ORIGIN (ram) + LENGTH (ram)))
                [!provide]                PROVIDE (__cy_heap_end, (__cy_stack - 0x800))

.cybootloader   0x00000000        0x0
 *(.cybootloader)
                0x00000000                appl1_start = CY_APPL_ORIGIN?CY_APPL_ORIGIN:ALIGN (CY_FLASH_ROW_SIZE)
                0x0000ff80                appl2_start = (appl1_start + ALIGN ((((LENGTH (rom) - appl1_start) - (0x2 * CY_FLASH_ROW_SIZE)) / 0x2), CY_FLASH_ROW_SIZE))
                0x00000000                appl_start = (CY_APPL_NUM == 0x1)?appl1_start:appl2_start
                0x00000001                cy_project_type_bootloader = (appl_start == 0x0)?0x1:0x0
                0x00000000                cy_project_type_app_for_stack_and_copier = (CY_APP_FOR_STACK_AND_COPIER == 0x1)?0x1:0x0

.text           0x00000000      0x9c4
 CREATE_OBJECT_SYMBOLS
                0x00000000                PROVIDE (__cy_interrupt_vector, RomVectors)
 *(.romvectors)
 .romvectors    0x00000000       0x10 .\CortexM0\ARM_GCC_541\Debug\Cm0Start.o
                0x00000000                RomVectors
                0x00000001                ASSERT ((. != __cy_interrupt_vector), No interrupt vector)
                0x00000001                ASSERT (CY_APPL_ORIGIN?(SIZEOF (.cybootloader) <= CY_APPL_ORIGIN):0x1, Wrong image location)
                0x00000010                PROVIDE (__cy_reset, Reset)
 *(.text.Reset)
 .text.Reset    0x00000010        0x8 .\CortexM0\ARM_GCC_541\Debug\Cm0Start.o
                0x00000010                Reset
                0x00000001                ASSERT ((. != __cy_reset), No reset code)
 *(.psocinit)
 .psocinit      0x00000018      0x13c .\CortexM0\ARM_GCC_541\Debug\cyfitter_cfg.o
                0x000000b0                cyfitter_cfg
                0x00000154                . = MAX (., 0x100)
 *(.text .text.* .gnu.linkonce.t.*)
 .text          0x00000154       0x60 c:/program files (x86)/cypress/psoc creator/4.1/psoc creator/import/gnu/arm/5.4.1/bin/../lib/gcc/arm-none-eabi/5.4.1/armv6-m/crtbegin.o
 .text.Timer_1_ISR
                0x000001b4       0x20 .\CortexM0\ARM_GCC_541\Debug\main.o
                0x000001b4                Timer_1_ISR
 .text.Timer_2_ISR
                0x000001d4       0x20 .\CortexM0\ARM_GCC_541\Debug\main.o
                0x000001d4                Timer_2_ISR
 .text.main     0x000001f4       0x24 .\CortexM0\ARM_GCC_541\Debug\main.o
                0x000001f4                main
 .text.AnalogSetDefault
                0x00000218       0x20 .\CortexM0\ARM_GCC_541\Debug\cyfitter_cfg.o
 .text.CYMEMZERO
                0x00000238        0xc .\CortexM0\ARM_GCC_541\Debug\cyfitter_cfg.o
 .text.IntDefaultHandler
                0x00000244       0x10 .\CortexM0\ARM_GCC_541\Debug\Cm0Start.o
                0x00000244                IntDefaultHandler
 .text.Start_c  0x00000254       0x48 .\CortexM0\ARM_GCC_541\Debug\Cm0Start.o
                0x00000254                Start_c
 .text.initialize_psoc
                0x0000029c       0x4c .\CortexM0\ARM_GCC_541\Debug\Cm0Start.o
                0x0000029c                initialize_psoc
 .text.RED_LED_Write
                0x000002e8       0x18 .\CortexM0\ARM_GCC_541\Debug\Interrupt_Priority.a(RED_LED.o)
                0x000002e8                RED_LED_Write
 .text.GREEN_LED_Write
                0x00000300       0x18 .\CortexM0\ARM_GCC_541\Debug\Interrupt_Priority.a(GREEN_LED.o)
                0x00000300                GREEN_LED_Write
 .text.Timer_1_WriteCounter
                0x00000318       0x10 .\CortexM0\ARM_GCC_541\Debug\Interrupt_Priority.a(Timer_1.o)
                0x00000318                Timer_1_WriteCounter
 .text.Timer_1_WritePeriod
                0x00000328       0x10 .\CortexM0\ARM_GCC_541\Debug\Interrupt_Priority.a(Timer_1.o)
                0x00000328                Timer_1_WritePeriod
 .text.Timer_1_TriggerCommand
                0x00000338       0x1c .\CortexM0\ARM_GCC_541\Debug\Interrupt_Priority.a(Timer_1.o)
                0x00000338                Timer_1_TriggerCommand
 .text.Timer_1_Enable
                0x00000354       0x24 .\CortexM0\ARM_GCC_541\Debug\Interrupt_Priority.a(Timer_1.o)
                0x00000354                Timer_1_Enable
 .text.Timer_1_SetInterruptMode
                0x00000378        0xc .\CortexM0\ARM_GCC_541\Debug\Interrupt_Priority.a(Timer_1.o)
                0x00000378                Timer_1_SetInterruptMode
 .text.Timer_1_Init
                0x00000384       0x34 .\CortexM0\ARM_GCC_541\Debug\Interrupt_Priority.a(Timer_1.o)
                0x00000384                Timer_1_Init
 .text.Timer_1_Start
                0x000003b8       0x20 .\CortexM0\ARM_GCC_541\Debug\Interrupt_Priority.a(Timer_1.o)
                0x000003b8                Timer_1_Start
 .text.Timer_1_ClearInterrupt
                0x000003d8        0xc .\CortexM0\ARM_GCC_541\Debug\Interrupt_Priority.a(Timer_1.o)
                0x000003d8                Timer_1_ClearInterrupt
 .text.Timer_2_WriteCounter
                0x000003e4       0x10 .\CortexM0\ARM_GCC_541\Debug\Interrupt_Priority.a(Timer_2.o)
                0x000003e4                Timer_2_WriteCounter
 .text.Timer_2_WritePeriod
                0x000003f4       0x10 .\CortexM0\ARM_GCC_541\Debug\Interrupt_Priority.a(Timer_2.o)
                0x000003f4                Timer_2_WritePeriod
 .text.Timer_2_TriggerCommand
                0x00000404       0x1c .\CortexM0\ARM_GCC_541\Debug\Interrupt_Priority.a(Timer_2.o)
                0x00000404                Timer_2_TriggerCommand
 .text.Timer_2_Enable
                0x00000420       0x24 .\CortexM0\ARM_GCC_541\Debug\Interrupt_Priority.a(Timer_2.o)
                0x00000420                Timer_2_Enable
 .text.Timer_2_SetInterruptMode
                0x00000444        0xc .\CortexM0\ARM_GCC_541\Debug\Interrupt_Priority.a(Timer_2.o)
                0x00000444                Timer_2_SetInterruptMode
 .text.Timer_2_Init
                0x00000450       0x34 .\CortexM0\ARM_GCC_541\Debug\Interrupt_Priority.a(Timer_2.o)
                0x00000450                Timer_2_Init
 .text.Timer_2_Start
                0x00000484       0x20 .\CortexM0\ARM_GCC_541\Debug\Interrupt_Priority.a(Timer_2.o)
                0x00000484                Timer_2_Start
 .text.Timer_2_ClearInterrupt
                0x000004a4        0xc .\CortexM0\ARM_GCC_541\Debug\Interrupt_Priority.a(Timer_2.o)
                0x000004a4                Timer_2_ClearInterrupt
 .text.isr_1_SetVector
                0x000004b0        0xc .\CortexM0\ARM_GCC_541\Debug\Interrupt_Priority.a(isr_1.o)
                0x000004b0                isr_1_SetVector
 .text.isr_1_SetPriority
                0x000004bc       0x20 .\CortexM0\ARM_GCC_541\Debug\Interrupt_Priority.a(isr_1.o)
                0x000004bc                isr_1_SetPriority
 .text.isr_1_Enable
                0x000004dc       0x10 .\CortexM0\ARM_GCC_541\Debug\Interrupt_Priority.a(isr_1.o)
                0x000004dc                isr_1_Enable
 .text.isr_1_Disable
                0x000004ec       0x10 .\CortexM0\ARM_GCC_541\Debug\Interrupt_Priority.a(isr_1.o)
                0x000004ec                isr_1_Disable
 .text.isr_1_StartEx
                0x000004fc       0x1c .\CortexM0\ARM_GCC_541\Debug\Interrupt_Priority.a(isr_1.o)
                0x000004fc                isr_1_StartEx
 .text.isr_2_SetVector
                0x00000518        0xc .\CortexM0\ARM_GCC_541\Debug\Interrupt_Priority.a(isr_2.o)
                0x00000518                isr_2_SetVector
 .text.isr_2_SetPriority
                0x00000524       0x20 .\CortexM0\ARM_GCC_541\Debug\Interrupt_Priority.a(isr_2.o)
                0x00000524                isr_2_SetPriority
 .text.isr_2_Enable
                0x00000544       0x10 .\CortexM0\ARM_GCC_541\Debug\Interrupt_Priority.a(isr_2.o)
                0x00000544                isr_2_Enable
 .text.isr_2_Disable
                0x00000554       0x10 .\CortexM0\ARM_GCC_541\Debug\Interrupt_Priority.a(isr_2.o)
                0x00000554                isr_2_Disable
 .text.isr_2_StartEx
                0x00000564       0x1c .\CortexM0\ARM_GCC_541\Debug\Interrupt_Priority.a(isr_2.o)
                0x00000564                isr_2_StartEx
 .text.CySysClkImoDisableWcoLock
                0x00000580       0x14 .\CortexM0\ARM_GCC_541\Debug\Interrupt_Priority.a(CyLib.o)
                0x00000580                CySysClkImoDisableWcoLock
 .text.CySysClkImoGetWcoLock
                0x00000594       0x14 .\CortexM0\ARM_GCC_541\Debug\Interrupt_Priority.a(CyLib.o)
                0x00000594                CySysClkImoGetWcoLock
 .text.CyIntEnable
                0x000005a8       0x14 .\CortexM0\ARM_GCC_541\Debug\Interrupt_Priority.a(CyLib.o)
                0x000005a8                CyIntEnable
 .text.CyHalt   0x000005bc        0x4 .\CortexM0\ARM_GCC_541\Debug\Interrupt_Priority.a(CyLib.o)
                0x000005bc                CyHalt
 .text.CyIntSetVector
                0x000005c0       0x24 .\CortexM0\ARM_GCC_541\Debug\Interrupt_Priority.a(CyLib.o)
                0x000005c0                CyIntSetVector
 .text.CyDelay  0x000005e4       0x30 .\CortexM0\ARM_GCC_541\Debug\Interrupt_Priority.a(CyLib.o)
                0x000005e4                CyDelay
 .text.CySysClkImoEnableWcoLock
                0x00000614       0xf0 .\CortexM0\ARM_GCC_541\Debug\Interrupt_Priority.a(CyLib.o)
                0x00000614                CySysClkImoEnableWcoLock
 .text.CySysClkWriteImoFreq
                0x00000704       0x80 .\CortexM0\ARM_GCC_541\Debug\Interrupt_Priority.a(CyLib.o)
                0x00000704                CySysClkWriteImoFreq
 .text.CySysWdtLocked
                0x00000784       0x14 .\CortexM0\ARM_GCC_541\Debug\Interrupt_Priority.a(CyLFClk.o)
 .text.CySysClkWcoEnabled
                0x00000798       0x14 .\CortexM0\ARM_GCC_541\Debug\Interrupt_Priority.a(CyLFClk.o)
                0x00000798                CySysClkWcoEnabled
 .text.CySysWdtLock
                0x000007ac       0x1c .\CortexM0\ARM_GCC_541\Debug\Interrupt_Priority.a(CyLFClk.o)
                0x000007ac                CySysWdtLock
 .text.CySysWdtUnlock
                0x000007c8       0x30 .\CortexM0\ARM_GCC_541\Debug\Interrupt_Priority.a(CyLFClk.o)
                0x000007c8                CySysWdtUnlock
 .text.CySysWdtClearInterrupt
                0x000007f8       0x4c .\CortexM0\ARM_GCC_541\Debug\Interrupt_Priority.a(CyLFClk.o)
                0x000007f8                CySysWdtClearInterrupt
 .text.CySysWdtIsr
                0x00000844       0xa4 .\CortexM0\ARM_GCC_541\Debug\Interrupt_Priority.a(CyLFClk.o)
                0x00000844                CySysWdtIsr
 .text          0x000008e8       0x20 .\CortexM0\ARM_GCC_541\Debug\Interrupt_Priority.a(CyBootAsmGnu.o)
                0x000008e8                CyDelayCycles
                0x000008fa                CyEnterCriticalSection
                0x00000902                CyExitCriticalSection
 .text.CySysFlashSetWaitCycles
                0x00000908       0x54 .\CortexM0\ARM_GCC_541\Debug\Interrupt_Priority.a(CyFlash.o)
                0x00000908                CySysFlashSetWaitCycles
 .text.__errno  0x0000095c        0xc c:/program files (x86)/cypress/psoc creator/4.1/psoc creator/import/gnu/arm/5.4.1/bin/../lib/gcc/arm-none-eabi/5.4.1/../../../../arm-none-eabi/lib/armv6-m\libg_nano.a(lib_a-errno.o)
                0x0000095c                __errno
 .text.__libc_init_array
                0x00000968       0x4c c:/program files (x86)/cypress/psoc creator/4.1/psoc creator/import/gnu/arm/5.4.1/bin/../lib/gcc/arm-none-eabi/5.4.1/../../../../arm-none-eabi/lib/armv6-m\libg_nano.a(lib_a-init.o)
                0x00000968                __libc_init_array
 .text.memset   0x000009b4       0x10 c:/program files (x86)/cypress/psoc creator/4.1/psoc creator/import/gnu/arm/5.4.1/bin/../lib/gcc/arm-none-eabi/5.4.1/../../../../arm-none-eabi/lib/armv6-m\libg_nano.a(lib_a-memset.o)
                0x000009b4                memset
 *(.plt)
 *(.gnu.warning)
 *(.glue_7t)
 .glue_7t       0x000009c4        0x0 linker stubs
 *(.glue_7)
 .glue_7        0x000009c4        0x0 linker stubs
 *(.vfp11_veneer)
 .vfp11_veneer  0x000009c4        0x0 linker stubs
 *(.bootloader)
 *(.ARM.extab* .gnu.linkonce.armextab.*)
 *(.gcc_except_table)

.v4_bx          0x000009c4        0x0
 .v4_bx         0x000009c4        0x0 linker stubs

.iplt           0x000009c4        0x0
 .iplt          0x000009c4        0x0 c:/program files (x86)/cypress/psoc creator/4.1/psoc creator/import/gnu/arm/5.4.1/bin/../lib/gcc/arm-none-eabi/5.4.1/armv6-m/crtbegin.o

.eh_frame_hdr
 *(.eh_frame_hdr)

.eh_frame       0x000009c4        0x4
 *(.eh_frame)
 .eh_frame      0x000009c4        0x0 c:/program files (x86)/cypress/psoc creator/4.1/psoc creator/import/gnu/arm/5.4.1/bin/../lib/gcc/arm-none-eabi/5.4.1/armv6-m/crtbegin.o
 .eh_frame      0x000009c4        0x4 c:/program files (x86)/cypress/psoc creator/4.1/psoc creator/import/gnu/arm/5.4.1/bin/../lib/gcc/arm-none-eabi/5.4.1/armv6-m/crtend.o
                [!provide]                PROVIDE (__exidx_start, .)

.ARM.exidx
 *(.ARM.exidx* .gnu.linkonce.armexidx.*)
                0x000009c8                __exidx_end = .

.rodata         0x000009c8       0x90
 *(.rodata .rodata.* .gnu.linkonce.r.*)
 .rodata        0x000009c8        0xc .\CortexM0\ARM_GCC_541\Debug\cyfitter_cfg.o
 .rodata        0x000009d4       0x47 .\CortexM0\ARM_GCC_541\Debug\Interrupt_Priority.a(CyLib.o)
                0x000009d4                cyImoFreqMhz2Reg
                0x00000a04                cyImoFreqMhz2DpllOffset
 .rodata.str1.1
                0x00000a1b        0x2 c:/program files (x86)/cypress/psoc creator/4.1/psoc creator/import/gnu/arm/5.4.1/bin/../lib/gcc/arm-none-eabi/5.4.1/../../../../arm-none-eabi/lib/armv6-m\libg_nano.a(lib_a-impure.o)
                0x00000a20                . = ALIGN (0x4)
 *fill*         0x00000a1d        0x3 
 *(.init)
 .init          0x00000a20        0x4 c:/program files (x86)/cypress/psoc creator/4.1/psoc creator/import/gnu/arm/5.4.1/bin/../lib/gcc/arm-none-eabi/5.4.1/armv6-m/crti.o
                0x00000a20                _init
 .init          0x00000a24        0x8 c:/program files (x86)/cypress/psoc creator/4.1/psoc creator/import/gnu/arm/5.4.1/bin/../lib/gcc/arm-none-eabi/5.4.1/armv6-m/crtn.o
                0x00000a2c                . = ALIGN (0x4)
                0x00000a2c                __preinit_array_start = .
 *(.preinit_array)
                0x00000a2c                __preinit_array_end = .
                0x00000a2c                . = ALIGN (0x4)
                0x00000a2c                __init_array_start = .
 *(SORT(.init_array.*))
 *(.init_array)
 .init_array    0x00000a2c        0x4 c:/program files (x86)/cypress/psoc creator/4.1/psoc creator/import/gnu/arm/5.4.1/bin/../lib/gcc/arm-none-eabi/5.4.1/armv6-m/crtbegin.o
 .init_array    0x00000a30        0x4 .\CortexM0\ARM_GCC_541\Debug\Cm0Start.o
                0x00000a34                __init_array_end = .
                0x00000a34                . = ALIGN (0x4)
 *(.fini)
 .fini          0x00000a34        0x4 c:/program files (x86)/cypress/psoc creator/4.1/psoc creator/import/gnu/arm/5.4.1/bin/../lib/gcc/arm-none-eabi/5.4.1/armv6-m/crti.o
                0x00000a34                _fini
 .fini          0x00000a38        0x8 c:/program files (x86)/cypress/psoc creator/4.1/psoc creator/import/gnu/arm/5.4.1/bin/../lib/gcc/arm-none-eabi/5.4.1/armv6-m/crtn.o
                0x00000a40                . = ALIGN (0x4)
                0x00000a40                __fini_array_start = .
 *(.fini_array)
 .fini_array    0x00000a40        0x4 c:/program files (x86)/cypress/psoc creator/4.1/psoc creator/import/gnu/arm/5.4.1/bin/../lib/gcc/arm-none-eabi/5.4.1/armv6-m/crtbegin.o
 *(SORT(.fini_array.*))
                0x00000a44                __fini_array_end = .
                0x00000a44                . = ALIGN (0x4)
 *crtbegin.o(.ctors)
 *(EXCLUDE_FILE(*crtend.o) .ctors)
 *(SORT(.ctors.*))
 *crtend.o(.ctors)
                0x00000a44                . = ALIGN (0x4)
 *crtbegin.o(.dtors)
 *(EXCLUDE_FILE(*crtend.o) .dtors)
 *(SORT(.dtors.*))
 *crtend.o(.dtors)
                0x00000a44                . = ALIGN (0x4)
                0x00000a44                __cy_regions = .
                0x00000a44        0x4 LONG 0xa58 __cy_region_init_ram
                0x00000a48        0x4 LONG 0x200000c0 __cy_region_start_data
                0x00000a4c        0x4 LONG 0x88 __cy_region_init_size_ram
                0x00000a50        0x4 LONG 0x48 __cy_region_zero_size_ram
                0x00000a54                __cy_regions_end = .
                0x00000a58                . = ALIGN (0x8)
 *fill*         0x00000a54        0x4 
                0x00000a58                _etext = .

.cy_checksum_exclude
                0x00000a58        0x0
 *(.cy_checksum_exclude)

.ramvectors     0x20000000       0xc0
                0x20000000                __cy_region_start_ram = .
 *(.ramvectors)
 .ramvectors    0x20000000       0xc0 .\CortexM0\ARM_GCC_541\Debug\Cm0Start.o
                0x20000000                CyRamVectors

.noinit
 *(.noinit)

.data           0x200000c0       0x88 load address 0x00000a58
                0x200000c0                __cy_region_start_data = .
 *(.jcr)
 .jcr           0x200000c0        0x0 c:/program files (x86)/cypress/psoc creator/4.1/psoc creator/import/gnu/arm/5.4.1/bin/../lib/gcc/arm-none-eabi/5.4.1/armv6-m/crtbegin.o
 .jcr           0x200000c0        0x4 c:/program files (x86)/cypress/psoc creator/4.1/psoc creator/import/gnu/arm/5.4.1/bin/../lib/gcc/arm-none-eabi/5.4.1/armv6-m/crtend.o
 *(.got.plt)
 *(.got)
 *(.shdata)
 *(.data .data.* .gnu.linkonce.d.*)
 .data          0x200000c4       0x14 .\CortexM0\ARM_GCC_541\Debug\Interrupt_Priority.a(CyLib.o)
                0x200000c4                CySysClkPumpConfig
                0x200000c8                cydelay32kMs
                0x200000cc                cydelayFreqKhz
                0x200000d0                cydelayFreqMhz
                0x200000d4                cydelayFreqHz
 .data          0x200000d8        0x8 .\CortexM0\ARM_GCC_541\Debug\Interrupt_Priority.a(CyLFClk.o)
 .data.impure_data
                0x200000e0       0x60 c:/program files (x86)/cypress/psoc creator/4.1/psoc creator/import/gnu/arm/5.4.1/bin/../lib/gcc/arm-none-eabi/5.4.1/../../../../arm-none-eabi/lib/armv6-m\libg_nano.a(lib_a-impure.o)
 .data._impure_ptr
                0x20000140        0x4 c:/program files (x86)/cypress/psoc creator/4.1/psoc creator/import/gnu/arm/5.4.1/bin/../lib/gcc/arm-none-eabi/5.4.1/../../../../arm-none-eabi/lib/armv6-m\libg_nano.a(lib_a-impure.o)
                0x20000140                _impure_ptr
                0x20000148                . = ALIGN (0x8)
 *fill*         0x20000144        0x4 
 *(.ram)
                0x20000148                _edata = .

.igot.plt       0x20000148        0x0 load address 0x00000ae0
 .igot.plt      0x20000148        0x0 c:/program files (x86)/cypress/psoc creator/4.1/psoc creator/import/gnu/arm/5.4.1/bin/../lib/gcc/arm-none-eabi/5.4.1/armv6-m/crtbegin.o

.bss            0x20000148       0x48 load address 0x00000ae0
                0x20000148                PROVIDE (__bss_start__, .)
 *(.shbss)
 *(.bss .bss.* .gnu.linkonce.b.*)
 .bss           0x20000148       0x1c c:/program files (x86)/cypress/psoc creator/4.1/psoc creator/import/gnu/arm/5.4.1/bin/../lib/gcc/arm-none-eabi/5.4.1/armv6-m/crtbegin.o
 .bss           0x20000164        0x1 .\CortexM0\ARM_GCC_541\Debug\Interrupt_Priority.a(Timer_1.o)
                0x20000164                Timer_1_initVar
 .bss           0x20000165        0x1 .\CortexM0\ARM_GCC_541\Debug\Interrupt_Priority.a(Timer_2.o)
                0x20000165                Timer_2_initVar
 *fill*         0x20000166        0x2 
 .bss           0x20000168       0x28 .\CortexM0\ARM_GCC_541\Debug\Interrupt_Priority.a(CyLFClk.o)
 *(COMMON)
                0x20000190                . = ALIGN (0x8)
 *(.ram.b)
                0x20000190                _end = .
                0x20000190                __end = .
                0x20000190                PROVIDE (end, .)
                0x20000190                PROVIDE (__bss_end__, .)
                0x00000a58                __cy_region_init_ram = LOADADDR (.data)
                0x00000088                __cy_region_init_size_ram = (_edata - ADDR (.data))
                0x00000048                __cy_region_zero_size_ram = (_end - _edata)

.heap           0x20000190       0x80 load address 0x00000ae0
                0x20000190                . = _end
                0x20000210                . = (. + 0x80)
 *fill*         0x20000190       0x80 
                0x20000210                __cy_heap_limit = .

.stack          0x20003800      0x800
                0x20003800                __cy_stack_limit = .
                0x20004000                . = (. + 0x800)
 *fill*         0x20003800      0x800 
                0x00000001                ASSERT ((__cy_stack_limit >= __cy_heap_limit), region RAM overflowed with stack)
                0x00000000                cy_checksum_exclude_size = (CY_APPL_LOADABLE == 0x1)?SIZEOF (.cy_checksum_exclude):0x0
                0x00000001                ASSERT ((cy_checksum_exclude_size <= CY_CHECKSUM_EXCLUDE_SIZE), CY_BOOT: Section .cy_checksum_exclude size exceedes specified limit.)
                0x0001ffc0                cyloadermeta_start = (cy_project_type_bootloader || cy_project_type_app_for_stack_and_copier)?(LENGTH (rom) - CY_METADATA_SIZE):0xf0000000

.cyloadermeta
 *(.cyloadermeta)
                0x0001ffc0                cyloadablemeta_start = cy_project_type_app_for_stack_and_copier?((LENGTH (rom) - CY_FLASH_ROW_SIZE) - CY_METADATA_SIZE):((LENGTH (rom) - (CY_FLASH_ROW_SIZE * (CY_APPL_NUM - 0x1))) - CY_METADATA_SIZE)

.cyloadablemeta
 *(.cyloadablemeta)

.cyflashprotect
                0x90400000       0x80
 *(.cyflashprotect)
 .cyflashprotect
                0x90400000       0x80 .\CortexM0\ARM_GCC_541\Debug\cymetadata.o
                0x90400000                cy_meta_flashprotect

.cymeta         0x90500000        0xc
 *(.cymeta)
 .cymeta        0x90500000        0xc .\CortexM0\ARM_GCC_541\Debug\cymetadata.o
                0x90500000                cy_metadata

.cychipprotect  0x90600000        0x1
 *(.cychipprotect)
 .cychipprotect
                0x90600000        0x1 .\CortexM0\ARM_GCC_541\Debug\cymetadata.o
                0x90600000                cy_meta_chipprotect

.rel.dyn        0x00000ae0        0x0 load address 0x90600004
 .rel.iplt      0x00000ae0        0x0 c:/program files (x86)/cypress/psoc creator/4.1/psoc creator/import/gnu/arm/5.4.1/bin/../lib/gcc/arm-none-eabi/5.4.1/armv6-m/crtbegin.o

.stab
 *(.stab)

.stabstr
 *(.stabstr)

.debug
 *(.debug)

.line
 *(.line)

.debug_srcinfo
 *(.debug_srcinfo)

.debug_sfnames
 *(.debug_sfnames)

.debug_aranges  0x00000000      0x8b8
 *(.debug_aranges)
 .debug_aranges
                0x00000000       0x30 .\CortexM0\ARM_GCC_541\Debug\main.o
 .debug_aranges
                0x00000030       0x38 .\CortexM0\ARM_GCC_541\Debug\cyfitter_cfg.o
 .debug_aranges
                0x00000068       0x18 .\CortexM0\ARM_GCC_541\Debug\cymetadata.o
 .debug_aranges
                0x00000080       0x48 .\CortexM0\ARM_GCC_541\Debug\Cm0Start.o
 .debug_aranges
                0x000000c8       0x48 .\CortexM0\ARM_GCC_541\Debug\Interrupt_Priority.a(RED_LED.o)
 .debug_aranges
                0x00000110       0x48 .\CortexM0\ARM_GCC_541\Debug\Interrupt_Priority.a(GREEN_LED.o)
 .debug_aranges
                0x00000158      0x158 .\CortexM0\ARM_GCC_541\Debug\Interrupt_Priority.a(Timer_1.o)
 .debug_aranges
                0x000002b0      0x158 .\CortexM0\ARM_GCC_541\Debug\Interrupt_Priority.a(Timer_2.o)
 .debug_aranges
                0x00000408       0x80 .\CortexM0\ARM_GCC_541\Debug\Interrupt_Priority.a(isr_1.o)
 .debug_aranges
                0x00000488       0x80 .\CortexM0\ARM_GCC_541\Debug\Interrupt_Priority.a(isr_2.o)
 .debug_aranges
                0x00000508      0x1c8 .\CortexM0\ARM_GCC_541\Debug\Interrupt_Priority.a(CyLib.o)
 .debug_aranges
                0x000006d0      0x188 .\CortexM0\ARM_GCC_541\Debug\Interrupt_Priority.a(CyLFClk.o)
 .debug_aranges
                0x00000858       0x20 .\CortexM0\ARM_GCC_541\Debug\Interrupt_Priority.a(CyBootAsmGnu.o)
 .debug_aranges
                0x00000878       0x40 .\CortexM0\ARM_GCC_541\Debug\Interrupt_Priority.a(CyFlash.o)

.debug_pubnames
 *(.debug_pubnames)

.debug_info     0x00000000     0x45f9
 *(.debug_info .gnu.linkonce.wi.*)
 .debug_info    0x00000000      0x21a .\CortexM0\ARM_GCC_541\Debug\main.o
 .debug_info    0x0000021a      0x298 .\CortexM0\ARM_GCC_541\Debug\cyfitter_cfg.o
 .debug_info    0x000004b2       0xf8 .\CortexM0\ARM_GCC_541\Debug\cymetadata.o
 .debug_info    0x000005aa      0x3a2 .\CortexM0\ARM_GCC_541\Debug\Cm0Start.o
 .debug_info    0x0000094c      0x19d .\CortexM0\ARM_GCC_541\Debug\Interrupt_Priority.a(RED_LED.o)
 .debug_info    0x00000ae9      0x19d .\CortexM0\ARM_GCC_541\Debug\Interrupt_Priority.a(GREEN_LED.o)
 .debug_info    0x00000c86      0x8f6 .\CortexM0\ARM_GCC_541\Debug\Interrupt_Priority.a(Timer_1.o)
 .debug_info    0x0000157c      0x8f6 .\CortexM0\ARM_GCC_541\Debug\Interrupt_Priority.a(Timer_2.o)
 .debug_info    0x00001e72      0x305 .\CortexM0\ARM_GCC_541\Debug\Interrupt_Priority.a(isr_1.o)
 .debug_info    0x00002177      0x305 .\CortexM0\ARM_GCC_541\Debug\Interrupt_Priority.a(isr_2.o)
 .debug_info    0x0000247c      0xd2f .\CortexM0\ARM_GCC_541\Debug\Interrupt_Priority.a(CyLib.o)
 .debug_info    0x000031ab     0x1058 .\CortexM0\ARM_GCC_541\Debug\Interrupt_Priority.a(CyLFClk.o)
 .debug_info    0x00004203       0xa6 .\CortexM0\ARM_GCC_541\Debug\Interrupt_Priority.a(CyBootAsmGnu.o)
 .debug_info    0x000042a9      0x350 .\CortexM0\ARM_GCC_541\Debug\Interrupt_Priority.a(CyFlash.o)

.debug_abbrev   0x00000000     0x114b
 *(.debug_abbrev)
 .debug_abbrev  0x00000000       0xc5 .\CortexM0\ARM_GCC_541\Debug\main.o
 .debug_abbrev  0x000000c5      0x166 .\CortexM0\ARM_GCC_541\Debug\cyfitter_cfg.o
 .debug_abbrev  0x0000022b       0x5d .\CortexM0\ARM_GCC_541\Debug\cymetadata.o
 .debug_abbrev  0x00000288      0x1d7 .\CortexM0\ARM_GCC_541\Debug\Cm0Start.o
 .debug_abbrev  0x0000045f       0xc8 .\CortexM0\ARM_GCC_541\Debug\Interrupt_Priority.a(RED_LED.o)
 .debug_abbrev  0x00000527       0xc8 .\CortexM0\ARM_GCC_541\Debug\Interrupt_Priority.a(GREEN_LED.o)
 .debug_abbrev  0x000005ef      0x119 .\CortexM0\ARM_GCC_541\Debug\Interrupt_Priority.a(Timer_1.o)
 .debug_abbrev  0x00000708      0x119 .\CortexM0\ARM_GCC_541\Debug\Interrupt_Priority.a(Timer_2.o)
 .debug_abbrev  0x00000821      0x19a .\CortexM0\ARM_GCC_541\Debug\Interrupt_Priority.a(isr_1.o)
 .debug_abbrev  0x000009bb      0x19a .\CortexM0\ARM_GCC_541\Debug\Interrupt_Priority.a(isr_2.o)
 .debug_abbrev  0x00000b55      0x218 .\CortexM0\ARM_GCC_541\Debug\Interrupt_Priority.a(CyLib.o)
 .debug_abbrev  0x00000d6d      0x248 .\CortexM0\ARM_GCC_541\Debug\Interrupt_Priority.a(CyLFClk.o)
 .debug_abbrev  0x00000fb5       0x14 .\CortexM0\ARM_GCC_541\Debug\Interrupt_Priority.a(CyBootAsmGnu.o)
 .debug_abbrev  0x00000fc9      0x182 .\CortexM0\ARM_GCC_541\Debug\Interrupt_Priority.a(CyFlash.o)

.debug_line     0x00000000     0x1d98
 *(.debug_line)
 .debug_line    0x00000000       0xd1 .\CortexM0\ARM_GCC_541\Debug\main.o
 .debug_line    0x000000d1      0x14b .\CortexM0\ARM_GCC_541\Debug\cyfitter_cfg.o
 .debug_line    0x0000021c      0x141 .\CortexM0\ARM_GCC_541\Debug\cymetadata.o
 .debug_line    0x0000035d      0x236 .\CortexM0\ARM_GCC_541\Debug\Cm0Start.o
 .debug_line    0x00000593       0xbf .\CortexM0\ARM_GCC_541\Debug\Interrupt_Priority.a(RED_LED.o)
 .debug_line    0x00000652       0xc1 .\CortexM0\ARM_GCC_541\Debug\Interrupt_Priority.a(GREEN_LED.o)
 .debug_line    0x00000713      0x37b .\CortexM0\ARM_GCC_541\Debug\Interrupt_Priority.a(Timer_1.o)
 .debug_line    0x00000a8e      0x37b .\CortexM0\ARM_GCC_541\Debug\Interrupt_Priority.a(Timer_2.o)
 .debug_line    0x00000e09      0x151 .\CortexM0\ARM_GCC_541\Debug\Interrupt_Priority.a(isr_1.o)
 .debug_line    0x00000f5a      0x151 .\CortexM0\ARM_GCC_541\Debug\Interrupt_Priority.a(isr_2.o)
 .debug_line    0x000010ab      0x541 .\CortexM0\ARM_GCC_541\Debug\Interrupt_Priority.a(CyLib.o)
 .debug_line    0x000015ec      0x5d1 .\CortexM0\ARM_GCC_541\Debug\Interrupt_Priority.a(CyLFClk.o)
 .debug_line    0x00001bbd       0x68 .\CortexM0\ARM_GCC_541\Debug\Interrupt_Priority.a(CyBootAsmGnu.o)
 .debug_line    0x00001c25      0x173 .\CortexM0\ARM_GCC_541\Debug\Interrupt_Priority.a(CyFlash.o)

.debug_frame    0x00000000     0x168c
 *(.debug_frame)
 .debug_frame   0x00000000       0x64 .\CortexM0\ARM_GCC_541\Debug\main.o
 .debug_frame   0x00000064       0x74 .\CortexM0\ARM_GCC_541\Debug\cyfitter_cfg.o
 .debug_frame   0x000000d8       0xbc .\CortexM0\ARM_GCC_541\Debug\Cm0Start.o
 .debug_frame   0x00000194       0x70 .\CortexM0\ARM_GCC_541\Debug\Interrupt_Priority.a(RED_LED.o)
 .debug_frame   0x00000204       0x70 .\CortexM0\ARM_GCC_541\Debug\Interrupt_Priority.a(GREEN_LED.o)
 .debug_frame   0x00000274      0x3a0 .\CortexM0\ARM_GCC_541\Debug\Interrupt_Priority.a(Timer_1.o)
 .debug_frame   0x00000614      0x3a0 .\CortexM0\ARM_GCC_541\Debug\Interrupt_Priority.a(Timer_2.o)
 .debug_frame   0x000009b4      0x110 .\CortexM0\ARM_GCC_541\Debug\Interrupt_Priority.a(isr_1.o)
 .debug_frame   0x00000ac4      0x110 .\CortexM0\ARM_GCC_541\Debug\Interrupt_Priority.a(isr_2.o)
 .debug_frame   0x00000bd4      0x488 .\CortexM0\ARM_GCC_541\Debug\Interrupt_Priority.a(CyLib.o)
 .debug_frame   0x0000105c      0x4a4 .\CortexM0\ARM_GCC_541\Debug\Interrupt_Priority.a(CyLFClk.o)
 .debug_frame   0x00001500       0x90 .\CortexM0\ARM_GCC_541\Debug\Interrupt_Priority.a(CyFlash.o)
 .debug_frame   0x00001590       0x20 c:/program files (x86)/cypress/psoc creator/4.1/psoc creator/import/gnu/arm/5.4.1/bin/../lib/gcc/arm-none-eabi/5.4.1/armv6-m\libgcc.a(_udivsi3.o)
 .debug_frame   0x000015b0       0x20 c:/program files (x86)/cypress/psoc creator/4.1/psoc creator/import/gnu/arm/5.4.1/bin/../lib/gcc/arm-none-eabi/5.4.1/armv6-m\libgcc.a(_divsi3.o)
 .debug_frame   0x000015d0       0x20 c:/program files (x86)/cypress/psoc creator/4.1/psoc creator/import/gnu/arm/5.4.1/bin/../lib/gcc/arm-none-eabi/5.4.1/../../../../arm-none-eabi/lib/armv6-m\libg_nano.a(lib_a-errno.o)
 .debug_frame   0x000015f0       0x28 c:/program files (x86)/cypress/psoc creator/4.1/psoc creator/import/gnu/arm/5.4.1/bin/../lib/gcc/arm-none-eabi/5.4.1/../../../../arm-none-eabi/lib/armv6-m\libg_nano.a(lib_a-exit.o)
 .debug_frame   0x00001618       0x2c c:/program files (x86)/cypress/psoc creator/4.1/psoc creator/import/gnu/arm/5.4.1/bin/../lib/gcc/arm-none-eabi/5.4.1/../../../../arm-none-eabi/lib/armv6-m\libg_nano.a(lib_a-init.o)
 .debug_frame   0x00001644       0x28 c:/program files (x86)/cypress/psoc creator/4.1/psoc creator/import/gnu/arm/5.4.1/bin/../lib/gcc/arm-none-eabi/5.4.1/../../../../arm-none-eabi/lib/armv6-m\libg_nano.a(lib_a-memcpy-stub.o)
 .debug_frame   0x0000166c       0x20 c:/program files (x86)/cypress/psoc creator/4.1/psoc creator/import/gnu/arm/5.4.1/bin/../lib/gcc/arm-none-eabi/5.4.1/../../../../arm-none-eabi/lib/armv6-m\libg_nano.a(lib_a-memset.o)

.debug_str      0x00000000     0x1c9d
 *(.debug_str)
 .debug_str     0x00000000      0x201 .\CortexM0\ARM_GCC_541\Debug\main.o
                                0x241 (size before relaxing)
 .debug_str     0x00000201       0xd3 .\CortexM0\ARM_GCC_541\Debug\cyfitter_cfg.o
                                0x271 (size before relaxing)
 .debug_str     0x000002d4       0x63 .\CortexM0\ARM_GCC_541\Debug\cymetadata.o
                                0x1de (size before relaxing)
 .debug_str     0x00000337      0x140 .\CortexM0\ARM_GCC_541\Debug\Cm0Start.o
                                0x317 (size before relaxing)
 .debug_str     0x00000477       0xb6 .\CortexM0\ARM_GCC_541\Debug\Interrupt_Priority.a(RED_LED.o)
                                0x25a (size before relaxing)
 .debug_str     0x0000052d       0x93 .\CortexM0\ARM_GCC_541\Debug\Interrupt_Priority.a(GREEN_LED.o)
                                0x268 (size before relaxing)
 .debug_str     0x000005c0      0x447 .\CortexM0\ARM_GCC_541\Debug\Interrupt_Priority.a(Timer_1.o)
                                0x61b (size before relaxing)
 .debug_str     0x00000a07      0x356 .\CortexM0\ARM_GCC_541\Debug\Interrupt_Priority.a(Timer_2.o)
                                0x61b (size before relaxing)
 .debug_str     0x00000d5d       0xff .\CortexM0\ARM_GCC_541\Debug\Interrupt_Priority.a(isr_1.o)
                                0x300 (size before relaxing)
 .debug_str     0x00000e5c       0xd8 .\CortexM0\ARM_GCC_541\Debug\Interrupt_Priority.a(isr_2.o)
                                0x300 (size before relaxing)
 .debug_str     0x00000f34      0x5d7 .\CortexM0\ARM_GCC_541\Debug\Interrupt_Priority.a(CyLib.o)
                                0x82b (size before relaxing)
 .debug_str     0x0000150b      0x6eb .\CortexM0\ARM_GCC_541\Debug\Interrupt_Priority.a(CyLFClk.o)
                                0x933 (size before relaxing)
 .debug_str     0x00001bf6       0xa7 .\CortexM0\ARM_GCC_541\Debug\Interrupt_Priority.a(CyFlash.o)
                                0x2c6 (size before relaxing)

.debug_loc      0x00000000     0x25a5
 *(.debug_loc)
 .debug_loc     0x00000000       0xa9 .\CortexM0\ARM_GCC_541\Debug\cyfitter_cfg.o
 .debug_loc     0x000000a9      0x14f .\CortexM0\ARM_GCC_541\Debug\Cm0Start.o
 .debug_loc     0x000001f8       0xa2 .\CortexM0\ARM_GCC_541\Debug\Interrupt_Priority.a(RED_LED.o)
 .debug_loc     0x0000029a       0xa2 .\CortexM0\ARM_GCC_541\Debug\Interrupt_Priority.a(GREEN_LED.o)
 .debug_loc     0x0000033c      0x547 .\CortexM0\ARM_GCC_541\Debug\Interrupt_Priority.a(Timer_1.o)
 .debug_loc     0x00000883      0x547 .\CortexM0\ARM_GCC_541\Debug\Interrupt_Priority.a(Timer_2.o)
 .debug_loc     0x00000dca       0x82 .\CortexM0\ARM_GCC_541\Debug\Interrupt_Priority.a(isr_1.o)
 .debug_loc     0x00000e4c       0x82 .\CortexM0\ARM_GCC_541\Debug\Interrupt_Priority.a(isr_2.o)
 .debug_loc     0x00000ece      0x7c0 .\CortexM0\ARM_GCC_541\Debug\Interrupt_Priority.a(CyLib.o)
 .debug_loc     0x0000168e      0xdb7 .\CortexM0\ARM_GCC_541\Debug\Interrupt_Priority.a(CyLFClk.o)
 .debug_loc     0x00002445      0x160 .\CortexM0\ARM_GCC_541\Debug\Interrupt_Priority.a(CyFlash.o)

.debug_macinfo
 *(.debug_macinfo)

.debug_ranges   0x00000000      0x7c0
 *(.debug_ranges)
 .debug_ranges  0x00000000       0x20 .\CortexM0\ARM_GCC_541\Debug\main.o
 .debug_ranges  0x00000020       0x28 .\CortexM0\ARM_GCC_541\Debug\cyfitter_cfg.o
 .debug_ranges  0x00000048       0x38 .\CortexM0\ARM_GCC_541\Debug\Cm0Start.o
 .debug_ranges  0x00000080       0x38 .\CortexM0\ARM_GCC_541\Debug\Interrupt_Priority.a(RED_LED.o)
 .debug_ranges  0x000000b8       0x38 .\CortexM0\ARM_GCC_541\Debug\Interrupt_Priority.a(GREEN_LED.o)
 .debug_ranges  0x000000f0      0x148 .\CortexM0\ARM_GCC_541\Debug\Interrupt_Priority.a(Timer_1.o)
 .debug_ranges  0x00000238      0x148 .\CortexM0\ARM_GCC_541\Debug\Interrupt_Priority.a(Timer_2.o)
 .debug_ranges  0x00000380       0x70 .\CortexM0\ARM_GCC_541\Debug\Interrupt_Priority.a(isr_1.o)
 .debug_ranges  0x000003f0       0x70 .\CortexM0\ARM_GCC_541\Debug\Interrupt_Priority.a(isr_2.o)
 .debug_ranges  0x00000460      0x1b8 .\CortexM0\ARM_GCC_541\Debug\Interrupt_Priority.a(CyLib.o)
 .debug_ranges  0x00000618      0x178 .\CortexM0\ARM_GCC_541\Debug\Interrupt_Priority.a(CyLFClk.o)
 .debug_ranges  0x00000790       0x30 .\CortexM0\ARM_GCC_541\Debug\Interrupt_Priority.a(CyFlash.o)

.comment        0x00000000       0x6e
 .comment       0x00000000       0x6e .\CortexM0\ARM_GCC_541\Debug\main.o
                                 0x6f (size before relaxing)
 .comment       0x0000006e       0x6f .\CortexM0\ARM_GCC_541\Debug\cyfitter_cfg.o
 .comment       0x0000006e       0x6f .\CortexM0\ARM_GCC_541\Debug\cymetadata.o
 .comment       0x0000006e       0x6f .\CortexM0\ARM_GCC_541\Debug\Cm0Start.o
 .comment       0x0000006e       0x6f .\CortexM0\ARM_GCC_541\Debug\Interrupt_Priority.a(RED_LED.o)
 .comment       0x0000006e       0x6f .\CortexM0\ARM_GCC_541\Debug\Interrupt_Priority.a(GREEN_LED.o)
 .comment       0x0000006e       0x6f .\CortexM0\ARM_GCC_541\Debug\Interrupt_Priority.a(Timer_1.o)
 .comment       0x0000006e       0x6f .\CortexM0\ARM_GCC_541\Debug\Interrupt_Priority.a(Timer_2.o)
 .comment       0x0000006e       0x6f .\CortexM0\ARM_GCC_541\Debug\Interrupt_Priority.a(isr_1.o)
 .comment       0x0000006e       0x6f .\CortexM0\ARM_GCC_541\Debug\Interrupt_Priority.a(isr_2.o)
 .comment       0x0000006e       0x6f .\CortexM0\ARM_GCC_541\Debug\Interrupt_Priority.a(CyLib.o)
 .comment       0x0000006e       0x6f .\CortexM0\ARM_GCC_541\Debug\Interrupt_Priority.a(CyLFClk.o)
 .comment       0x0000006e       0x6f .\CortexM0\ARM_GCC_541\Debug\Interrupt_Priority.a(CyFlash.o)

.debug_weaknames
 *(.debug_weaknames)

.debug_funcnames
 *(.debug_funcnames)

.debug_typenames
 *(.debug_typenames)

.debug_varnames
 *(.debug_varnames)

.note.gnu.arm.ident
 *(.note.gnu.arm.ident)

.ARM.attributes
                0x00000000       0x28
 *(.ARM.attributes)
 .ARM.attributes
                0x00000000       0x1e c:/program files (x86)/cypress/psoc creator/4.1/psoc creator/import/gnu/arm/5.4.1/bin/../lib/gcc/arm-none-eabi/5.4.1/armv6-m/crti.o
 .ARM.attributes
                0x0000001e       0x2c c:/program files (x86)/cypress/psoc creator/4.1/psoc creator/import/gnu/arm/5.4.1/bin/../lib/gcc/arm-none-eabi/5.4.1/armv6-m/crtbegin.o
 .ARM.attributes
                0x0000004a       0x1b c:/program files (x86)/cypress/psoc creator/4.1/psoc creator/import/gnu/arm/5.4.1/bin/../lib/gcc/arm-none-eabi/5.4.1/../../../../arm-none-eabi/lib/armv6-m/crt0.o
 .ARM.attributes
                0x00000065       0x31 .\CortexM0\ARM_GCC_541\Debug\main.o
 .ARM.attributes
                0x00000096       0x31 .\CortexM0\ARM_GCC_541\Debug\cyfitter_cfg.o
 .ARM.attributes
                0x000000c7       0x31 .\CortexM0\ARM_GCC_541\Debug\cymetadata.o
 .ARM.attributes
                0x000000f8       0x31 .\CortexM0\ARM_GCC_541\Debug\Cm0Start.o
 .ARM.attributes
                0x00000129       0x31 .\CortexM0\ARM_GCC_541\Debug\Interrupt_Priority.a(RED_LED.o)
 .ARM.attributes
                0x0000015a       0x31 .\CortexM0\ARM_GCC_541\Debug\Interrupt_Priority.a(GREEN_LED.o)
 .ARM.attributes
                0x0000018b       0x31 .\CortexM0\ARM_GCC_541\Debug\Interrupt_Priority.a(Timer_1.o)
 .ARM.attributes
                0x000001bc       0x31 .\CortexM0\ARM_GCC_541\Debug\Interrupt_Priority.a(Timer_2.o)
 .ARM.attributes
                0x000001ed       0x31 .\CortexM0\ARM_GCC_541\Debug\Interrupt_Priority.a(isr_1.o)
 .ARM.attributes
                0x0000021e       0x31 .\CortexM0\ARM_GCC_541\Debug\Interrupt_Priority.a(isr_2.o)
 .ARM.attributes
                0x0000024f       0x31 .\CortexM0\ARM_GCC_541\Debug\Interrupt_Priority.a(CyLib.o)
 .ARM.attributes
                0x00000280       0x31 .\CortexM0\ARM_GCC_541\Debug\Interrupt_Priority.a(CyLFClk.o)
 .ARM.attributes
                0x000002b1       0x21 .\CortexM0\ARM_GCC_541\Debug\Interrupt_Priority.a(CyBootAsmGnu.o)
 .ARM.attributes
                0x000002d2       0x31 .\CortexM0\ARM_GCC_541\Debug\Interrupt_Priority.a(CyFlash.o)
 .ARM.attributes
                0x00000303       0x1e c:/program files (x86)/cypress/psoc creator/4.1/psoc creator/import/gnu/arm/5.4.1/bin/../lib/gcc/arm-none-eabi/5.4.1/armv6-m\libgcc.a(_udivsi3.o)
 .ARM.attributes
                0x00000321       0x1e c:/program files (x86)/cypress/psoc creator/4.1/psoc creator/import/gnu/arm/5.4.1/bin/../lib/gcc/arm-none-eabi/5.4.1/armv6-m\libgcc.a(_divsi3.o)
 .ARM.attributes
                0x0000033f       0x1e c:/program files (x86)/cypress/psoc creator/4.1/psoc creator/import/gnu/arm/5.4.1/bin/../lib/gcc/arm-none-eabi/5.4.1/armv6-m\libgcc.a(_dvmd_tls.o)
 .ARM.attributes
                0x0000035d       0x2c c:/program files (x86)/cypress/psoc creator/4.1/psoc creator/import/gnu/arm/5.4.1/bin/../lib/gcc/arm-none-eabi/5.4.1/../../../../arm-none-eabi/lib/armv6-m\libg_nano.a(lib_a-errno.o)
 .ARM.attributes
                0x00000389       0x2c c:/program files (x86)/cypress/psoc creator/4.1/psoc creator/import/gnu/arm/5.4.1/bin/../lib/gcc/arm-none-eabi/5.4.1/../../../../arm-none-eabi/lib/armv6-m\libg_nano.a(lib_a-exit.o)
 .ARM.attributes
                0x000003b5       0x2c c:/program files (x86)/cypress/psoc creator/4.1/psoc creator/import/gnu/arm/5.4.1/bin/../lib/gcc/arm-none-eabi/5.4.1/../../../../arm-none-eabi/lib/armv6-m\libg_nano.a(lib_a-impure.o)
 .ARM.attributes
                0x000003e1       0x2c c:/program files (x86)/cypress/psoc creator/4.1/psoc creator/import/gnu/arm/5.4.1/bin/../lib/gcc/arm-none-eabi/5.4.1/../../../../arm-none-eabi/lib/armv6-m\libg_nano.a(lib_a-init.o)
 .ARM.attributes
                0x0000040d       0x2c c:/program files (x86)/cypress/psoc creator/4.1/psoc creator/import/gnu/arm/5.4.1/bin/../lib/gcc/arm-none-eabi/5.4.1/../../../../arm-none-eabi/lib/armv6-m\libg_nano.a(lib_a-memcpy-stub.o)
 .ARM.attributes
                0x00000439       0x2c c:/program files (x86)/cypress/psoc creator/4.1/psoc creator/import/gnu/arm/5.4.1/bin/../lib/gcc/arm-none-eabi/5.4.1/../../../../arm-none-eabi/lib/armv6-m\libg_nano.a(lib_a-memset.o)
 .ARM.attributes
                0x00000465       0x2c c:/program files (x86)/cypress/psoc creator/4.1/psoc creator/import/gnu/arm/5.4.1/bin/../lib/gcc/arm-none-eabi/5.4.1/armv6-m/crtend.o
 .ARM.attributes
                0x00000491       0x1e c:/program files (x86)/cypress/psoc creator/4.1/psoc creator/import/gnu/arm/5.4.1/bin/../lib/gcc/arm-none-eabi/5.4.1/armv6-m/crtn.o

/DISCARD/
 *(.note.GNU-stack)
OUTPUT(C:\Users\Mahe\Documents\PSoC Creator\Workspace01\Aug_16th_AESD\Interrupt_Priority.cydsn\CortexM0\ARM_GCC_541\Debug\Interrupt_Priority.elf elf32-littlearm)
