Archive member included to satisfy reference by file (symbol)

.\CortexM0\ARM_GCC_541\Debug\Critical_Section.a(TCPWM.o)
                              .\CortexM0\ARM_GCC_541\Debug\main.o (TCPWM_Start)
.\CortexM0\ARM_GCC_541\Debug\Critical_Section.a(isr_1.o)
                              .\CortexM0\ARM_GCC_541\Debug\main.o (isr_1_StartEx)
.\CortexM0\ARM_GCC_541\Debug\Critical_Section.a(Pin_LED.o)
                              .\CortexM0\ARM_GCC_541\Debug\main.o (Pin_LED_Write)
.\CortexM0\ARM_GCC_541\Debug\Critical_Section.a(Pin_LED_1.o)
                              .\CortexM0\ARM_GCC_541\Debug\main.o (Pin_LED_1_Write)
.\CortexM0\ARM_GCC_541\Debug\Critical_Section.a(CyLib.o)
                              .\CortexM0\ARM_GCC_541\Debug\cyfitter_cfg.o (CyIntEnable)
.\CortexM0\ARM_GCC_541\Debug\Critical_Section.a(CyLFClk.o)
                              .\CortexM0\ARM_GCC_541\Debug\Critical_Section.a(CyLib.o) (CySysClkWcoEnabled)
.\CortexM0\ARM_GCC_541\Debug\Critical_Section.a(CyBootAsmGnu.o)
                              .\CortexM0\ARM_GCC_541\Debug\Critical_Section.a(CyLib.o) (CyDelayCycles)
.\CortexM0\ARM_GCC_541\Debug\Critical_Section.a(CyFlash.o)
                              .\CortexM0\ARM_GCC_541\Debug\Critical_Section.a(CyLib.o) (CySysFlashSetWaitCycles)
c:/program files (x86)/cypress/psoc creator/4.1/psoc creator/import/gnu/arm/5.4.1/bin/../lib/gcc/arm-none-eabi/5.4.1/armv6-m\libgcc.a(_udivsi3.o)
                              .\CortexM0\ARM_GCC_541\Debug\Critical_Section.a(CyLib.o) (__aeabi_uidiv)
c:/program files (x86)/cypress/psoc creator/4.1/psoc creator/import/gnu/arm/5.4.1/bin/../lib/gcc/arm-none-eabi/5.4.1/armv6-m\libgcc.a(_divsi3.o)
                              .\CortexM0\ARM_GCC_541\Debug\Critical_Section.a(CyLFClk.o) (__aeabi_idiv)
c:/program files (x86)/cypress/psoc creator/4.1/psoc creator/import/gnu/arm/5.4.1/bin/../lib/gcc/arm-none-eabi/5.4.1/armv6-m\libgcc.a(_dvmd_tls.o)
                              c:/program files (x86)/cypress/psoc creator/4.1/psoc creator/import/gnu/arm/5.4.1/bin/../lib/gcc/arm-none-eabi/5.4.1/armv6-m\libgcc.a(_udivsi3.o) (__aeabi_idiv0)
c:/program files (x86)/cypress/psoc creator/4.1/psoc creator/import/gnu/arm/5.4.1/bin/../lib/gcc/arm-none-eabi/5.4.1/../../../../arm-none-eabi/lib/armv6-m\libg_nano.a(lib_a-errno.o)
                              .\CortexM0\ARM_GCC_541\Debug\Cm0Start.o (__errno)
c:/program files (x86)/cypress/psoc creator/4.1/psoc creator/import/gnu/arm/5.4.1/bin/../lib/gcc/arm-none-eabi/5.4.1/../../../../arm-none-eabi/lib/armv6-m\libg_nano.a(lib_a-exit.o)
                              c:/program files (x86)/cypress/psoc creator/4.1/psoc creator/import/gnu/arm/5.4.1/bin/../lib/gcc/arm-none-eabi/5.4.1/../../../../arm-none-eabi/lib/armv6-m/crt0.o (exit)
c:/program files (x86)/cypress/psoc creator/4.1/psoc creator/import/gnu/arm/5.4.1/bin/../lib/gcc/arm-none-eabi/5.4.1/../../../../arm-none-eabi/lib/armv6-m\libg_nano.a(lib_a-impure.o)
                              c:/program files (x86)/cypress/psoc creator/4.1/psoc creator/import/gnu/arm/5.4.1/bin/../lib/gcc/arm-none-eabi/5.4.1/../../../../arm-none-eabi/lib/armv6-m\libg_nano.a(lib_a-exit.o) (_global_impure_ptr)
c:/program files (x86)/cypress/psoc creator/4.1/psoc creator/import/gnu/arm/5.4.1/bin/../lib/gcc/arm-none-eabi/5.4.1/../../../../arm-none-eabi/lib/armv6-m\libg_nano.a(lib_a-init.o)
                              c:/program files (x86)/cypress/psoc creator/4.1/psoc creator/import/gnu/arm/5.4.1/bin/../lib/gcc/arm-none-eabi/5.4.1/../../../../arm-none-eabi/lib/armv6-m/crt0.o (__libc_init_array)
c:/program files (x86)/cypress/psoc creator/4.1/psoc creator/import/gnu/arm/5.4.1/bin/../lib/gcc/arm-none-eabi/5.4.1/../../../../arm-none-eabi/lib/armv6-m\libg_nano.a(lib_a-memcpy-stub.o)
                              .\CortexM0\ARM_GCC_541\Debug\Critical_Section.a(CyFlash.o) (memcpy)
c:/program files (x86)/cypress/psoc creator/4.1/psoc creator/import/gnu/arm/5.4.1/bin/../lib/gcc/arm-none-eabi/5.4.1/../../../../arm-none-eabi/lib/armv6-m\libg_nano.a(lib_a-memset.o)
                              c:/program files (x86)/cypress/psoc creator/4.1/psoc creator/import/gnu/arm/5.4.1/bin/../lib/gcc/arm-none-eabi/5.4.1/../../../../arm-none-eabi/lib/armv6-m/crt0.o (memset)

Discarded input sections

 .text          0x00000000        0x0 c:/program files (x86)/cypress/psoc creator/4.1/psoc creator/import/gnu/arm/5.4.1/bin/../lib/gcc/arm-none-eabi/5.4.1/armv6-m/crti.o
 .data          0x00000000        0x0 c:/program files (x86)/cypress/psoc creator/4.1/psoc creator/import/gnu/arm/5.4.1/bin/../lib/gcc/arm-none-eabi/5.4.1/armv6-m/crti.o
 .bss           0x00000000        0x0 c:/program files (x86)/cypress/psoc creator/4.1/psoc creator/import/gnu/arm/5.4.1/bin/../lib/gcc/arm-none-eabi/5.4.1/armv6-m/crti.o
 .data          0x00000000        0x4 c:/program files (x86)/cypress/psoc creator/4.1/psoc creator/import/gnu/arm/5.4.1/bin/../lib/gcc/arm-none-eabi/5.4.1/armv6-m/crtbegin.o
 .text          0x00000000       0x78 c:/program files (x86)/cypress/psoc creator/4.1/psoc creator/import/gnu/arm/5.4.1/bin/../lib/gcc/arm-none-eabi/5.4.1/../../../../arm-none-eabi/lib/armv6-m/crt0.o
 .data          0x00000000        0x0 c:/program files (x86)/cypress/psoc creator/4.1/psoc creator/import/gnu/arm/5.4.1/bin/../lib/gcc/arm-none-eabi/5.4.1/../../../../arm-none-eabi/lib/armv6-m/crt0.o
 .bss           0x00000000        0x0 c:/program files (x86)/cypress/psoc creator/4.1/psoc creator/import/gnu/arm/5.4.1/bin/../lib/gcc/arm-none-eabi/5.4.1/../../../../arm-none-eabi/lib/armv6-m/crt0.o
 .ARM.extab     0x00000000        0x0 c:/program files (x86)/cypress/psoc creator/4.1/psoc creator/import/gnu/arm/5.4.1/bin/../lib/gcc/arm-none-eabi/5.4.1/../../../../arm-none-eabi/lib/armv6-m/crt0.o
 .ARM.exidx     0x00000000        0x8 c:/program files (x86)/cypress/psoc creator/4.1/psoc creator/import/gnu/arm/5.4.1/bin/../lib/gcc/arm-none-eabi/5.4.1/../../../../arm-none-eabi/lib/armv6-m/crt0.o
 .text          0x00000000        0x0 .\CortexM0\ARM_GCC_541\Debug\main.o
 .data          0x00000000        0x0 .\CortexM0\ARM_GCC_541\Debug\main.o
 .bss           0x00000000        0x0 .\CortexM0\ARM_GCC_541\Debug\main.o
 .text          0x00000000        0x0 .\CortexM0\ARM_GCC_541\Debug\cyfitter_cfg.o
 .data          0x00000000        0x0 .\CortexM0\ARM_GCC_541\Debug\cyfitter_cfg.o
 .bss           0x00000000        0x0 .\CortexM0\ARM_GCC_541\Debug\cyfitter_cfg.o
 .text          0x00000000        0x0 .\CortexM0\ARM_GCC_541\Debug\cymetadata.o
 .data          0x00000000        0x0 .\CortexM0\ARM_GCC_541\Debug\cymetadata.o
 .bss           0x00000000        0x0 .\CortexM0\ARM_GCC_541\Debug\cymetadata.o
 .text          0x00000000        0x0 .\CortexM0\ARM_GCC_541\Debug\Cm0Start.o
 .data          0x00000000        0x4 .\CortexM0\ARM_GCC_541\Debug\Cm0Start.o
 .bss           0x00000000        0x0 .\CortexM0\ARM_GCC_541\Debug\Cm0Start.o
 .text._exit    0x00000000        0xc .\CortexM0\ARM_GCC_541\Debug\Cm0Start.o
 .text._sbrk    0x00000000       0x30 .\CortexM0\ARM_GCC_541\Debug\Cm0Start.o
 .text          0x00000000        0x0 .\CortexM0\ARM_GCC_541\Debug\Critical_Section.a(TCPWM.o)
 .data          0x00000000        0x0 .\CortexM0\ARM_GCC_541\Debug\Critical_Section.a(TCPWM.o)
 .text.TCPWM_Stop
                0x00000000       0x1c .\CortexM0\ARM_GCC_541\Debug\Critical_Section.a(TCPWM.o)
 .text.TCPWM_SetMode
                0x00000000       0x28 .\CortexM0\ARM_GCC_541\Debug\Critical_Section.a(TCPWM.o)
 .text.TCPWM_SetQDMode
                0x00000000       0x28 .\CortexM0\ARM_GCC_541\Debug\Critical_Section.a(TCPWM.o)
 .text.TCPWM_SetPrescaler
                0x00000000       0x28 .\CortexM0\ARM_GCC_541\Debug\Critical_Section.a(TCPWM.o)
 .text.TCPWM_SetOneShot
                0x00000000       0x30 .\CortexM0\ARM_GCC_541\Debug\Critical_Section.a(TCPWM.o)
 .text.TCPWM_SetPWMMode
                0x00000000       0x10 .\CortexM0\ARM_GCC_541\Debug\Critical_Section.a(TCPWM.o)
 .text.TCPWM_SetPWMSyncKill
                0x00000000       0x28 .\CortexM0\ARM_GCC_541\Debug\Critical_Section.a(TCPWM.o)
 .text.TCPWM_SetPWMStopOnKill
                0x00000000       0x28 .\CortexM0\ARM_GCC_541\Debug\Critical_Section.a(TCPWM.o)
 .text.TCPWM_SetPWMDeadTime
                0x00000000       0x2c .\CortexM0\ARM_GCC_541\Debug\Critical_Section.a(TCPWM.o)
 .text.TCPWM_SetPWMInvert
                0x00000000       0x28 .\CortexM0\ARM_GCC_541\Debug\Critical_Section.a(TCPWM.o)
 .text.TCPWM_ReadCounter
                0x00000000       0x10 .\CortexM0\ARM_GCC_541\Debug\Critical_Section.a(TCPWM.o)
 .text.TCPWM_SetCounterMode
                0x00000000       0x28 .\CortexM0\ARM_GCC_541\Debug\Critical_Section.a(TCPWM.o)
 .text.TCPWM_ReadPeriod
                0x00000000       0x10 .\CortexM0\ARM_GCC_541\Debug\Critical_Section.a(TCPWM.o)
 .text.TCPWM_SetCompareSwap
                0x00000000       0x24 .\CortexM0\ARM_GCC_541\Debug\Critical_Section.a(TCPWM.o)
 .text.TCPWM_WritePeriodBuf
                0x00000000       0x10 .\CortexM0\ARM_GCC_541\Debug\Critical_Section.a(TCPWM.o)
 .text.TCPWM_ReadPeriodBuf
                0x00000000       0x10 .\CortexM0\ARM_GCC_541\Debug\Critical_Section.a(TCPWM.o)
 .text.TCPWM_SetPeriodSwap
                0x00000000       0x28 .\CortexM0\ARM_GCC_541\Debug\Critical_Section.a(TCPWM.o)
 .text.TCPWM_WriteCompare
                0x00000000       0x10 .\CortexM0\ARM_GCC_541\Debug\Critical_Section.a(TCPWM.o)
 .text.TCPWM_ReadCompare
                0x00000000       0x10 .\CortexM0\ARM_GCC_541\Debug\Critical_Section.a(TCPWM.o)
 .text.TCPWM_WriteCompareBuf
                0x00000000       0x10 .\CortexM0\ARM_GCC_541\Debug\Critical_Section.a(TCPWM.o)
 .text.TCPWM_ReadCompareBuf
                0x00000000       0x10 .\CortexM0\ARM_GCC_541\Debug\Critical_Section.a(TCPWM.o)
 .text.TCPWM_ReadCapture
                0x00000000       0x10 .\CortexM0\ARM_GCC_541\Debug\Critical_Section.a(TCPWM.o)
 .text.TCPWM_ReadCaptureBuf
                0x00000000       0x10 .\CortexM0\ARM_GCC_541\Debug\Critical_Section.a(TCPWM.o)
 .text.TCPWM_SetCaptureMode
                0x00000000       0x24 .\CortexM0\ARM_GCC_541\Debug\Critical_Section.a(TCPWM.o)
 .text.TCPWM_SetReloadMode
                0x00000000       0x24 .\CortexM0\ARM_GCC_541\Debug\Critical_Section.a(TCPWM.o)
 .text.TCPWM_SetStartMode
                0x00000000       0x28 .\CortexM0\ARM_GCC_541\Debug\Critical_Section.a(TCPWM.o)
 .text.TCPWM_SetStopMode
                0x00000000       0x24 .\CortexM0\ARM_GCC_541\Debug\Critical_Section.a(TCPWM.o)
 .text.TCPWM_SetCountMode
                0x00000000       0x24 .\CortexM0\ARM_GCC_541\Debug\Critical_Section.a(TCPWM.o)
 .text.TCPWM_ReadStatus
                0x00000000       0x14 .\CortexM0\ARM_GCC_541\Debug\Critical_Section.a(TCPWM.o)
 .text.TCPWM_GetInterruptSourceMasked
                0x00000000        0xc .\CortexM0\ARM_GCC_541\Debug\Critical_Section.a(TCPWM.o)
 .text.TCPWM_GetInterruptSource
                0x00000000        0xc .\CortexM0\ARM_GCC_541\Debug\Critical_Section.a(TCPWM.o)
 .text.TCPWM_SetInterrupt
                0x00000000        0xc .\CortexM0\ARM_GCC_541\Debug\Critical_Section.a(TCPWM.o)
 .text          0x00000000        0x0 .\CortexM0\ARM_GCC_541\Debug\Critical_Section.a(isr_1.o)
 .data          0x00000000        0x0 .\CortexM0\ARM_GCC_541\Debug\Critical_Section.a(isr_1.o)
 .bss           0x00000000        0x0 .\CortexM0\ARM_GCC_541\Debug\Critical_Section.a(isr_1.o)
 .text.isr_1_Interrupt
                0x00000000        0x4 .\CortexM0\ARM_GCC_541\Debug\Critical_Section.a(isr_1.o)
 .text.isr_1_GetVector
                0x00000000        0xc .\CortexM0\ARM_GCC_541\Debug\Critical_Section.a(isr_1.o)
 .text.isr_1_GetPriority
                0x00000000        0xc .\CortexM0\ARM_GCC_541\Debug\Critical_Section.a(isr_1.o)
 .text.isr_1_GetState
                0x00000000       0x14 .\CortexM0\ARM_GCC_541\Debug\Critical_Section.a(isr_1.o)
 .text.isr_1_Start
                0x00000000       0x1c .\CortexM0\ARM_GCC_541\Debug\Critical_Section.a(isr_1.o)
 .text.isr_1_Stop
                0x00000000       0x14 .\CortexM0\ARM_GCC_541\Debug\Critical_Section.a(isr_1.o)
 .text.isr_1_SetPending
                0x00000000       0x10 .\CortexM0\ARM_GCC_541\Debug\Critical_Section.a(isr_1.o)
 .text.isr_1_ClearPending
                0x00000000       0x10 .\CortexM0\ARM_GCC_541\Debug\Critical_Section.a(isr_1.o)
 .text          0x00000000        0x0 .\CortexM0\ARM_GCC_541\Debug\Critical_Section.a(Pin_LED.o)
 .data          0x00000000        0x0 .\CortexM0\ARM_GCC_541\Debug\Critical_Section.a(Pin_LED.o)
 .bss           0x00000000        0x0 .\CortexM0\ARM_GCC_541\Debug\Critical_Section.a(Pin_LED.o)
 .text.Pin_LED_SetDriveMode
                0x00000000       0x18 .\CortexM0\ARM_GCC_541\Debug\Critical_Section.a(Pin_LED.o)
 .text.Pin_LED_Read
                0x00000000       0x10 .\CortexM0\ARM_GCC_541\Debug\Critical_Section.a(Pin_LED.o)
 .text.Pin_LED_ReadDataReg
                0x00000000       0x10 .\CortexM0\ARM_GCC_541\Debug\Critical_Section.a(Pin_LED.o)
 .text.Pin_LED_SetInterruptMode
                0x00000000       0x14 .\CortexM0\ARM_GCC_541\Debug\Critical_Section.a(Pin_LED.o)
 .text.Pin_LED_ClearInterrupt
                0x00000000       0x14 .\CortexM0\ARM_GCC_541\Debug\Critical_Section.a(Pin_LED.o)
 .text          0x00000000        0x0 .\CortexM0\ARM_GCC_541\Debug\Critical_Section.a(Pin_LED_1.o)
 .data          0x00000000        0x0 .\CortexM0\ARM_GCC_541\Debug\Critical_Section.a(Pin_LED_1.o)
 .bss           0x00000000        0x0 .\CortexM0\ARM_GCC_541\Debug\Critical_Section.a(Pin_LED_1.o)
 .text.Pin_LED_1_SetDriveMode
                0x00000000       0x18 .\CortexM0\ARM_GCC_541\Debug\Critical_Section.a(Pin_LED_1.o)
 .text.Pin_LED_1_Read
                0x00000000       0x10 .\CortexM0\ARM_GCC_541\Debug\Critical_Section.a(Pin_LED_1.o)
 .text.Pin_LED_1_ReadDataReg
                0x00000000       0x10 .\CortexM0\ARM_GCC_541\Debug\Critical_Section.a(Pin_LED_1.o)
 .text.Pin_LED_1_SetInterruptMode
                0x00000000       0x14 .\CortexM0\ARM_GCC_541\Debug\Critical_Section.a(Pin_LED_1.o)
 .text.Pin_LED_1_ClearInterrupt
                0x00000000       0x14 .\CortexM0\ARM_GCC_541\Debug\Critical_Section.a(Pin_LED_1.o)
 .text          0x00000000        0x0 .\CortexM0\ARM_GCC_541\Debug\Critical_Section.a(CyLib.o)
 .bss           0x00000000       0x18 .\CortexM0\ARM_GCC_541\Debug\Critical_Section.a(CyLib.o)
 .text.CySysClkImoStart
                0x00000000       0x14 .\CortexM0\ARM_GCC_541\Debug\Critical_Section.a(CyLib.o)
 .text.CySysClkImoStop
                0x00000000       0x18 .\CortexM0\ARM_GCC_541\Debug\Critical_Section.a(CyLib.o)
 .text.CySysClkWriteHfclkDirect
                0x00000000       0x20 .\CortexM0\ARM_GCC_541\Debug\Critical_Section.a(CyLib.o)
 .text.CySysEnablePumpClock
                0x00000000       0x38 .\CortexM0\ARM_GCC_541\Debug\Critical_Section.a(CyLib.o)
 .text.CySysClkGetSysclkSource
                0x00000000       0x1c .\CortexM0\ARM_GCC_541\Debug\Critical_Section.a(CyLib.o)
 .text.CySysClkWriteSysclkDiv
                0x00000000       0x30 .\CortexM0\ARM_GCC_541\Debug\Critical_Section.a(CyLib.o)
 .text.CySysLvdDisable
                0x00000000       0x20 .\CortexM0\ARM_GCC_541\Debug\Critical_Section.a(CyLib.o)
 .text.CySysLvdGetInterruptSource
                0x00000000       0x10 .\CortexM0\ARM_GCC_541\Debug\Critical_Section.a(CyLib.o)
 .text.CySysLvdClearInterrupt
                0x00000000        0xc .\CortexM0\ARM_GCC_541\Debug\Critical_Section.a(CyLib.o)
 .text.CySysGetResetReason
                0x00000000       0x14 .\CortexM0\ARM_GCC_541\Debug\Critical_Section.a(CyLib.o)
 .text.CyDisableInts
                0x00000000       0x10 .\CortexM0\ARM_GCC_541\Debug\Critical_Section.a(CyLib.o)
 .text.CyEnableInts
                0x00000000        0xc .\CortexM0\ARM_GCC_541\Debug\Critical_Section.a(CyLib.o)
 .text.CyIntGetState
                0x00000000       0x18 .\CortexM0\ARM_GCC_541\Debug\Critical_Section.a(CyLib.o)
 .text.CyIntDisable
                0x00000000       0x14 .\CortexM0\ARM_GCC_541\Debug\Critical_Section.a(CyLib.o)
 .text.CyIntSetPending
                0x00000000       0x14 .\CortexM0\ARM_GCC_541\Debug\Critical_Section.a(CyLib.o)
 .text.CyIntClearPending
                0x00000000       0x14 .\CortexM0\ARM_GCC_541\Debug\Critical_Section.a(CyLib.o)
 .text.CyIntSetSysVector
                0x00000000       0x20 .\CortexM0\ARM_GCC_541\Debug\Critical_Section.a(CyLib.o)
 .text.CyIntGetSysVector
                0x00000000       0x1c .\CortexM0\ARM_GCC_541\Debug\Critical_Section.a(CyLib.o)
 .text.CyIntGetVector
                0x00000000       0x20 .\CortexM0\ARM_GCC_541\Debug\Critical_Section.a(CyLib.o)
 .text.CyIntSetPriority
                0x00000000       0x4c .\CortexM0\ARM_GCC_541\Debug\Critical_Section.a(CyLib.o)
 .text.CyIntGetPriority
                0x00000000       0x2c .\CortexM0\ARM_GCC_541\Debug\Critical_Section.a(CyLib.o)
 .text.CySoftwareReset
                0x00000000       0x18 .\CortexM0\ARM_GCC_541\Debug\Critical_Section.a(CyLib.o)
 .text.CyDelayUs
                0x00000000       0x14 .\CortexM0\ARM_GCC_541\Debug\Critical_Section.a(CyLib.o)
 .text.CySysLvdEnable
                0x00000000       0x44 .\CortexM0\ARM_GCC_541\Debug\Critical_Section.a(CyLib.o)
 .text.CyDelayFreq
                0x00000000       0x4c .\CortexM0\ARM_GCC_541\Debug\Critical_Section.a(CyLib.o)
 .text.CySysTickStop
                0x00000000       0x10 .\CortexM0\ARM_GCC_541\Debug\Critical_Section.a(CyLib.o)
 .text.CySysTickEnableInterrupt
                0x00000000       0x10 .\CortexM0\ARM_GCC_541\Debug\Critical_Section.a(CyLib.o)
 .text.CySysTickEnable
                0x00000000       0x18 .\CortexM0\ARM_GCC_541\Debug\Critical_Section.a(CyLib.o)
 .text.CySysTickDisableInterrupt
                0x00000000       0x10 .\CortexM0\ARM_GCC_541\Debug\Critical_Section.a(CyLib.o)
 .text.CySysTickSetReload
                0x00000000       0x10 .\CortexM0\ARM_GCC_541\Debug\Critical_Section.a(CyLib.o)
 .text.CySysTickGetReload
                0x00000000       0x10 .\CortexM0\ARM_GCC_541\Debug\Critical_Section.a(CyLib.o)
 .text.CySysTickGetValue
                0x00000000       0x10 .\CortexM0\ARM_GCC_541\Debug\Critical_Section.a(CyLib.o)
 .text.CySysTickSetClockSource
                0x00000000       0x20 .\CortexM0\ARM_GCC_541\Debug\Critical_Section.a(CyLib.o)
 .text.CySysTickGetClockSource
                0x00000000       0x10 .\CortexM0\ARM_GCC_541\Debug\Critical_Section.a(CyLib.o)
 .text.CySysTickGetCountFlag
                0x00000000       0x10 .\CortexM0\ARM_GCC_541\Debug\Critical_Section.a(CyLib.o)
 .text.CySysTickServiceCallbacks
                0x00000000       0x28 .\CortexM0\ARM_GCC_541\Debug\Critical_Section.a(CyLib.o)
 .text.CySysTickClear
                0x00000000        0xc .\CortexM0\ARM_GCC_541\Debug\Critical_Section.a(CyLib.o)
 .text.CySysTickInit
                0x00000000       0x44 .\CortexM0\ARM_GCC_541\Debug\Critical_Section.a(CyLib.o)
 .text.CySysTickStart
                0x00000000       0x20 .\CortexM0\ARM_GCC_541\Debug\Critical_Section.a(CyLib.o)
 .text.CySysTickSetCallback
                0x00000000       0x10 .\CortexM0\ARM_GCC_541\Debug\Critical_Section.a(CyLib.o)
 .text.CySysTickGetCallback
                0x00000000        0xc .\CortexM0\ARM_GCC_541\Debug\Critical_Section.a(CyLib.o)
 .text.CyGetUniqueId
                0x00000000       0x70 .\CortexM0\ARM_GCC_541\Debug\Critical_Section.a(CyLib.o)
 .text.CySysSetRamAccessArbPriority
                0x00000000       0x20 .\CortexM0\ARM_GCC_541\Debug\Critical_Section.a(CyLib.o)
 .text.CySysSetFlashAccessArbPriority
                0x00000000       0x20 .\CortexM0\ARM_GCC_541\Debug\Critical_Section.a(CyLib.o)
 .text.CySysSetDmacAccessArbPriority
                0x00000000       0x20 .\CortexM0\ARM_GCC_541\Debug\Critical_Section.a(CyLib.o)
 .text.CySysSetPeripheralAccessArbPriority
                0x00000000       0x68 .\CortexM0\ARM_GCC_541\Debug\Critical_Section.a(CyLib.o)
 .text          0x00000000        0x0 .\CortexM0\ARM_GCC_541\Debug\Critical_Section.a(CyLFClk.o)
 .text.CySysClkIloEnabled
                0x00000000       0x14 .\CortexM0\ARM_GCC_541\Debug\Critical_Section.a(CyLFClk.o)
 .text.CySysClkGetLfclkSource
                0x00000000       0x10 .\CortexM0\ARM_GCC_541\Debug\Critical_Section.a(CyLFClk.o)
 .text.CySysClkIloStart
                0x00000000       0x14 .\CortexM0\ARM_GCC_541\Debug\Critical_Section.a(CyLFClk.o)
 .text.CySysClkIloStartMeasurement
                0x00000000       0x5c .\CortexM0\ARM_GCC_541\Debug\Critical_Section.a(CyLFClk.o)
 .text.CySysClkIloStopMeasurement
                0x00000000       0x14 .\CortexM0\ARM_GCC_541\Debug\Critical_Section.a(CyLFClk.o)
 .text.CySysClkIloCompensate
                0x00000000      0x104 .\CortexM0\ARM_GCC_541\Debug\Critical_Section.a(CyLFClk.o)
 .text.CySysClkIloUpdateTrimReg
                0x00000000       0xa8 .\CortexM0\ARM_GCC_541\Debug\Critical_Section.a(CyLFClk.o)
 .text.CySysClkIloTrim
                0x00000000       0xd8 .\CortexM0\ARM_GCC_541\Debug\Critical_Section.a(CyLFClk.o)
 .text.CySysClkIloRestoreFactoryTrim
                0x00000000       0x30 .\CortexM0\ARM_GCC_541\Debug\Critical_Section.a(CyLFClk.o)
 .text.CySysClkWcoStart
                0x00000000       0x40 .\CortexM0\ARM_GCC_541\Debug\Critical_Section.a(CyLFClk.o)
 .text.CySysClkWcoSetPowerMode
                0x00000000       0x4c .\CortexM0\ARM_GCC_541\Debug\Critical_Section.a(CyLFClk.o)
 .text.CySysClkWcoClockOutSelect
                0x00000000       0x2c .\CortexM0\ARM_GCC_541\Debug\Critical_Section.a(CyLFClk.o)
 .text.CySysWdtGetEnabledStatus
                0x00000000       0x24 .\CortexM0\ARM_GCC_541\Debug\Critical_Section.a(CyLFClk.o)
 .text.CySysWdtSetMode
                0x00000000       0x38 .\CortexM0\ARM_GCC_541\Debug\Critical_Section.a(CyLFClk.o)
 .text.CySysClkLfclkPosedgeRestore
                0x00000000       0x2c .\CortexM0\ARM_GCC_541\Debug\Critical_Section.a(CyLFClk.o)
 .text.CySysWdtGetMode
                0x00000000       0x14 .\CortexM0\ARM_GCC_541\Debug\Critical_Section.a(CyLFClk.o)
 .text.CySysWdtSetClearOnMatch
                0x00000000       0x34 .\CortexM0\ARM_GCC_541\Debug\Critical_Section.a(CyLFClk.o)
 .text.CySysWdtGetClearOnMatch
                0x00000000       0x24 .\CortexM0\ARM_GCC_541\Debug\Critical_Section.a(CyLFClk.o)
 .text.CySysWdtEnable
                0x00000000       0x3c .\CortexM0\ARM_GCC_541\Debug\Critical_Section.a(CyLFClk.o)
 .text.CySysWdtDisable
                0x00000000       0x44 .\CortexM0\ARM_GCC_541\Debug\Critical_Section.a(CyLFClk.o)
 .text.CySysWdtSetCascade
                0x00000000       0x34 .\CortexM0\ARM_GCC_541\Debug\Critical_Section.a(CyLFClk.o)
 .text.CySysWdtGetCascade
                0x00000000       0x14 .\CortexM0\ARM_GCC_541\Debug\Critical_Section.a(CyLFClk.o)
 .text.CySysWdtSetMatch
                0x00000000       0x54 .\CortexM0\ARM_GCC_541\Debug\Critical_Section.a(CyLFClk.o)
 .text.CySysWdtSetToggleBit
                0x00000000       0x30 .\CortexM0\ARM_GCC_541\Debug\Critical_Section.a(CyLFClk.o)
 .text.CySysWdtGetToggleBit
                0x00000000       0x10 .\CortexM0\ARM_GCC_541\Debug\Critical_Section.a(CyLFClk.o)
 .text.CySysWdtGetMatch
                0x00000000       0x20 .\CortexM0\ARM_GCC_541\Debug\Critical_Section.a(CyLFClk.o)
 .text.CySysWdtGetCount
                0x00000000       0x3c .\CortexM0\ARM_GCC_541\Debug\Critical_Section.a(CyLFClk.o)
 .text.CySysClkLfclkPosedgeCatch
                0x00000000       0x74 .\CortexM0\ARM_GCC_541\Debug\Critical_Section.a(CyLFClk.o)
 .text.CySysClkIloStop
                0x00000000       0x4c .\CortexM0\ARM_GCC_541\Debug\Critical_Section.a(CyLFClk.o)
 .text.CySysClkSetLfclkSource
                0x00000000       0x38 .\CortexM0\ARM_GCC_541\Debug\Critical_Section.a(CyLFClk.o)
 .text.CySysClkWcoStop
                0x00000000       0x48 .\CortexM0\ARM_GCC_541\Debug\Critical_Section.a(CyLFClk.o)
 .text.CySysWdtGetInterruptSource
                0x00000000       0x14 .\CortexM0\ARM_GCC_541\Debug\Critical_Section.a(CyLFClk.o)
 .text.CySysWdtResetCounters
                0x00000000       0x20 .\CortexM0\ARM_GCC_541\Debug\Critical_Section.a(CyLFClk.o)
 .text.CySysWdtSetInterruptCallback
                0x00000000       0x20 .\CortexM0\ARM_GCC_541\Debug\Critical_Section.a(CyLFClk.o)
 .text.CySysWdtGetInterruptCallback
                0x00000000       0x20 .\CortexM0\ARM_GCC_541\Debug\Critical_Section.a(CyLFClk.o)
 .text.CySysWdtEnableCounterIsr
                0x00000000       0x34 .\CortexM0\ARM_GCC_541\Debug\Critical_Section.a(CyLFClk.o)
 .text.CySysWdtDisableCounterIsr
                0x00000000       0x28 .\CortexM0\ARM_GCC_541\Debug\Critical_Section.a(CyLFClk.o)
 .text.CySysWatchdogFeed
                0x00000000       0x60 .\CortexM0\ARM_GCC_541\Debug\Critical_Section.a(CyLFClk.o)
 .text.CySysTimerDelayUntilMatch
                0x00000000       0x6c .\CortexM0\ARM_GCC_541\Debug\Critical_Section.a(CyLFClk.o)
 .text.CySysTimerDelay
                0x00000000       0x3c .\CortexM0\ARM_GCC_541\Debug\Critical_Section.a(CyLFClk.o)
 .rodata        0x00000000        0xc .\CortexM0\ARM_GCC_541\Debug\Critical_Section.a(CyLFClk.o)
 .data          0x00000000        0x0 .\CortexM0\ARM_GCC_541\Debug\Critical_Section.a(CyBootAsmGnu.o)
 .bss           0x00000000        0x0 .\CortexM0\ARM_GCC_541\Debug\Critical_Section.a(CyBootAsmGnu.o)
 .text          0x00000000        0x0 .\CortexM0\ARM_GCC_541\Debug\Critical_Section.a(CyFlash.o)
 .data          0x00000000        0x0 .\CortexM0\ARM_GCC_541\Debug\Critical_Section.a(CyFlash.o)
 .bss           0x00000000        0x0 .\CortexM0\ARM_GCC_541\Debug\Critical_Section.a(CyFlash.o)
 .text.CySysFlashClockBackup
                0x00000000        0x4 .\CortexM0\ARM_GCC_541\Debug\Critical_Section.a(CyFlash.o)
 .text.CySysFlashClockRestore
                0x00000000        0x4 .\CortexM0\ARM_GCC_541\Debug\Critical_Section.a(CyFlash.o)
 .text.CySysFlashWriteRow
                0x00000000      0x124 .\CortexM0\ARM_GCC_541\Debug\Critical_Section.a(CyFlash.o)
 .text.CySysSFlashWriteUserRow
                0x00000000      0x110 .\CortexM0\ARM_GCC_541\Debug\Critical_Section.a(CyFlash.o)
 .text          0x00000000      0x114 c:/program files (x86)/cypress/psoc creator/4.1/psoc creator/import/gnu/arm/5.4.1/bin/../lib/gcc/arm-none-eabi/5.4.1/armv6-m\libgcc.a(_udivsi3.o)
 .data          0x00000000        0x0 c:/program files (x86)/cypress/psoc creator/4.1/psoc creator/import/gnu/arm/5.4.1/bin/../lib/gcc/arm-none-eabi/5.4.1/armv6-m\libgcc.a(_udivsi3.o)
 .bss           0x00000000        0x0 c:/program files (x86)/cypress/psoc creator/4.1/psoc creator/import/gnu/arm/5.4.1/bin/../lib/gcc/arm-none-eabi/5.4.1/armv6-m\libgcc.a(_udivsi3.o)
 .text          0x00000000      0x1d4 c:/program files (x86)/cypress/psoc creator/4.1/psoc creator/import/gnu/arm/5.4.1/bin/../lib/gcc/arm-none-eabi/5.4.1/armv6-m\libgcc.a(_divsi3.o)
 .data          0x00000000        0x0 c:/program files (x86)/cypress/psoc creator/4.1/psoc creator/import/gnu/arm/5.4.1/bin/../lib/gcc/arm-none-eabi/5.4.1/armv6-m\libgcc.a(_divsi3.o)
 .bss           0x00000000        0x0 c:/program files (x86)/cypress/psoc creator/4.1/psoc creator/import/gnu/arm/5.4.1/bin/../lib/gcc/arm-none-eabi/5.4.1/armv6-m\libgcc.a(_divsi3.o)
 .text          0x00000000        0x4 c:/program files (x86)/cypress/psoc creator/4.1/psoc creator/import/gnu/arm/5.4.1/bin/../lib/gcc/arm-none-eabi/5.4.1/armv6-m\libgcc.a(_dvmd_tls.o)
 .data          0x00000000        0x0 c:/program files (x86)/cypress/psoc creator/4.1/psoc creator/import/gnu/arm/5.4.1/bin/../lib/gcc/arm-none-eabi/5.4.1/armv6-m\libgcc.a(_dvmd_tls.o)
 .bss           0x00000000        0x0 c:/program files (x86)/cypress/psoc creator/4.1/psoc creator/import/gnu/arm/5.4.1/bin/../lib/gcc/arm-none-eabi/5.4.1/armv6-m\libgcc.a(_dvmd_tls.o)
 .text          0x00000000        0x0 c:/program files (x86)/cypress/psoc creator/4.1/psoc creator/import/gnu/arm/5.4.1/bin/../lib/gcc/arm-none-eabi/5.4.1/../../../../arm-none-eabi/lib/armv6-m\libg_nano.a(lib_a-errno.o)
 .data          0x00000000        0x0 c:/program files (x86)/cypress/psoc creator/4.1/psoc creator/import/gnu/arm/5.4.1/bin/../lib/gcc/arm-none-eabi/5.4.1/../../../../arm-none-eabi/lib/armv6-m\libg_nano.a(lib_a-errno.o)
 .bss           0x00000000        0x0 c:/program files (x86)/cypress/psoc creator/4.1/psoc creator/import/gnu/arm/5.4.1/bin/../lib/gcc/arm-none-eabi/5.4.1/../../../../arm-none-eabi/lib/armv6-m\libg_nano.a(lib_a-errno.o)
 .text          0x00000000        0x0 c:/program files (x86)/cypress/psoc creator/4.1/psoc creator/import/gnu/arm/5.4.1/bin/../lib/gcc/arm-none-eabi/5.4.1/../../../../arm-none-eabi/lib/armv6-m\libg_nano.a(lib_a-exit.o)
 .data          0x00000000        0x0 c:/program files (x86)/cypress/psoc creator/4.1/psoc creator/import/gnu/arm/5.4.1/bin/../lib/gcc/arm-none-eabi/5.4.1/../../../../arm-none-eabi/lib/armv6-m\libg_nano.a(lib_a-exit.o)
 .bss           0x00000000        0x0 c:/program files (x86)/cypress/psoc creator/4.1/psoc creator/import/gnu/arm/5.4.1/bin/../lib/gcc/arm-none-eabi/5.4.1/../../../../arm-none-eabi/lib/armv6-m\libg_nano.a(lib_a-exit.o)
 .text.exit     0x00000000       0x2c c:/program files (x86)/cypress/psoc creator/4.1/psoc creator/import/gnu/arm/5.4.1/bin/../lib/gcc/arm-none-eabi/5.4.1/../../../../arm-none-eabi/lib/armv6-m\libg_nano.a(lib_a-exit.o)
 .text          0x00000000        0x0 c:/program files (x86)/cypress/psoc creator/4.1/psoc creator/import/gnu/arm/5.4.1/bin/../lib/gcc/arm-none-eabi/5.4.1/../../../../arm-none-eabi/lib/armv6-m\libg_nano.a(lib_a-impure.o)
 .data          0x00000000        0x0 c:/program files (x86)/cypress/psoc creator/4.1/psoc creator/import/gnu/arm/5.4.1/bin/../lib/gcc/arm-none-eabi/5.4.1/../../../../arm-none-eabi/lib/armv6-m\libg_nano.a(lib_a-impure.o)
 .bss           0x00000000        0x0 c:/program files (x86)/cypress/psoc creator/4.1/psoc creator/import/gnu/arm/5.4.1/bin/../lib/gcc/arm-none-eabi/5.4.1/../../../../arm-none-eabi/lib/armv6-m\libg_nano.a(lib_a-impure.o)
 .rodata._global_impure_ptr
                0x00000000        0x4 c:/program files (x86)/cypress/psoc creator/4.1/psoc creator/import/gnu/arm/5.4.1/bin/../lib/gcc/arm-none-eabi/5.4.1/../../../../arm-none-eabi/lib/armv6-m\libg_nano.a(lib_a-impure.o)
 .text          0x00000000        0x0 c:/program files (x86)/cypress/psoc creator/4.1/psoc creator/import/gnu/arm/5.4.1/bin/../lib/gcc/arm-none-eabi/5.4.1/../../../../arm-none-eabi/lib/armv6-m\libg_nano.a(lib_a-init.o)
 .data          0x00000000        0x0 c:/program files (x86)/cypress/psoc creator/4.1/psoc creator/import/gnu/arm/5.4.1/bin/../lib/gcc/arm-none-eabi/5.4.1/../../../../arm-none-eabi/lib/armv6-m\libg_nano.a(lib_a-init.o)
 .bss           0x00000000        0x0 c:/program files (x86)/cypress/psoc creator/4.1/psoc creator/import/gnu/arm/5.4.1/bin/../lib/gcc/arm-none-eabi/5.4.1/../../../../arm-none-eabi/lib/armv6-m\libg_nano.a(lib_a-init.o)
 .text          0x00000000        0x0 c:/program files (x86)/cypress/psoc creator/4.1/psoc creator/import/gnu/arm/5.4.1/bin/../lib/gcc/arm-none-eabi/5.4.1/../../../../arm-none-eabi/lib/armv6-m\libg_nano.a(lib_a-memcpy-stub.o)
 .data          0x00000000        0x0 c:/program files (x86)/cypress/psoc creator/4.1/psoc creator/import/gnu/arm/5.4.1/bin/../lib/gcc/arm-none-eabi/5.4.1/../../../../arm-none-eabi/lib/armv6-m\libg_nano.a(lib_a-memcpy-stub.o)
 .bss           0x00000000        0x0 c:/program files (x86)/cypress/psoc creator/4.1/psoc creator/import/gnu/arm/5.4.1/bin/../lib/gcc/arm-none-eabi/5.4.1/../../../../arm-none-eabi/lib/armv6-m\libg_nano.a(lib_a-memcpy-stub.o)
 .text.memcpy   0x00000000       0x12 c:/program files (x86)/cypress/psoc creator/4.1/psoc creator/import/gnu/arm/5.4.1/bin/../lib/gcc/arm-none-eabi/5.4.1/../../../../arm-none-eabi/lib/armv6-m\libg_nano.a(lib_a-memcpy-stub.o)
 .text          0x00000000        0x0 c:/program files (x86)/cypress/psoc creator/4.1/psoc creator/import/gnu/arm/5.4.1/bin/../lib/gcc/arm-none-eabi/5.4.1/../../../../arm-none-eabi/lib/armv6-m\libg_nano.a(lib_a-memset.o)
 .data          0x00000000        0x0 c:/program files (x86)/cypress/psoc creator/4.1/psoc creator/import/gnu/arm/5.4.1/bin/../lib/gcc/arm-none-eabi/5.4.1/../../../../arm-none-eabi/lib/armv6-m\libg_nano.a(lib_a-memset.o)
 .bss           0x00000000        0x0 c:/program files (x86)/cypress/psoc creator/4.1/psoc creator/import/gnu/arm/5.4.1/bin/../lib/gcc/arm-none-eabi/5.4.1/../../../../arm-none-eabi/lib/armv6-m\libg_nano.a(lib_a-memset.o)
 .text          0x00000000        0x0 c:/program files (x86)/cypress/psoc creator/4.1/psoc creator/import/gnu/arm/5.4.1/bin/../lib/gcc/arm-none-eabi/5.4.1/armv6-m/crtend.o
 .data          0x00000000        0x0 c:/program files (x86)/cypress/psoc creator/4.1/psoc creator/import/gnu/arm/5.4.1/bin/../lib/gcc/arm-none-eabi/5.4.1/armv6-m/crtend.o
 .bss           0x00000000        0x0 c:/program files (x86)/cypress/psoc creator/4.1/psoc creator/import/gnu/arm/5.4.1/bin/../lib/gcc/arm-none-eabi/5.4.1/armv6-m/crtend.o
 .text          0x00000000        0x0 c:/program files (x86)/cypress/psoc creator/4.1/psoc creator/import/gnu/arm/5.4.1/bin/../lib/gcc/arm-none-eabi/5.4.1/armv6-m/crtn.o
 .data          0x00000000        0x0 c:/program files (x86)/cypress/psoc creator/4.1/psoc creator/import/gnu/arm/5.4.1/bin/../lib/gcc/arm-none-eabi/5.4.1/armv6-m/crtn.o
 .bss           0x00000000        0x0 c:/program files (x86)/cypress/psoc creator/4.1/psoc creator/import/gnu/arm/5.4.1/bin/../lib/gcc/arm-none-eabi/5.4.1/armv6-m/crtn.o

Memory Configuration

Name             Origin             Length             Attributes
rom              0x00000000         0x00020000         xr
ram              0x20000000         0x00004000         xrw
*default*        0x00000000         0xffffffff

Linker script and memory map

LOAD c:/program files (x86)/cypress/psoc creator/4.1/psoc creator/import/gnu/arm/5.4.1/bin/../lib/gcc/arm-none-eabi/5.4.1/armv6-m/crti.o
LOAD c:/program files (x86)/cypress/psoc creator/4.1/psoc creator/import/gnu/arm/5.4.1/bin/../lib/gcc/arm-none-eabi/5.4.1/armv6-m/crtbegin.o
LOAD c:/program files (x86)/cypress/psoc creator/4.1/psoc creator/import/gnu/arm/5.4.1/bin/../lib/gcc/arm-none-eabi/5.4.1/../../../../arm-none-eabi/lib/armv6-m/crt0.o
START GROUP
LOAD .\CortexM0\ARM_GCC_541\Debug\main.o
LOAD .\CortexM0\ARM_GCC_541\Debug\cyfitter_cfg.o
LOAD .\CortexM0\ARM_GCC_541\Debug\cymetadata.o
LOAD .\CortexM0\ARM_GCC_541\Debug\Cm0Start.o
LOAD .\CortexM0\ARM_GCC_541\Debug\Critical_Section.a
LOAD C:\Program Files (x86)\Cypress\PSoC Creator\4.1\PSoC Creator\psoc\content\cycomponentlibrary\CyComponentLibrary.cylib\CortexM0\ARM_GCC_541\Debug\CyComponentLibrary.a
END GROUP
START GROUP
LOAD c:/program files (x86)/cypress/psoc creator/4.1/psoc creator/import/gnu/arm/5.4.1/bin/../lib/gcc/arm-none-eabi/5.4.1/armv6-m\libgcc.a
LOAD c:/program files (x86)/cypress/psoc creator/4.1/psoc creator/import/gnu/arm/5.4.1/bin/../lib/gcc/arm-none-eabi/5.4.1/../../../../arm-none-eabi/lib/armv6-m\libg_nano.a
LOAD c:/program files (x86)/cypress/psoc creator/4.1/psoc creator/import/gnu/arm/5.4.1/bin/../lib/gcc/arm-none-eabi/5.4.1/../../../../arm-none-eabi/lib/armv6-m\libc_nano.a
END GROUP
START GROUP
LOAD c:/program files (x86)/cypress/psoc creator/4.1/psoc creator/import/gnu/arm/5.4.1/bin/../lib/gcc/arm-none-eabi/5.4.1/armv6-m\libgcc.a
LOAD c:/program files (x86)/cypress/psoc creator/4.1/psoc creator/import/gnu/arm/5.4.1/bin/../lib/gcc/arm-none-eabi/5.4.1/../../../../arm-none-eabi/lib/armv6-m\libc_nano.a
END GROUP
LOAD c:/program files (x86)/cypress/psoc creator/4.1/psoc creator/import/gnu/arm/5.4.1/bin/../lib/gcc/arm-none-eabi/5.4.1/armv6-m/crtend.o
LOAD c:/program files (x86)/cypress/psoc creator/4.1/psoc creator/import/gnu/arm/5.4.1/bin/../lib/gcc/arm-none-eabi/5.4.1/armv6-m/crtn.o
START GROUP
LOAD c:/program files (x86)/cypress/psoc creator/4.1/psoc creator/import/gnu/arm/5.4.1/bin/../lib/gcc/arm-none-eabi/5.4.1/armv6-m\libgcc.a
LOAD c:/program files (x86)/cypress/psoc creator/4.1/psoc creator/import/gnu/arm/5.4.1/bin/../lib/gcc/arm-none-eabi/5.4.1/../../../../arm-none-eabi/lib/armv6-m\libc.a
LOAD c:/program files (x86)/cypress/psoc creator/4.1/psoc creator/import/gnu/arm/5.4.1/bin/../lib/gcc/arm-none-eabi/5.4.1/../../../../arm-none-eabi/lib/armv6-m\libnosys.a
END GROUP
                0x00000000                CY_APPL_ORIGIN = 0x0
                0x00000080                CY_FLASH_ROW_SIZE = 0x80
                0x00000001                CY_APPL_NUM = 0x1
                0x00000001                CY_APPL_MAX = 0x1
                0x00000040                CY_METADATA_SIZE = 0x40
                0x00000000                CY_APPL_LOADABLE = 0x0
                0x00000000                CY_CHECKSUM_EXCLUDE_SIZE = ALIGN (0x0, CY_FLASH_ROW_SIZE)
                0x00000000                CY_APP_FOR_STACK_AND_COPIER = 0x0
                [!provide]                PROVIDE (__cy_heap_start, _end)
                0x00000001                PROVIDE (__cy_region_num, ((__cy_regions_end - __cy_regions) / 0x10))
                0x20004000                PROVIDE (__cy_stack, (ORIGIN (ram) + LENGTH (ram)))
                [!provide]                PROVIDE (__cy_heap_end, (__cy_stack - 0x800))

.cybootloader   0x00000000        0x0
 *(.cybootloader)
                0x00000000                appl1_start = CY_APPL_ORIGIN?CY_APPL_ORIGIN:ALIGN (CY_FLASH_ROW_SIZE)
                0x0000ff80                appl2_start = (appl1_start + ALIGN ((((LENGTH (rom) - appl1_start) - (0x2 * CY_FLASH_ROW_SIZE)) / 0x2), CY_FLASH_ROW_SIZE))
                0x00000000                appl_start = (CY_APPL_NUM == 0x1)?appl1_start:appl2_start
                0x00000001                cy_project_type_bootloader = (appl_start == 0x0)?0x1:0x0
                0x00000000                cy_project_type_app_for_stack_and_copier = (CY_APP_FOR_STACK_AND_COPIER == 0x1)?0x1:0x0

.text           0x00000000      0x864
 CREATE_OBJECT_SYMBOLS
                0x00000000                PROVIDE (__cy_interrupt_vector, RomVectors)
 *(.romvectors)
 .romvectors    0x00000000       0x10 .\CortexM0\ARM_GCC_541\Debug\Cm0Start.o
                0x00000000                RomVectors
                0x00000001                ASSERT ((. != __cy_interrupt_vector), No interrupt vector)
                0x00000001                ASSERT (CY_APPL_ORIGIN?(SIZEOF (.cybootloader) <= CY_APPL_ORIGIN):0x1, Wrong image location)
                0x00000010                PROVIDE (__cy_reset, Reset)
 *(.text.Reset)
 .text.Reset    0x00000010        0x8 .\CortexM0\ARM_GCC_541\Debug\Cm0Start.o
                0x00000010                Reset
                0x00000001                ASSERT ((. != __cy_reset), No reset code)
 *(.psocinit)
 .psocinit      0x00000018      0x118 .\CortexM0\ARM_GCC_541\Debug\cyfitter_cfg.o
                0x00000094                cyfitter_cfg
                0x00000130                . = MAX (., 0x100)
 *(.text .text.* .gnu.linkonce.t.*)
 .text          0x00000130       0x60 c:/program files (x86)/cypress/psoc creator/4.1/psoc creator/import/gnu/arm/5.4.1/bin/../lib/gcc/arm-none-eabi/5.4.1/armv6-m/crtbegin.o
 .text.IND_ISR  0x00000190       0x20 .\CortexM0\ARM_GCC_541\Debug\main.o
                0x00000190                IND_ISR
 .text.main     0x000001b0       0x40 .\CortexM0\ARM_GCC_541\Debug\main.o
                0x000001b0                main
 .text.AnalogSetDefault
                0x000001f0       0x20 .\CortexM0\ARM_GCC_541\Debug\cyfitter_cfg.o
 .text.CYMEMZERO
                0x00000210        0xc .\CortexM0\ARM_GCC_541\Debug\cyfitter_cfg.o
 .text.IntDefaultHandler
                0x0000021c       0x10 .\CortexM0\ARM_GCC_541\Debug\Cm0Start.o
                0x0000021c                IntDefaultHandler
 .text.Start_c  0x0000022c       0x48 .\CortexM0\ARM_GCC_541\Debug\Cm0Start.o
                0x0000022c                Start_c
 .text.initialize_psoc
                0x00000274       0x4c .\CortexM0\ARM_GCC_541\Debug\Cm0Start.o
                0x00000274                initialize_psoc
 .text.TCPWM_WriteCounter
                0x000002c0       0x10 .\CortexM0\ARM_GCC_541\Debug\Critical_Section.a(TCPWM.o)
                0x000002c0                TCPWM_WriteCounter
 .text.TCPWM_WritePeriod
                0x000002d0       0x10 .\CortexM0\ARM_GCC_541\Debug\Critical_Section.a(TCPWM.o)
                0x000002d0                TCPWM_WritePeriod
 .text.TCPWM_TriggerCommand
                0x000002e0       0x1c .\CortexM0\ARM_GCC_541\Debug\Critical_Section.a(TCPWM.o)
                0x000002e0                TCPWM_TriggerCommand
 .text.TCPWM_Enable
                0x000002fc       0x24 .\CortexM0\ARM_GCC_541\Debug\Critical_Section.a(TCPWM.o)
                0x000002fc                TCPWM_Enable
 .text.TCPWM_SetInterruptMode
                0x00000320        0xc .\CortexM0\ARM_GCC_541\Debug\Critical_Section.a(TCPWM.o)
                0x00000320                TCPWM_SetInterruptMode
 .text.TCPWM_Init
                0x0000032c       0x30 .\CortexM0\ARM_GCC_541\Debug\Critical_Section.a(TCPWM.o)
                0x0000032c                TCPWM_Init
 .text.TCPWM_Start
                0x0000035c       0x20 .\CortexM0\ARM_GCC_541\Debug\Critical_Section.a(TCPWM.o)
                0x0000035c                TCPWM_Start
 .text.TCPWM_ClearInterrupt
                0x0000037c        0xc .\CortexM0\ARM_GCC_541\Debug\Critical_Section.a(TCPWM.o)
                0x0000037c                TCPWM_ClearInterrupt
 .text.isr_1_SetVector
                0x00000388        0xc .\CortexM0\ARM_GCC_541\Debug\Critical_Section.a(isr_1.o)
                0x00000388                isr_1_SetVector
 .text.isr_1_SetPriority
                0x00000394       0x20 .\CortexM0\ARM_GCC_541\Debug\Critical_Section.a(isr_1.o)
                0x00000394                isr_1_SetPriority
 .text.isr_1_Enable
                0x000003b4       0x10 .\CortexM0\ARM_GCC_541\Debug\Critical_Section.a(isr_1.o)
                0x000003b4                isr_1_Enable
 .text.isr_1_Disable
                0x000003c4       0x10 .\CortexM0\ARM_GCC_541\Debug\Critical_Section.a(isr_1.o)
                0x000003c4                isr_1_Disable
 .text.isr_1_StartEx
                0x000003d4       0x1c .\CortexM0\ARM_GCC_541\Debug\Critical_Section.a(isr_1.o)
                0x000003d4                isr_1_StartEx
 .text.Pin_LED_Write
                0x000003f0       0x18 .\CortexM0\ARM_GCC_541\Debug\Critical_Section.a(Pin_LED.o)
                0x000003f0                Pin_LED_Write
 .text.Pin_LED_1_Write
                0x00000408       0x18 .\CortexM0\ARM_GCC_541\Debug\Critical_Section.a(Pin_LED_1.o)
                0x00000408                Pin_LED_1_Write
 .text.CySysClkImoDisableWcoLock
                0x00000420       0x14 .\CortexM0\ARM_GCC_541\Debug\Critical_Section.a(CyLib.o)
                0x00000420                CySysClkImoDisableWcoLock
 .text.CySysClkImoGetWcoLock
                0x00000434       0x14 .\CortexM0\ARM_GCC_541\Debug\Critical_Section.a(CyLib.o)
                0x00000434                CySysClkImoGetWcoLock
 .text.CyIntEnable
                0x00000448       0x14 .\CortexM0\ARM_GCC_541\Debug\Critical_Section.a(CyLib.o)
                0x00000448                CyIntEnable
 .text.CyHalt   0x0000045c        0x4 .\CortexM0\ARM_GCC_541\Debug\Critical_Section.a(CyLib.o)
                0x0000045c                CyHalt
 .text.CyIntSetVector
                0x00000460       0x24 .\CortexM0\ARM_GCC_541\Debug\Critical_Section.a(CyLib.o)
                0x00000460                CyIntSetVector
 .text.CyDelay  0x00000484       0x30 .\CortexM0\ARM_GCC_541\Debug\Critical_Section.a(CyLib.o)
                0x00000484                CyDelay
 .text.CySysClkImoEnableWcoLock
                0x000004b4       0xf0 .\CortexM0\ARM_GCC_541\Debug\Critical_Section.a(CyLib.o)
                0x000004b4                CySysClkImoEnableWcoLock
 .text.CySysClkWriteImoFreq
                0x000005a4       0x80 .\CortexM0\ARM_GCC_541\Debug\Critical_Section.a(CyLib.o)
                0x000005a4                CySysClkWriteImoFreq
 .text.CySysWdtLocked
                0x00000624       0x14 .\CortexM0\ARM_GCC_541\Debug\Critical_Section.a(CyLFClk.o)
 .text.CySysClkWcoEnabled
                0x00000638       0x14 .\CortexM0\ARM_GCC_541\Debug\Critical_Section.a(CyLFClk.o)
                0x00000638                CySysClkWcoEnabled
 .text.CySysWdtLock
                0x0000064c       0x1c .\CortexM0\ARM_GCC_541\Debug\Critical_Section.a(CyLFClk.o)
                0x0000064c                CySysWdtLock
 .text.CySysWdtUnlock
                0x00000668       0x30 .\CortexM0\ARM_GCC_541\Debug\Critical_Section.a(CyLFClk.o)
                0x00000668                CySysWdtUnlock
 .text.CySysWdtClearInterrupt
                0x00000698       0x4c .\CortexM0\ARM_GCC_541\Debug\Critical_Section.a(CyLFClk.o)
                0x00000698                CySysWdtClearInterrupt
 .text.CySysWdtIsr
                0x000006e4       0xa4 .\CortexM0\ARM_GCC_541\Debug\Critical_Section.a(CyLFClk.o)
                0x000006e4                CySysWdtIsr
 .text          0x00000788       0x20 .\CortexM0\ARM_GCC_541\Debug\Critical_Section.a(CyBootAsmGnu.o)
                0x00000788                CyDelayCycles
                0x0000079a                CyEnterCriticalSection
                0x000007a2                CyExitCriticalSection
 .text.CySysFlashSetWaitCycles
                0x000007a8       0x54 .\CortexM0\ARM_GCC_541\Debug\Critical_Section.a(CyFlash.o)
                0x000007a8                CySysFlashSetWaitCycles
 .text.__errno  0x000007fc        0xc c:/program files (x86)/cypress/psoc creator/4.1/psoc creator/import/gnu/arm/5.4.1/bin/../lib/gcc/arm-none-eabi/5.4.1/../../../../arm-none-eabi/lib/armv6-m\libg_nano.a(lib_a-errno.o)
                0x000007fc                __errno
 .text.__libc_init_array
                0x00000808       0x4c c:/program files (x86)/cypress/psoc creator/4.1/psoc creator/import/gnu/arm/5.4.1/bin/../lib/gcc/arm-none-eabi/5.4.1/../../../../arm-none-eabi/lib/armv6-m\libg_nano.a(lib_a-init.o)
                0x00000808                __libc_init_array
 .text.memset   0x00000854       0x10 c:/program files (x86)/cypress/psoc creator/4.1/psoc creator/import/gnu/arm/5.4.1/bin/../lib/gcc/arm-none-eabi/5.4.1/../../../../arm-none-eabi/lib/armv6-m\libg_nano.a(lib_a-memset.o)
                0x00000854                memset
 *(.plt)
 *(.gnu.warning)
 *(.glue_7t)
 .glue_7t       0x00000864        0x0 linker stubs
 *(.glue_7)
 .glue_7        0x00000864        0x0 linker stubs
 *(.vfp11_veneer)
 .vfp11_veneer  0x00000864        0x0 linker stubs
 *(.bootloader)
 *(.ARM.extab* .gnu.linkonce.armextab.*)
 *(.gcc_except_table)

.v4_bx          0x00000864        0x0
 .v4_bx         0x00000864        0x0 linker stubs

.iplt           0x00000864        0x0
 .iplt          0x00000864        0x0 c:/program files (x86)/cypress/psoc creator/4.1/psoc creator/import/gnu/arm/5.4.1/bin/../lib/gcc/arm-none-eabi/5.4.1/armv6-m/crtbegin.o

.eh_frame_hdr
 *(.eh_frame_hdr)

.eh_frame       0x00000864        0x4
 *(.eh_frame)
 .eh_frame      0x00000864        0x0 c:/program files (x86)/cypress/psoc creator/4.1/psoc creator/import/gnu/arm/5.4.1/bin/../lib/gcc/arm-none-eabi/5.4.1/armv6-m/crtbegin.o
 .eh_frame      0x00000864        0x4 c:/program files (x86)/cypress/psoc creator/4.1/psoc creator/import/gnu/arm/5.4.1/bin/../lib/gcc/arm-none-eabi/5.4.1/armv6-m/crtend.o
                [!provide]                PROVIDE (__exidx_start, .)

.ARM.exidx
 *(.ARM.exidx* .gnu.linkonce.armexidx.*)
                0x00000868                __exidx_end = .

.rodata         0x00000868       0x90
 *(.rodata .rodata.* .gnu.linkonce.r.*)
 .rodata        0x00000868        0xc .\CortexM0\ARM_GCC_541\Debug\cyfitter_cfg.o
 .rodata        0x00000874       0x47 .\CortexM0\ARM_GCC_541\Debug\Critical_Section.a(CyLib.o)
                0x00000874                cyImoFreqMhz2Reg
                0x000008a4                cyImoFreqMhz2DpllOffset
 .rodata.str1.1
                0x000008bb        0x2 c:/program files (x86)/cypress/psoc creator/4.1/psoc creator/import/gnu/arm/5.4.1/bin/../lib/gcc/arm-none-eabi/5.4.1/../../../../arm-none-eabi/lib/armv6-m\libg_nano.a(lib_a-impure.o)
                0x000008c0                . = ALIGN (0x4)
 *fill*         0x000008bd        0x3 
 *(.init)
 .init          0x000008c0        0x4 c:/program files (x86)/cypress/psoc creator/4.1/psoc creator/import/gnu/arm/5.4.1/bin/../lib/gcc/arm-none-eabi/5.4.1/armv6-m/crti.o
                0x000008c0                _init
 .init          0x000008c4        0x8 c:/program files (x86)/cypress/psoc creator/4.1/psoc creator/import/gnu/arm/5.4.1/bin/../lib/gcc/arm-none-eabi/5.4.1/armv6-m/crtn.o
                0x000008cc                . = ALIGN (0x4)
                0x000008cc                __preinit_array_start = .
 *(.preinit_array)
                0x000008cc                __preinit_array_end = .
                0x000008cc                . = ALIGN (0x4)
                0x000008cc                __init_array_start = .
 *(SORT(.init_array.*))
 *(.init_array)
 .init_array    0x000008cc        0x4 c:/program files (x86)/cypress/psoc creator/4.1/psoc creator/import/gnu/arm/5.4.1/bin/../lib/gcc/arm-none-eabi/5.4.1/armv6-m/crtbegin.o
 .init_array    0x000008d0        0x4 .\CortexM0\ARM_GCC_541\Debug\Cm0Start.o
                0x000008d4                __init_array_end = .
                0x000008d4                . = ALIGN (0x4)
 *(.fini)
 .fini          0x000008d4        0x4 c:/program files (x86)/cypress/psoc creator/4.1/psoc creator/import/gnu/arm/5.4.1/bin/../lib/gcc/arm-none-eabi/5.4.1/armv6-m/crti.o
                0x000008d4                _fini
 .fini          0x000008d8        0x8 c:/program files (x86)/cypress/psoc creator/4.1/psoc creator/import/gnu/arm/5.4.1/bin/../lib/gcc/arm-none-eabi/5.4.1/armv6-m/crtn.o
                0x000008e0                . = ALIGN (0x4)
                0x000008e0                __fini_array_start = .
 *(.fini_array)
 .fini_array    0x000008e0        0x4 c:/program files (x86)/cypress/psoc creator/4.1/psoc creator/import/gnu/arm/5.4.1/bin/../lib/gcc/arm-none-eabi/5.4.1/armv6-m/crtbegin.o
 *(SORT(.fini_array.*))
                0x000008e4                __fini_array_end = .
                0x000008e4                . = ALIGN (0x4)
 *crtbegin.o(.ctors)
 *(EXCLUDE_FILE(*crtend.o) .ctors)
 *(SORT(.ctors.*))
 *crtend.o(.ctors)
                0x000008e4                . = ALIGN (0x4)
 *crtbegin.o(.dtors)
 *(EXCLUDE_FILE(*crtend.o) .dtors)
 *(SORT(.dtors.*))
 *crtend.o(.dtors)
                0x000008e4                . = ALIGN (0x4)
                0x000008e4                __cy_regions = .
                0x000008e4        0x4 LONG 0x8f8 __cy_region_init_ram
                0x000008e8        0x4 LONG 0x200000c0 __cy_region_start_data
                0x000008ec        0x4 LONG 0x88 __cy_region_init_size_ram
                0x000008f0        0x4 LONG 0x48 __cy_region_zero_size_ram
                0x000008f4                __cy_regions_end = .
                0x000008f8                . = ALIGN (0x8)
 *fill*         0x000008f4        0x4 
                0x000008f8                _etext = .

.cy_checksum_exclude
                0x000008f8        0x0
 *(.cy_checksum_exclude)

.ramvectors     0x20000000       0xc0
                0x20000000                __cy_region_start_ram = .
 *(.ramvectors)
 .ramvectors    0x20000000       0xc0 .\CortexM0\ARM_GCC_541\Debug\Cm0Start.o
                0x20000000                CyRamVectors

.noinit
 *(.noinit)

.data           0x200000c0       0x88 load address 0x000008f8
                0x200000c0                __cy_region_start_data = .
 *(.jcr)
 .jcr           0x200000c0        0x0 c:/program files (x86)/cypress/psoc creator/4.1/psoc creator/import/gnu/arm/5.4.1/bin/../lib/gcc/arm-none-eabi/5.4.1/armv6-m/crtbegin.o
 .jcr           0x200000c0        0x4 c:/program files (x86)/cypress/psoc creator/4.1/psoc creator/import/gnu/arm/5.4.1/bin/../lib/gcc/arm-none-eabi/5.4.1/armv6-m/crtend.o
 *(.got.plt)
 *(.got)
 *(.shdata)
 *(.data .data.* .gnu.linkonce.d.*)
 .data          0x200000c4       0x14 .\CortexM0\ARM_GCC_541\Debug\Critical_Section.a(CyLib.o)
                0x200000c4                CySysClkPumpConfig
                0x200000c8                cydelay32kMs
                0x200000cc                cydelayFreqKhz
                0x200000d0                cydelayFreqMhz
                0x200000d4                cydelayFreqHz
 .data          0x200000d8        0x8 .\CortexM0\ARM_GCC_541\Debug\Critical_Section.a(CyLFClk.o)
 .data.impure_data
                0x200000e0       0x60 c:/program files (x86)/cypress/psoc creator/4.1/psoc creator/import/gnu/arm/5.4.1/bin/../lib/gcc/arm-none-eabi/5.4.1/../../../../arm-none-eabi/lib/armv6-m\libg_nano.a(lib_a-impure.o)
 .data._impure_ptr
                0x20000140        0x4 c:/program files (x86)/cypress/psoc creator/4.1/psoc creator/import/gnu/arm/5.4.1/bin/../lib/gcc/arm-none-eabi/5.4.1/../../../../arm-none-eabi/lib/armv6-m\libg_nano.a(lib_a-impure.o)
                0x20000140                _impure_ptr
                0x20000148                . = ALIGN (0x8)
 *fill*         0x20000144        0x4 
 *(.ram)
                0x20000148                _edata = .

.igot.plt       0x20000148        0x0 load address 0x00000980
 .igot.plt      0x20000148        0x0 c:/program files (x86)/cypress/psoc creator/4.1/psoc creator/import/gnu/arm/5.4.1/bin/../lib/gcc/arm-none-eabi/5.4.1/armv6-m/crtbegin.o

.bss            0x20000148       0x48 load address 0x00000980
                0x20000148                PROVIDE (__bss_start__, .)
 *(.shbss)
 *(.bss .bss.* .gnu.linkonce.b.*)
 .bss           0x20000148       0x1c c:/program files (x86)/cypress/psoc creator/4.1/psoc creator/import/gnu/arm/5.4.1/bin/../lib/gcc/arm-none-eabi/5.4.1/armv6-m/crtbegin.o
 .bss           0x20000164        0x1 .\CortexM0\ARM_GCC_541\Debug\Critical_Section.a(TCPWM.o)
                0x20000164                TCPWM_initVar
 *fill*         0x20000165        0x3 
 .bss           0x20000168       0x28 .\CortexM0\ARM_GCC_541\Debug\Critical_Section.a(CyLFClk.o)
 *(COMMON)
                0x20000190                . = ALIGN (0x8)
 *(.ram.b)
                0x20000190                _end = .
                0x20000190                __end = .
                0x20000190                PROVIDE (end, .)
                0x20000190                PROVIDE (__bss_end__, .)
                0x000008f8                __cy_region_init_ram = LOADADDR (.data)
                0x00000088                __cy_region_init_size_ram = (_edata - ADDR (.data))
                0x00000048                __cy_region_zero_size_ram = (_end - _edata)

.heap           0x20000190       0x80 load address 0x00000980
                0x20000190                . = _end
                0x20000210                . = (. + 0x80)
 *fill*         0x20000190       0x80 
                0x20000210                __cy_heap_limit = .

.stack          0x20003800      0x800
                0x20003800                __cy_stack_limit = .
                0x20004000                . = (. + 0x800)
 *fill*         0x20003800      0x800 
                0x00000001                ASSERT ((__cy_stack_limit >= __cy_heap_limit), region RAM overflowed with stack)
                0x00000000                cy_checksum_exclude_size = (CY_APPL_LOADABLE == 0x1)?SIZEOF (.cy_checksum_exclude):0x0
                0x00000001                ASSERT ((cy_checksum_exclude_size <= CY_CHECKSUM_EXCLUDE_SIZE), CY_BOOT: Section .cy_checksum_exclude size exceedes specified limit.)
                0x0001ffc0                cyloadermeta_start = (cy_project_type_bootloader || cy_project_type_app_for_stack_and_copier)?(LENGTH (rom) - CY_METADATA_SIZE):0xf0000000

.cyloadermeta
 *(.cyloadermeta)
                0x0001ffc0                cyloadablemeta_start = cy_project_type_app_for_stack_and_copier?((LENGTH (rom) - CY_FLASH_ROW_SIZE) - CY_METADATA_SIZE):((LENGTH (rom) - (CY_FLASH_ROW_SIZE * (CY_APPL_NUM - 0x1))) - CY_METADATA_SIZE)

.cyloadablemeta
 *(.cyloadablemeta)

.cyflashprotect
                0x90400000       0x80
 *(.cyflashprotect)
 .cyflashprotect
                0x90400000       0x80 .\CortexM0\ARM_GCC_541\Debug\cymetadata.o
                0x90400000                cy_meta_flashprotect

.cymeta         0x90500000        0xc
 *(.cymeta)
 .cymeta        0x90500000        0xc .\CortexM0\ARM_GCC_541\Debug\cymetadata.o
                0x90500000                cy_metadata

.cychipprotect  0x90600000        0x1
 *(.cychipprotect)
 .cychipprotect
                0x90600000        0x1 .\CortexM0\ARM_GCC_541\Debug\cymetadata.o
                0x90600000                cy_meta_chipprotect

.rel.dyn        0x00000980        0x0 load address 0x90600004
 .rel.iplt      0x00000980        0x0 c:/program files (x86)/cypress/psoc creator/4.1/psoc creator/import/gnu/arm/5.4.1/bin/../lib/gcc/arm-none-eabi/5.4.1/armv6-m/crtbegin.o

.stab
 *(.stab)

.stabstr
 *(.stabstr)

.debug
 *(.debug)

.line
 *(.line)

.debug_srcinfo
 *(.debug_srcinfo)

.debug_sfnames
 *(.debug_sfnames)

.debug_aranges  0x00000000      0x6d8
 *(.debug_aranges)
 .debug_aranges
                0x00000000       0x28 .\CortexM0\ARM_GCC_541\Debug\main.o
 .debug_aranges
                0x00000028       0x38 .\CortexM0\ARM_GCC_541\Debug\cyfitter_cfg.o
 .debug_aranges
                0x00000060       0x18 .\CortexM0\ARM_GCC_541\Debug\cymetadata.o
 .debug_aranges
                0x00000078       0x48 .\CortexM0\ARM_GCC_541\Debug\Cm0Start.o
 .debug_aranges
                0x000000c0      0x158 .\CortexM0\ARM_GCC_541\Debug\Critical_Section.a(TCPWM.o)
 .debug_aranges
                0x00000218       0x80 .\CortexM0\ARM_GCC_541\Debug\Critical_Section.a(isr_1.o)
 .debug_aranges
                0x00000298       0x48 .\CortexM0\ARM_GCC_541\Debug\Critical_Section.a(Pin_LED.o)
 .debug_aranges
                0x000002e0       0x48 .\CortexM0\ARM_GCC_541\Debug\Critical_Section.a(Pin_LED_1.o)
 .debug_aranges
                0x00000328      0x1c8 .\CortexM0\ARM_GCC_541\Debug\Critical_Section.a(CyLib.o)
 .debug_aranges
                0x000004f0      0x188 .\CortexM0\ARM_GCC_541\Debug\Critical_Section.a(CyLFClk.o)
 .debug_aranges
                0x00000678       0x20 .\CortexM0\ARM_GCC_541\Debug\Critical_Section.a(CyBootAsmGnu.o)
 .debug_aranges
                0x00000698       0x40 .\CortexM0\ARM_GCC_541\Debug\Critical_Section.a(CyFlash.o)

.debug_pubnames
 *(.debug_pubnames)

.debug_info     0x00000000     0x39f1
 *(.debug_info .gnu.linkonce.wi.*)
 .debug_info    0x00000000      0x20f .\CortexM0\ARM_GCC_541\Debug\main.o
 .debug_info    0x0000020f      0x298 .\CortexM0\ARM_GCC_541\Debug\cyfitter_cfg.o
 .debug_info    0x000004a7       0xf8 .\CortexM0\ARM_GCC_541\Debug\cymetadata.o
 .debug_info    0x0000059f      0x3a2 .\CortexM0\ARM_GCC_541\Debug\Cm0Start.o
 .debug_info    0x00000941      0x8f6 .\CortexM0\ARM_GCC_541\Debug\Critical_Section.a(TCPWM.o)
 .debug_info    0x00001237      0x305 .\CortexM0\ARM_GCC_541\Debug\Critical_Section.a(isr_1.o)
 .debug_info    0x0000153c      0x19d .\CortexM0\ARM_GCC_541\Debug\Critical_Section.a(Pin_LED.o)
 .debug_info    0x000016d9      0x19d .\CortexM0\ARM_GCC_541\Debug\Critical_Section.a(Pin_LED_1.o)
 .debug_info    0x00001876      0xd2f .\CortexM0\ARM_GCC_541\Debug\Critical_Section.a(CyLib.o)
 .debug_info    0x000025a5     0x1058 .\CortexM0\ARM_GCC_541\Debug\Critical_Section.a(CyLFClk.o)
 .debug_info    0x000035fd       0xa4 .\CortexM0\ARM_GCC_541\Debug\Critical_Section.a(CyBootAsmGnu.o)
 .debug_info    0x000036a1      0x350 .\CortexM0\ARM_GCC_541\Debug\Critical_Section.a(CyFlash.o)

.debug_abbrev   0x00000000      0xea1
 *(.debug_abbrev)
 .debug_abbrev  0x00000000       0xce .\CortexM0\ARM_GCC_541\Debug\main.o
 .debug_abbrev  0x000000ce      0x166 .\CortexM0\ARM_GCC_541\Debug\cyfitter_cfg.o
 .debug_abbrev  0x00000234       0x5d .\CortexM0\ARM_GCC_541\Debug\cymetadata.o
 .debug_abbrev  0x00000291      0x1d7 .\CortexM0\ARM_GCC_541\Debug\Cm0Start.o
 .debug_abbrev  0x00000468      0x119 .\CortexM0\ARM_GCC_541\Debug\Critical_Section.a(TCPWM.o)
 .debug_abbrev  0x00000581      0x19a .\CortexM0\ARM_GCC_541\Debug\Critical_Section.a(isr_1.o)
 .debug_abbrev  0x0000071b       0xc8 .\CortexM0\ARM_GCC_541\Debug\Critical_Section.a(Pin_LED.o)
 .debug_abbrev  0x000007e3       0xc8 .\CortexM0\ARM_GCC_541\Debug\Critical_Section.a(Pin_LED_1.o)
 .debug_abbrev  0x000008ab      0x218 .\CortexM0\ARM_GCC_541\Debug\Critical_Section.a(CyLib.o)
 .debug_abbrev  0x00000ac3      0x248 .\CortexM0\ARM_GCC_541\Debug\Critical_Section.a(CyLFClk.o)
 .debug_abbrev  0x00000d0b       0x14 .\CortexM0\ARM_GCC_541\Debug\Critical_Section.a(CyBootAsmGnu.o)
 .debug_abbrev  0x00000d1f      0x182 .\CortexM0\ARM_GCC_541\Debug\Critical_Section.a(CyFlash.o)

.debug_line     0x00000000     0x18bf
 *(.debug_line)
 .debug_line    0x00000000       0xca .\CortexM0\ARM_GCC_541\Debug\main.o
 .debug_line    0x000000ca      0x147 .\CortexM0\ARM_GCC_541\Debug\cyfitter_cfg.o
 .debug_line    0x00000211      0x141 .\CortexM0\ARM_GCC_541\Debug\cymetadata.o
 .debug_line    0x00000352      0x236 .\CortexM0\ARM_GCC_541\Debug\Cm0Start.o
 .debug_line    0x00000588      0x379 .\CortexM0\ARM_GCC_541\Debug\Critical_Section.a(TCPWM.o)
 .debug_line    0x00000901      0x151 .\CortexM0\ARM_GCC_541\Debug\Critical_Section.a(isr_1.o)
 .debug_line    0x00000a52       0xbf .\CortexM0\ARM_GCC_541\Debug\Critical_Section.a(Pin_LED.o)
 .debug_line    0x00000b11       0xc1 .\CortexM0\ARM_GCC_541\Debug\Critical_Section.a(Pin_LED_1.o)
 .debug_line    0x00000bd2      0x541 .\CortexM0\ARM_GCC_541\Debug\Critical_Section.a(CyLib.o)
 .debug_line    0x00001113      0x5d1 .\CortexM0\ARM_GCC_541\Debug\Critical_Section.a(CyLFClk.o)
 .debug_line    0x000016e4       0x68 .\CortexM0\ARM_GCC_541\Debug\Critical_Section.a(CyBootAsmGnu.o)
 .debug_line    0x0000174c      0x173 .\CortexM0\ARM_GCC_541\Debug\Critical_Section.a(CyFlash.o)

.debug_frame    0x00000000     0x11c4
 *(.debug_frame)
 .debug_frame   0x00000000       0x4c .\CortexM0\ARM_GCC_541\Debug\main.o
 .debug_frame   0x0000004c       0x74 .\CortexM0\ARM_GCC_541\Debug\cyfitter_cfg.o
 .debug_frame   0x000000c0       0xbc .\CortexM0\ARM_GCC_541\Debug\Cm0Start.o
 .debug_frame   0x0000017c      0x3a0 .\CortexM0\ARM_GCC_541\Debug\Critical_Section.a(TCPWM.o)
 .debug_frame   0x0000051c      0x110 .\CortexM0\ARM_GCC_541\Debug\Critical_Section.a(isr_1.o)
 .debug_frame   0x0000062c       0x70 .\CortexM0\ARM_GCC_541\Debug\Critical_Section.a(Pin_LED.o)
 .debug_frame   0x0000069c       0x70 .\CortexM0\ARM_GCC_541\Debug\Critical_Section.a(Pin_LED_1.o)
 .debug_frame   0x0000070c      0x488 .\CortexM0\ARM_GCC_541\Debug\Critical_Section.a(CyLib.o)
 .debug_frame   0x00000b94      0x4a4 .\CortexM0\ARM_GCC_541\Debug\Critical_Section.a(CyLFClk.o)
 .debug_frame   0x00001038       0x90 .\CortexM0\ARM_GCC_541\Debug\Critical_Section.a(CyFlash.o)
 .debug_frame   0x000010c8       0x20 c:/program files (x86)/cypress/psoc creator/4.1/psoc creator/import/gnu/arm/5.4.1/bin/../lib/gcc/arm-none-eabi/5.4.1/armv6-m\libgcc.a(_udivsi3.o)
 .debug_frame   0x000010e8       0x20 c:/program files (x86)/cypress/psoc creator/4.1/psoc creator/import/gnu/arm/5.4.1/bin/../lib/gcc/arm-none-eabi/5.4.1/armv6-m\libgcc.a(_divsi3.o)
 .debug_frame   0x00001108       0x20 c:/program files (x86)/cypress/psoc creator/4.1/psoc creator/import/gnu/arm/5.4.1/bin/../lib/gcc/arm-none-eabi/5.4.1/../../../../arm-none-eabi/lib/armv6-m\libg_nano.a(lib_a-errno.o)
 .debug_frame   0x00001128       0x28 c:/program files (x86)/cypress/psoc creator/4.1/psoc creator/import/gnu/arm/5.4.1/bin/../lib/gcc/arm-none-eabi/5.4.1/../../../../arm-none-eabi/lib/armv6-m\libg_nano.a(lib_a-exit.o)
 .debug_frame   0x00001150       0x2c c:/program files (x86)/cypress/psoc creator/4.1/psoc creator/import/gnu/arm/5.4.1/bin/../lib/gcc/arm-none-eabi/5.4.1/../../../../arm-none-eabi/lib/armv6-m\libg_nano.a(lib_a-init.o)
 .debug_frame   0x0000117c       0x28 c:/program files (x86)/cypress/psoc creator/4.1/psoc creator/import/gnu/arm/5.4.1/bin/../lib/gcc/arm-none-eabi/5.4.1/../../../../arm-none-eabi/lib/armv6-m\libg_nano.a(lib_a-memcpy-stub.o)
 .debug_frame   0x000011a4       0x20 c:/program files (x86)/cypress/psoc creator/4.1/psoc creator/import/gnu/arm/5.4.1/bin/../lib/gcc/arm-none-eabi/5.4.1/../../../../arm-none-eabi/lib/armv6-m\libg_nano.a(lib_a-memset.o)

.debug_str      0x00000000     0x17e5
 *(.debug_str)
 .debug_str     0x00000000      0x201 .\CortexM0\ARM_GCC_541\Debug\main.o
                                0x241 (size before relaxing)
 .debug_str     0x00000201       0xc6 .\CortexM0\ARM_GCC_541\Debug\cyfitter_cfg.o
                                0x26f (size before relaxing)
 .debug_str     0x000002c7       0x63 .\CortexM0\ARM_GCC_541\Debug\cymetadata.o
                                0x1dc (size before relaxing)
 .debug_str     0x0000032a      0x140 .\CortexM0\ARM_GCC_541\Debug\Cm0Start.o
                                0x315 (size before relaxing)
 .debug_str     0x0000046a      0x3cf .\CortexM0\ARM_GCC_541\Debug\Critical_Section.a(TCPWM.o)
                                0x5c5 (size before relaxing)
 .debug_str     0x00000839       0xff .\CortexM0\ARM_GCC_541\Debug\Critical_Section.a(isr_1.o)
                                0x2fe (size before relaxing)
 .debug_str     0x00000938       0xb1 .\CortexM0\ARM_GCC_541\Debug\Critical_Section.a(Pin_LED.o)
                                0x258 (size before relaxing)
 .debug_str     0x000009e9       0x93 .\CortexM0\ARM_GCC_541\Debug\Critical_Section.a(Pin_LED_1.o)
                                0x266 (size before relaxing)
 .debug_str     0x00000a7c      0x5d7 .\CortexM0\ARM_GCC_541\Debug\Critical_Section.a(CyLib.o)
                                0x829 (size before relaxing)
 .debug_str     0x00001053      0x6eb .\CortexM0\ARM_GCC_541\Debug\Critical_Section.a(CyLFClk.o)
                                0x931 (size before relaxing)
 .debug_str     0x0000173e       0xa7 .\CortexM0\ARM_GCC_541\Debug\Critical_Section.a(CyFlash.o)
                                0x2c4 (size before relaxing)

.debug_loc      0x00000000     0x1fdc
 *(.debug_loc)
 .debug_loc     0x00000000       0xa9 .\CortexM0\ARM_GCC_541\Debug\cyfitter_cfg.o
 .debug_loc     0x000000a9      0x14f .\CortexM0\ARM_GCC_541\Debug\Cm0Start.o
 .debug_loc     0x000001f8      0x547 .\CortexM0\ARM_GCC_541\Debug\Critical_Section.a(TCPWM.o)
 .debug_loc     0x0000073f       0x82 .\CortexM0\ARM_GCC_541\Debug\Critical_Section.a(isr_1.o)
 .debug_loc     0x000007c1       0xa2 .\CortexM0\ARM_GCC_541\Debug\Critical_Section.a(Pin_LED.o)
 .debug_loc     0x00000863       0xa2 .\CortexM0\ARM_GCC_541\Debug\Critical_Section.a(Pin_LED_1.o)
 .debug_loc     0x00000905      0x7c0 .\CortexM0\ARM_GCC_541\Debug\Critical_Section.a(CyLib.o)
 .debug_loc     0x000010c5      0xdb7 .\CortexM0\ARM_GCC_541\Debug\Critical_Section.a(CyLFClk.o)
 .debug_loc     0x00001e7c      0x160 .\CortexM0\ARM_GCC_541\Debug\Critical_Section.a(CyFlash.o)

.debug_macinfo
 *(.debug_macinfo)

.debug_ranges   0x00000000      0x600
 *(.debug_ranges)
 .debug_ranges  0x00000000       0x18 .\CortexM0\ARM_GCC_541\Debug\main.o
 .debug_ranges  0x00000018       0x28 .\CortexM0\ARM_GCC_541\Debug\cyfitter_cfg.o
 .debug_ranges  0x00000040       0x38 .\CortexM0\ARM_GCC_541\Debug\Cm0Start.o
 .debug_ranges  0x00000078      0x148 .\CortexM0\ARM_GCC_541\Debug\Critical_Section.a(TCPWM.o)
 .debug_ranges  0x000001c0       0x70 .\CortexM0\ARM_GCC_541\Debug\Critical_Section.a(isr_1.o)
 .debug_ranges  0x00000230       0x38 .\CortexM0\ARM_GCC_541\Debug\Critical_Section.a(Pin_LED.o)
 .debug_ranges  0x00000268       0x38 .\CortexM0\ARM_GCC_541\Debug\Critical_Section.a(Pin_LED_1.o)
 .debug_ranges  0x000002a0      0x1b8 .\CortexM0\ARM_GCC_541\Debug\Critical_Section.a(CyLib.o)
 .debug_ranges  0x00000458      0x178 .\CortexM0\ARM_GCC_541\Debug\Critical_Section.a(CyLFClk.o)
 .debug_ranges  0x000005d0       0x30 .\CortexM0\ARM_GCC_541\Debug\Critical_Section.a(CyFlash.o)

.comment        0x00000000       0x6e
 .comment       0x00000000       0x6e .\CortexM0\ARM_GCC_541\Debug\main.o
                                 0x6f (size before relaxing)
 .comment       0x0000006e       0x6f .\CortexM0\ARM_GCC_541\Debug\cyfitter_cfg.o
 .comment       0x0000006e       0x6f .\CortexM0\ARM_GCC_541\Debug\cymetadata.o
 .comment       0x0000006e       0x6f .\CortexM0\ARM_GCC_541\Debug\Cm0Start.o
 .comment       0x0000006e       0x6f .\CortexM0\ARM_GCC_541\Debug\Critical_Section.a(TCPWM.o)
 .comment       0x0000006e       0x6f .\CortexM0\ARM_GCC_541\Debug\Critical_Section.a(isr_1.o)
 .comment       0x0000006e       0x6f .\CortexM0\ARM_GCC_541\Debug\Critical_Section.a(Pin_LED.o)
 .comment       0x0000006e       0x6f .\CortexM0\ARM_GCC_541\Debug\Critical_Section.a(Pin_LED_1.o)
 .comment       0x0000006e       0x6f .\CortexM0\ARM_GCC_541\Debug\Critical_Section.a(CyLib.o)
 .comment       0x0000006e       0x6f .\CortexM0\ARM_GCC_541\Debug\Critical_Section.a(CyLFClk.o)
 .comment       0x0000006e       0x6f .\CortexM0\ARM_GCC_541\Debug\Critical_Section.a(CyFlash.o)

.debug_weaknames
 *(.debug_weaknames)

.debug_funcnames
 *(.debug_funcnames)

.debug_typenames
 *(.debug_typenames)

.debug_varnames
 *(.debug_varnames)

.note.gnu.arm.ident
 *(.note.gnu.arm.ident)

.ARM.attributes
                0x00000000       0x28
 *(.ARM.attributes)
 .ARM.attributes
                0x00000000       0x1e c:/program files (x86)/cypress/psoc creator/4.1/psoc creator/import/gnu/arm/5.4.1/bin/../lib/gcc/arm-none-eabi/5.4.1/armv6-m/crti.o
 .ARM.attributes
                0x0000001e       0x2c c:/program files (x86)/cypress/psoc creator/4.1/psoc creator/import/gnu/arm/5.4.1/bin/../lib/gcc/arm-none-eabi/5.4.1/armv6-m/crtbegin.o
 .ARM.attributes
                0x0000004a       0x1b c:/program files (x86)/cypress/psoc creator/4.1/psoc creator/import/gnu/arm/5.4.1/bin/../lib/gcc/arm-none-eabi/5.4.1/../../../../arm-none-eabi/lib/armv6-m/crt0.o
 .ARM.attributes
                0x00000065       0x31 .\CortexM0\ARM_GCC_541\Debug\main.o
 .ARM.attributes
                0x00000096       0x31 .\CortexM0\ARM_GCC_541\Debug\cyfitter_cfg.o
 .ARM.attributes
                0x000000c7       0x31 .\CortexM0\ARM_GCC_541\Debug\cymetadata.o
 .ARM.attributes
                0x000000f8       0x31 .\CortexM0\ARM_GCC_541\Debug\Cm0Start.o
 .ARM.attributes
                0x00000129       0x31 .\CortexM0\ARM_GCC_541\Debug\Critical_Section.a(TCPWM.o)
 .ARM.attributes
                0x0000015a       0x31 .\CortexM0\ARM_GCC_541\Debug\Critical_Section.a(isr_1.o)
 .ARM.attributes
                0x0000018b       0x31 .\CortexM0\ARM_GCC_541\Debug\Critical_Section.a(Pin_LED.o)
 .ARM.attributes
                0x000001bc       0x31 .\CortexM0\ARM_GCC_541\Debug\Critical_Section.a(Pin_LED_1.o)
 .ARM.attributes
                0x000001ed       0x31 .\CortexM0\ARM_GCC_541\Debug\Critical_Section.a(CyLib.o)
 .ARM.attributes
                0x0000021e       0x31 .\CortexM0\ARM_GCC_541\Debug\Critical_Section.a(CyLFClk.o)
 .ARM.attributes
                0x0000024f       0x21 .\CortexM0\ARM_GCC_541\Debug\Critical_Section.a(CyBootAsmGnu.o)
 .ARM.attributes
                0x00000270       0x31 .\CortexM0\ARM_GCC_541\Debug\Critical_Section.a(CyFlash.o)
 .ARM.attributes
                0x000002a1       0x1e c:/program files (x86)/cypress/psoc creator/4.1/psoc creator/import/gnu/arm/5.4.1/bin/../lib/gcc/arm-none-eabi/5.4.1/armv6-m\libgcc.a(_udivsi3.o)
 .ARM.attributes
                0x000002bf       0x1e c:/program files (x86)/cypress/psoc creator/4.1/psoc creator/import/gnu/arm/5.4.1/bin/../lib/gcc/arm-none-eabi/5.4.1/armv6-m\libgcc.a(_divsi3.o)
 .ARM.attributes
                0x000002dd       0x1e c:/program files (x86)/cypress/psoc creator/4.1/psoc creator/import/gnu/arm/5.4.1/bin/../lib/gcc/arm-none-eabi/5.4.1/armv6-m\libgcc.a(_dvmd_tls.o)
 .ARM.attributes
                0x000002fb       0x2c c:/program files (x86)/cypress/psoc creator/4.1/psoc creator/import/gnu/arm/5.4.1/bin/../lib/gcc/arm-none-eabi/5.4.1/../../../../arm-none-eabi/lib/armv6-m\libg_nano.a(lib_a-errno.o)
 .ARM.attributes
                0x00000327       0x2c c:/program files (x86)/cypress/psoc creator/4.1/psoc creator/import/gnu/arm/5.4.1/bin/../lib/gcc/arm-none-eabi/5.4.1/../../../../arm-none-eabi/lib/armv6-m\libg_nano.a(lib_a-exit.o)
 .ARM.attributes
                0x00000353       0x2c c:/program files (x86)/cypress/psoc creator/4.1/psoc creator/import/gnu/arm/5.4.1/bin/../lib/gcc/arm-none-eabi/5.4.1/../../../../arm-none-eabi/lib/armv6-m\libg_nano.a(lib_a-impure.o)
 .ARM.attributes
                0x0000037f       0x2c c:/program files (x86)/cypress/psoc creator/4.1/psoc creator/import/gnu/arm/5.4.1/bin/../lib/gcc/arm-none-eabi/5.4.1/../../../../arm-none-eabi/lib/armv6-m\libg_nano.a(lib_a-init.o)
 .ARM.attributes
                0x000003ab       0x2c c:/program files (x86)/cypress/psoc creator/4.1/psoc creator/import/gnu/arm/5.4.1/bin/../lib/gcc/arm-none-eabi/5.4.1/../../../../arm-none-eabi/lib/armv6-m\libg_nano.a(lib_a-memcpy-stub.o)
 .ARM.attributes
                0x000003d7       0x2c c:/program files (x86)/cypress/psoc creator/4.1/psoc creator/import/gnu/arm/5.4.1/bin/../lib/gcc/arm-none-eabi/5.4.1/../../../../arm-none-eabi/lib/armv6-m\libg_nano.a(lib_a-memset.o)
 .ARM.attributes
                0x00000403       0x2c c:/program files (x86)/cypress/psoc creator/4.1/psoc creator/import/gnu/arm/5.4.1/bin/../lib/gcc/arm-none-eabi/5.4.1/armv6-m/crtend.o
 .ARM.attributes
                0x0000042f       0x1e c:/program files (x86)/cypress/psoc creator/4.1/psoc creator/import/gnu/arm/5.4.1/bin/../lib/gcc/arm-none-eabi/5.4.1/armv6-m/crtn.o

/DISCARD/
 *(.note.GNU-stack)
OUTPUT(C:\Users\Mahe\Documents\PSoC Creator\Workspace01\Aug_16th_AESD\Critical_Section.cydsn\CortexM0\ARM_GCC_541\Debug\Critical_Section.elf elf32-littlearm)
