ARM GAS  C:\Users\Mahe\AppData\Local\Temp\ccKnuwbr.s 			page 1


   1              		.syntax unified
   2              		.cpu cortex-m0
   3              		.fpu softvfp
   4              		.eabi_attribute 20, 1
   5              		.eabi_attribute 21, 1
   6              		.eabi_attribute 23, 3
   7              		.eabi_attribute 24, 1
   8              		.eabi_attribute 25, 1
   9              		.eabi_attribute 26, 1
  10              		.eabi_attribute 30, 1
  11              		.eabi_attribute 34, 0
  12              		.eabi_attribute 18, 4
  13              		.thumb
  14              		.syntax unified
  15              		.file	"cyfitter_cfg.c"
  16              		.text
  17              	.Ltext0:
  18              		.cfi_sections	.debug_frame
  19              		.section	.text.AnalogSetDefault,"ax",%progbits
  20              		.align	2
  21              		.code	16
  22              		.thumb_func
  23              		.type	AnalogSetDefault, %function
  24              	AnalogSetDefault:
  25              	.LFB5:
  26              		.file 1 "Generated_Source\\PSoC4\\cyfitter_cfg.c"
   1:Generated_Source\PSoC4/cyfitter_cfg.c **** 
   2:Generated_Source\PSoC4/cyfitter_cfg.c **** /*******************************************************************************
   3:Generated_Source\PSoC4/cyfitter_cfg.c **** * File Name: cyfitter_cfg.c
   4:Generated_Source\PSoC4/cyfitter_cfg.c **** * 
   5:Generated_Source\PSoC4/cyfitter_cfg.c **** * PSoC Creator  4.1 Update 1
   6:Generated_Source\PSoC4/cyfitter_cfg.c **** *
   7:Generated_Source\PSoC4/cyfitter_cfg.c **** * Description:
   8:Generated_Source\PSoC4/cyfitter_cfg.c **** * This file contains device initialization code.
   9:Generated_Source\PSoC4/cyfitter_cfg.c **** * Except for the user defined sections in CyClockStartupError(), this file should not be modified.
  10:Generated_Source\PSoC4/cyfitter_cfg.c **** * This file is automatically generated by PSoC Creator.
  11:Generated_Source\PSoC4/cyfitter_cfg.c **** *
  12:Generated_Source\PSoC4/cyfitter_cfg.c **** ********************************************************************************
  13:Generated_Source\PSoC4/cyfitter_cfg.c **** * Copyright (c) 2007-2017 Cypress Semiconductor.  All rights reserved.
  14:Generated_Source\PSoC4/cyfitter_cfg.c **** * You may use this file only in accordance with the license, terms, conditions, 
  15:Generated_Source\PSoC4/cyfitter_cfg.c **** * disclaimers, and limitations in the end user license agreement accompanying 
  16:Generated_Source\PSoC4/cyfitter_cfg.c **** * the software package with which this file was provided.
  17:Generated_Source\PSoC4/cyfitter_cfg.c **** ********************************************************************************/
  18:Generated_Source\PSoC4/cyfitter_cfg.c **** 
  19:Generated_Source\PSoC4/cyfitter_cfg.c **** #include <string.h>
  20:Generated_Source\PSoC4/cyfitter_cfg.c **** #include "cytypes.h"
  21:Generated_Source\PSoC4/cyfitter_cfg.c **** #include "cydevice_trm.h"
  22:Generated_Source\PSoC4/cyfitter_cfg.c **** #include "cyfitter.h"
  23:Generated_Source\PSoC4/cyfitter_cfg.c **** #include "CyLib.h"
  24:Generated_Source\PSoC4/cyfitter_cfg.c **** #include "CyLFClk.h"
  25:Generated_Source\PSoC4/cyfitter_cfg.c **** #include "cyfitter_cfg.h"
  26:Generated_Source\PSoC4/cyfitter_cfg.c **** #include "cyapicallbacks.h"
  27:Generated_Source\PSoC4/cyfitter_cfg.c **** 
  28:Generated_Source\PSoC4/cyfitter_cfg.c **** 
  29:Generated_Source\PSoC4/cyfitter_cfg.c **** #if defined(__GNUC__) || defined(__ARMCC_VERSION)
  30:Generated_Source\PSoC4/cyfitter_cfg.c ****     #define CYPACKED 
  31:Generated_Source\PSoC4/cyfitter_cfg.c ****     #define CYPACKED_ATTR __attribute__ ((packed))
ARM GAS  C:\Users\Mahe\AppData\Local\Temp\ccKnuwbr.s 			page 2


  32:Generated_Source\PSoC4/cyfitter_cfg.c ****     #define CYALIGNED __attribute__ ((aligned))
  33:Generated_Source\PSoC4/cyfitter_cfg.c ****     #define CY_CFG_UNUSED __attribute__ ((unused))
  34:Generated_Source\PSoC4/cyfitter_cfg.c ****     #ifndef CY_CFG_SECTION
  35:Generated_Source\PSoC4/cyfitter_cfg.c ****         #define CY_CFG_SECTION __attribute__ ((section(".psocinit")))
  36:Generated_Source\PSoC4/cyfitter_cfg.c ****     #endif
  37:Generated_Source\PSoC4/cyfitter_cfg.c ****     
  38:Generated_Source\PSoC4/cyfitter_cfg.c ****     #if defined(__ARMCC_VERSION)
  39:Generated_Source\PSoC4/cyfitter_cfg.c ****         #define CY_CFG_MEMORY_BARRIER() __memory_changed()
  40:Generated_Source\PSoC4/cyfitter_cfg.c ****     #else
  41:Generated_Source\PSoC4/cyfitter_cfg.c ****         #define CY_CFG_MEMORY_BARRIER() __sync_synchronize()
  42:Generated_Source\PSoC4/cyfitter_cfg.c ****     #endif
  43:Generated_Source\PSoC4/cyfitter_cfg.c ****     
  44:Generated_Source\PSoC4/cyfitter_cfg.c **** #elif defined(__ICCARM__)
  45:Generated_Source\PSoC4/cyfitter_cfg.c ****     #include <intrinsics.h>
  46:Generated_Source\PSoC4/cyfitter_cfg.c **** 
  47:Generated_Source\PSoC4/cyfitter_cfg.c ****     #define CYPACKED __packed
  48:Generated_Source\PSoC4/cyfitter_cfg.c ****     #define CYPACKED_ATTR 
  49:Generated_Source\PSoC4/cyfitter_cfg.c ****     #define CYALIGNED _Pragma("data_alignment=4")
  50:Generated_Source\PSoC4/cyfitter_cfg.c ****     #define CY_CFG_UNUSED _Pragma("diag_suppress=Pe177")
  51:Generated_Source\PSoC4/cyfitter_cfg.c ****     #define CY_CFG_SECTION _Pragma("location=\".psocinit\"")
  52:Generated_Source\PSoC4/cyfitter_cfg.c ****     
  53:Generated_Source\PSoC4/cyfitter_cfg.c ****     #define CY_CFG_MEMORY_BARRIER() __DMB()
  54:Generated_Source\PSoC4/cyfitter_cfg.c ****     
  55:Generated_Source\PSoC4/cyfitter_cfg.c **** #else
  56:Generated_Source\PSoC4/cyfitter_cfg.c ****     #error Unsupported toolchain
  57:Generated_Source\PSoC4/cyfitter_cfg.c **** #endif
  58:Generated_Source\PSoC4/cyfitter_cfg.c **** 
  59:Generated_Source\PSoC4/cyfitter_cfg.c **** #ifndef CYCODE
  60:Generated_Source\PSoC4/cyfitter_cfg.c ****     #define CYCODE
  61:Generated_Source\PSoC4/cyfitter_cfg.c **** #endif
  62:Generated_Source\PSoC4/cyfitter_cfg.c **** #ifndef CYDATA
  63:Generated_Source\PSoC4/cyfitter_cfg.c ****     #define CYDATA
  64:Generated_Source\PSoC4/cyfitter_cfg.c **** #endif
  65:Generated_Source\PSoC4/cyfitter_cfg.c **** #ifndef CYFAR
  66:Generated_Source\PSoC4/cyfitter_cfg.c ****     #define CYFAR
  67:Generated_Source\PSoC4/cyfitter_cfg.c **** #endif
  68:Generated_Source\PSoC4/cyfitter_cfg.c **** #ifndef CYXDATA
  69:Generated_Source\PSoC4/cyfitter_cfg.c ****     #define CYXDATA
  70:Generated_Source\PSoC4/cyfitter_cfg.c **** #endif
  71:Generated_Source\PSoC4/cyfitter_cfg.c **** 
  72:Generated_Source\PSoC4/cyfitter_cfg.c **** 
  73:Generated_Source\PSoC4/cyfitter_cfg.c **** CY_CFG_UNUSED
  74:Generated_Source\PSoC4/cyfitter_cfg.c **** static void CYMEMZERO(void *s, size_t n);
  75:Generated_Source\PSoC4/cyfitter_cfg.c **** CY_CFG_UNUSED
  76:Generated_Source\PSoC4/cyfitter_cfg.c **** static void CYMEMZERO(void *s, size_t n)
  77:Generated_Source\PSoC4/cyfitter_cfg.c **** {
  78:Generated_Source\PSoC4/cyfitter_cfg.c **** 	(void)memset(s, 0, n);
  79:Generated_Source\PSoC4/cyfitter_cfg.c **** }
  80:Generated_Source\PSoC4/cyfitter_cfg.c **** CY_CFG_UNUSED
  81:Generated_Source\PSoC4/cyfitter_cfg.c **** static void CYCONFIGCPY(void *dest, const void *src, size_t n);
  82:Generated_Source\PSoC4/cyfitter_cfg.c **** CY_CFG_UNUSED
  83:Generated_Source\PSoC4/cyfitter_cfg.c **** static void CYCONFIGCPY(void *dest, const void *src, size_t n)
  84:Generated_Source\PSoC4/cyfitter_cfg.c **** {
  85:Generated_Source\PSoC4/cyfitter_cfg.c **** 	(void)memcpy(dest, src, n);
  86:Generated_Source\PSoC4/cyfitter_cfg.c **** }
  87:Generated_Source\PSoC4/cyfitter_cfg.c **** CY_CFG_UNUSED
  88:Generated_Source\PSoC4/cyfitter_cfg.c **** static void CYCONFIGCPYCODE(void *dest, const void *src, size_t n);
ARM GAS  C:\Users\Mahe\AppData\Local\Temp\ccKnuwbr.s 			page 3


  89:Generated_Source\PSoC4/cyfitter_cfg.c **** CY_CFG_UNUSED
  90:Generated_Source\PSoC4/cyfitter_cfg.c **** static void CYCONFIGCPYCODE(void *dest, const void *src, size_t n)
  91:Generated_Source\PSoC4/cyfitter_cfg.c **** {
  92:Generated_Source\PSoC4/cyfitter_cfg.c **** 	(void)memcpy(dest, src, n);
  93:Generated_Source\PSoC4/cyfitter_cfg.c **** }
  94:Generated_Source\PSoC4/cyfitter_cfg.c **** 
  95:Generated_Source\PSoC4/cyfitter_cfg.c **** 
  96:Generated_Source\PSoC4/cyfitter_cfg.c **** 
  97:Generated_Source\PSoC4/cyfitter_cfg.c **** 
  98:Generated_Source\PSoC4/cyfitter_cfg.c **** /* Clock startup error codes                                                   */
  99:Generated_Source\PSoC4/cyfitter_cfg.c **** #define CYCLOCKSTART_NO_ERROR    0u
 100:Generated_Source\PSoC4/cyfitter_cfg.c **** #define CYCLOCKSTART_XTAL_ERROR  1u
 101:Generated_Source\PSoC4/cyfitter_cfg.c **** #define CYCLOCKSTART_32KHZ_ERROR 2u
 102:Generated_Source\PSoC4/cyfitter_cfg.c **** #define CYCLOCKSTART_PLL_ERROR   3u
 103:Generated_Source\PSoC4/cyfitter_cfg.c **** #define CYCLOCKSTART_FLL_ERROR   4u
 104:Generated_Source\PSoC4/cyfitter_cfg.c **** 
 105:Generated_Source\PSoC4/cyfitter_cfg.c **** 
 106:Generated_Source\PSoC4/cyfitter_cfg.c **** #ifdef CY_NEED_CYCLOCKSTARTUPERROR
 107:Generated_Source\PSoC4/cyfitter_cfg.c **** /*******************************************************************************
 108:Generated_Source\PSoC4/cyfitter_cfg.c **** * Function Name: CyClockStartupError
 109:Generated_Source\PSoC4/cyfitter_cfg.c **** ********************************************************************************
 110:Generated_Source\PSoC4/cyfitter_cfg.c **** * Summary:
 111:Generated_Source\PSoC4/cyfitter_cfg.c **** *  If an error is encountered during clock configuration (crystal startup error,
 112:Generated_Source\PSoC4/cyfitter_cfg.c **** *  PLL lock error, etc.), the system will end up here.  Unless reimplemented by
 113:Generated_Source\PSoC4/cyfitter_cfg.c **** *  the customer, this function will stop in an infinite loop.
 114:Generated_Source\PSoC4/cyfitter_cfg.c **** *
 115:Generated_Source\PSoC4/cyfitter_cfg.c **** * Parameters:
 116:Generated_Source\PSoC4/cyfitter_cfg.c **** *   void
 117:Generated_Source\PSoC4/cyfitter_cfg.c **** *
 118:Generated_Source\PSoC4/cyfitter_cfg.c **** * Return:
 119:Generated_Source\PSoC4/cyfitter_cfg.c **** *   void
 120:Generated_Source\PSoC4/cyfitter_cfg.c **** *
 121:Generated_Source\PSoC4/cyfitter_cfg.c **** *******************************************************************************/
 122:Generated_Source\PSoC4/cyfitter_cfg.c **** CY_CFG_UNUSED
 123:Generated_Source\PSoC4/cyfitter_cfg.c **** static void CyClockStartupError(uint8 errorCode);
 124:Generated_Source\PSoC4/cyfitter_cfg.c **** CY_CFG_UNUSED
 125:Generated_Source\PSoC4/cyfitter_cfg.c **** static void CyClockStartupError(uint8 errorCode)
 126:Generated_Source\PSoC4/cyfitter_cfg.c **** {
 127:Generated_Source\PSoC4/cyfitter_cfg.c ****     /* To remove the compiler warning if errorCode not used. */
 128:Generated_Source\PSoC4/cyfitter_cfg.c **** #if defined(CY_PSOC3) && (CY_PSOC3)
 129:Generated_Source\PSoC4/cyfitter_cfg.c ****     errorCode = errorCode;
 130:Generated_Source\PSoC4/cyfitter_cfg.c **** #else
 131:Generated_Source\PSoC4/cyfitter_cfg.c ****     (void)errorCode;
 132:Generated_Source\PSoC4/cyfitter_cfg.c **** #endif /* CY_PSOC3 */
 133:Generated_Source\PSoC4/cyfitter_cfg.c **** 
 134:Generated_Source\PSoC4/cyfitter_cfg.c ****     /* If we have a clock startup error (bad MHz crystal, PLL lock, etc.),  */
 135:Generated_Source\PSoC4/cyfitter_cfg.c ****     /* we will end up here to allow the customer to implement something to  */
 136:Generated_Source\PSoC4/cyfitter_cfg.c ****     /* deal with the clock condition.                                       */
 137:Generated_Source\PSoC4/cyfitter_cfg.c **** 
 138:Generated_Source\PSoC4/cyfitter_cfg.c **** #ifdef CY_CFG_CLOCK_STARTUP_ERROR_CALLBACK
 139:Generated_Source\PSoC4/cyfitter_cfg.c ****     CY_CFG_Clock_Startup_ErrorCallback();
 140:Generated_Source\PSoC4/cyfitter_cfg.c **** #else
 141:Generated_Source\PSoC4/cyfitter_cfg.c ****     /*  If not using CY_CFG_CLOCK_STARTUP_ERROR_CALLBACK, place your clock startup code here. */
 142:Generated_Source\PSoC4/cyfitter_cfg.c ****     /* `#START CyClockStartupError` */
 143:Generated_Source\PSoC4/cyfitter_cfg.c **** 
 144:Generated_Source\PSoC4/cyfitter_cfg.c **** 
 145:Generated_Source\PSoC4/cyfitter_cfg.c **** 
ARM GAS  C:\Users\Mahe\AppData\Local\Temp\ccKnuwbr.s 			page 4


 146:Generated_Source\PSoC4/cyfitter_cfg.c ****     /* `#END` */
 147:Generated_Source\PSoC4/cyfitter_cfg.c **** 
 148:Generated_Source\PSoC4/cyfitter_cfg.c ****     while(1) {}
 149:Generated_Source\PSoC4/cyfitter_cfg.c **** #endif /* CY_CFG_CLOCK_STARTUP_ERROR_CALLBACK */
 150:Generated_Source\PSoC4/cyfitter_cfg.c **** }
 151:Generated_Source\PSoC4/cyfitter_cfg.c **** #endif
 152:Generated_Source\PSoC4/cyfitter_cfg.c **** 
 153:Generated_Source\PSoC4/cyfitter_cfg.c **** 
 154:Generated_Source\PSoC4/cyfitter_cfg.c **** 
 155:Generated_Source\PSoC4/cyfitter_cfg.c **** /*******************************************************************************
 156:Generated_Source\PSoC4/cyfitter_cfg.c **** * Function Name: ClockSetup
 157:Generated_Source\PSoC4/cyfitter_cfg.c **** ********************************************************************************
 158:Generated_Source\PSoC4/cyfitter_cfg.c **** *
 159:Generated_Source\PSoC4/cyfitter_cfg.c **** * Summary:
 160:Generated_Source\PSoC4/cyfitter_cfg.c **** *   Performs the initialization of all of the clocks in the device based on the
 161:Generated_Source\PSoC4/cyfitter_cfg.c **** *   settings in the Clock tab of the DWR.  This includes enabling the requested
 162:Generated_Source\PSoC4/cyfitter_cfg.c **** *   clocks and setting the necessary dividers to produce the desired frequency. 
 163:Generated_Source\PSoC4/cyfitter_cfg.c **** *
 164:Generated_Source\PSoC4/cyfitter_cfg.c **** * Parameters:
 165:Generated_Source\PSoC4/cyfitter_cfg.c **** *   void
 166:Generated_Source\PSoC4/cyfitter_cfg.c **** *
 167:Generated_Source\PSoC4/cyfitter_cfg.c **** * Return:
 168:Generated_Source\PSoC4/cyfitter_cfg.c **** *   void
 169:Generated_Source\PSoC4/cyfitter_cfg.c **** *
 170:Generated_Source\PSoC4/cyfitter_cfg.c **** *******************************************************************************/
 171:Generated_Source\PSoC4/cyfitter_cfg.c **** static void ClockSetup(void);
 172:Generated_Source\PSoC4/cyfitter_cfg.c **** CY_CFG_SECTION
 173:Generated_Source\PSoC4/cyfitter_cfg.c **** static void ClockSetup(void)
 174:Generated_Source\PSoC4/cyfitter_cfg.c **** {
 175:Generated_Source\PSoC4/cyfitter_cfg.c **** 
 176:Generated_Source\PSoC4/cyfitter_cfg.c **** 	/* Set Flash Cycles based on max possible frequency in case a glitch occurs during ClockSetup(). *
 177:Generated_Source\PSoC4/cyfitter_cfg.c **** 	CY_SET_REG32((void CYXDATA *)(CYREG_CPUSS_FLASH_CTL), (0x0012u));
 178:Generated_Source\PSoC4/cyfitter_cfg.c **** 	/* Setup and trim IMO based on desired frequency. */
 179:Generated_Source\PSoC4/cyfitter_cfg.c **** 	CySysClkWriteImoFreq(48u);
 180:Generated_Source\PSoC4/cyfitter_cfg.c **** 	/* CYDEV_CLK_ILO_CONFIG Starting address: CYDEV_CLK_ILO_CONFIG */
 181:Generated_Source\PSoC4/cyfitter_cfg.c **** 	CY_SET_REG32((void *)(CYREG_CLK_ILO_CONFIG), 0x80000006u);
 182:Generated_Source\PSoC4/cyfitter_cfg.c **** 
 183:Generated_Source\PSoC4/cyfitter_cfg.c **** 
 184:Generated_Source\PSoC4/cyfitter_cfg.c **** 	/* Setup phase aligned clocks */
 185:Generated_Source\PSoC4/cyfitter_cfg.c **** 
 186:Generated_Source\PSoC4/cyfitter_cfg.c **** 	/* CYDEV_CLK_IMO_CONFIG Starting address: CYDEV_CLK_IMO_CONFIG */
 187:Generated_Source\PSoC4/cyfitter_cfg.c **** 	CY_SET_REG32((void *)(CYREG_CLK_IMO_CONFIG), 0x80000000u);
 188:Generated_Source\PSoC4/cyfitter_cfg.c **** 
 189:Generated_Source\PSoC4/cyfitter_cfg.c **** 	/* CYDEV_CLK_SELECT Starting address: CYDEV_CLK_SELECT */
 190:Generated_Source\PSoC4/cyfitter_cfg.c **** 	CY_SET_REG32((void *)(CYREG_CLK_SELECT), 0x00040000u);
 191:Generated_Source\PSoC4/cyfitter_cfg.c **** 
 192:Generated_Source\PSoC4/cyfitter_cfg.c **** 	(void)CyIntSetVector(7u, &CySysWdtIsr);
 193:Generated_Source\PSoC4/cyfitter_cfg.c **** 	CyIntEnable(7u);
 194:Generated_Source\PSoC4/cyfitter_cfg.c **** 	CY_SET_REG32((void *)(CYREG_WDT_CONFIG), 0x00000000u);
 195:Generated_Source\PSoC4/cyfitter_cfg.c **** }
 196:Generated_Source\PSoC4/cyfitter_cfg.c **** 
 197:Generated_Source\PSoC4/cyfitter_cfg.c **** 
 198:Generated_Source\PSoC4/cyfitter_cfg.c **** /* Analog API Functions */
 199:Generated_Source\PSoC4/cyfitter_cfg.c **** 
 200:Generated_Source\PSoC4/cyfitter_cfg.c **** 
 201:Generated_Source\PSoC4/cyfitter_cfg.c **** /*******************************************************************************
 202:Generated_Source\PSoC4/cyfitter_cfg.c **** * Function Name: AnalogSetDefault
ARM GAS  C:\Users\Mahe\AppData\Local\Temp\ccKnuwbr.s 			page 5


 203:Generated_Source\PSoC4/cyfitter_cfg.c **** ********************************************************************************
 204:Generated_Source\PSoC4/cyfitter_cfg.c **** *
 205:Generated_Source\PSoC4/cyfitter_cfg.c **** * Summary:
 206:Generated_Source\PSoC4/cyfitter_cfg.c **** *  Sets up the analog portions of the chip to default values based on chip
 207:Generated_Source\PSoC4/cyfitter_cfg.c **** *  configuration options from the project.
 208:Generated_Source\PSoC4/cyfitter_cfg.c **** *
 209:Generated_Source\PSoC4/cyfitter_cfg.c **** * Parameters:
 210:Generated_Source\PSoC4/cyfitter_cfg.c **** *  void
 211:Generated_Source\PSoC4/cyfitter_cfg.c **** *
 212:Generated_Source\PSoC4/cyfitter_cfg.c **** * Return:
 213:Generated_Source\PSoC4/cyfitter_cfg.c **** *  void
 214:Generated_Source\PSoC4/cyfitter_cfg.c **** *
 215:Generated_Source\PSoC4/cyfitter_cfg.c **** *******************************************************************************/
 216:Generated_Source\PSoC4/cyfitter_cfg.c **** static void AnalogSetDefault(void);
 217:Generated_Source\PSoC4/cyfitter_cfg.c **** static void AnalogSetDefault(void)
 218:Generated_Source\PSoC4/cyfitter_cfg.c **** {
  27              		.loc 1 218 0
  28              		.cfi_startproc
  29              		@ args = 0, pretend = 0, frame = 0
  30              		@ frame_needed = 0, uses_anonymous_args = 0
  31              		@ link register save eliminated.
 219:Generated_Source\PSoC4/cyfitter_cfg.c **** 	CY_SET_XTND_REG32((void CYFAR *)CYREG_CTBM0_DFT_CTRL, 0x00000003u);
  32              		.loc 1 219 0
  33 0000 0323     		movs	r3, #3
  34 0002 044A     		ldr	r2, .L2
  35 0004 1360     		str	r3, [r2]
 220:Generated_Source\PSoC4/cyfitter_cfg.c **** 	CY_SET_XTND_REG32((void CYFAR *)CYREG_CTBM1_DFT_CTRL, 0x00000003u);
  36              		.loc 1 220 0
  37 0006 044A     		ldr	r2, .L2+4
  38 0008 1360     		str	r3, [r2]
 221:Generated_Source\PSoC4/cyfitter_cfg.c **** 	CY_SET_XTND_REG32((void CYFAR *)CYREG_PASS_DSAB_DSAB_CTRL, 0x00000000u);
  39              		.loc 1 221 0
  40 000a 0022     		movs	r2, #0
  41 000c 034B     		ldr	r3, .L2+8
  42 000e 1A60     		str	r2, [r3]
 222:Generated_Source\PSoC4/cyfitter_cfg.c **** }
  43              		.loc 1 222 0
  44              		@ sp needed
  45 0010 7047     		bx	lr
  46              	.L3:
  47 0012 C046     		.align	2
  48              	.L2:
  49 0014 30003040 		.word	1076887600
  50 0018 30003140 		.word	1076953136
  51 001c 000E3F40 		.word	1077874176
  52              		.cfi_endproc
  53              	.LFE5:
  54              		.size	AnalogSetDefault, .-AnalogSetDefault
  55              		.section	.text.CYMEMZERO,"ax",%progbits
  56              		.align	2
  57              		.code	16
  58              		.thumb_func
  59              		.type	CYMEMZERO, %function
  60              	CYMEMZERO:
  61              	.LFB1:
  77:Generated_Source\PSoC4/cyfitter_cfg.c **** 	(void)memset(s, 0, n);
  62              		.loc 1 77 0
ARM GAS  C:\Users\Mahe\AppData\Local\Temp\ccKnuwbr.s 			page 6


  63              		.cfi_startproc
  64              		@ args = 0, pretend = 0, frame = 0
  65              		@ frame_needed = 0, uses_anonymous_args = 0
  66              	.LVL0:
  67 0000 10B5     		push	{r4, lr}
  68              		.cfi_def_cfa_offset 8
  69              		.cfi_offset 4, -8
  70              		.cfi_offset 14, -4
  71 0002 0A00     		movs	r2, r1
  78:Generated_Source\PSoC4/cyfitter_cfg.c **** }
  72              		.loc 1 78 0
  73 0004 0021     		movs	r1, #0
  74              	.LVL1:
  75 0006 FFF7FEFF 		bl	memset
  76              	.LVL2:
  79:Generated_Source\PSoC4/cyfitter_cfg.c **** CY_CFG_UNUSED
  77              		.loc 1 79 0
  78              		@ sp needed
  79 000a 10BD     		pop	{r4, pc}
  80              		.cfi_endproc
  81              	.LFE1:
  82              		.size	CYMEMZERO, .-CYMEMZERO
  83              		.section	.psocinit,"ax",%progbits
  84              		.align	2
  85              		.code	16
  86              		.thumb_func
  87              		.type	ClockSetup, %function
  88              	ClockSetup:
  89              	.LFB4:
 174:Generated_Source\PSoC4/cyfitter_cfg.c **** 
  90              		.loc 1 174 0
  91              		.cfi_startproc
  92              		@ args = 0, pretend = 0, frame = 0
  93              		@ frame_needed = 0, uses_anonymous_args = 0
  94 0000 10B5     		push	{r4, lr}
  95              		.cfi_def_cfa_offset 8
  96              		.cfi_offset 4, -8
  97              		.cfi_offset 14, -4
 177:Generated_Source\PSoC4/cyfitter_cfg.c **** 	/* Setup and trim IMO based on desired frequency. */
  98              		.loc 1 177 0
  99 0002 1222     		movs	r2, #18
 100 0004 0C4B     		ldr	r3, .L6
 101 0006 1A60     		str	r2, [r3]
 179:Generated_Source\PSoC4/cyfitter_cfg.c **** 	/* CYDEV_CLK_ILO_CONFIG Starting address: CYDEV_CLK_ILO_CONFIG */
 102              		.loc 1 179 0
 103 0008 3020     		movs	r0, #48
 104 000a FFF7FEFF 		bl	CySysClkWriteImoFreq
 105              	.LVL3:
 181:Generated_Source\PSoC4/cyfitter_cfg.c **** 
 106              		.loc 1 181 0
 107 000e 0B4A     		ldr	r2, .L6+4
 108 0010 0B4B     		ldr	r3, .L6+8
 109 0012 1A60     		str	r2, [r3]
 187:Generated_Source\PSoC4/cyfitter_cfg.c **** 
 110              		.loc 1 187 0
 111 0014 063A     		subs	r2, r2, #6
 112 0016 0B4B     		ldr	r3, .L6+12
ARM GAS  C:\Users\Mahe\AppData\Local\Temp\ccKnuwbr.s 			page 7


 113 0018 1A60     		str	r2, [r3]
 190:Generated_Source\PSoC4/cyfitter_cfg.c **** 
 114              		.loc 1 190 0
 115 001a 8022     		movs	r2, #128
 116 001c D202     		lsls	r2, r2, #11
 117 001e 0A4B     		ldr	r3, .L6+16
 118 0020 1A60     		str	r2, [r3]
 192:Generated_Source\PSoC4/cyfitter_cfg.c **** 	CyIntEnable(7u);
 119              		.loc 1 192 0
 120 0022 0A49     		ldr	r1, .L6+20
 121 0024 0720     		movs	r0, #7
 122 0026 FFF7FEFF 		bl	CyIntSetVector
 123              	.LVL4:
 193:Generated_Source\PSoC4/cyfitter_cfg.c **** 	CY_SET_REG32((void *)(CYREG_WDT_CONFIG), 0x00000000u);
 124              		.loc 1 193 0
 125 002a 0720     		movs	r0, #7
 126 002c FFF7FEFF 		bl	CyIntEnable
 127              	.LVL5:
 194:Generated_Source\PSoC4/cyfitter_cfg.c **** }
 128              		.loc 1 194 0
 129 0030 0022     		movs	r2, #0
 130 0032 074B     		ldr	r3, .L6+24
 131 0034 1A60     		str	r2, [r3]
 195:Generated_Source\PSoC4/cyfitter_cfg.c **** 
 132              		.loc 1 195 0
 133              		@ sp needed
 134 0036 10BD     		pop	{r4, pc}
 135              	.L7:
 136              		.align	2
 137              	.L6:
 138 0038 30001040 		.word	1074790448
 139 003c 06000080 		.word	-2147483642
 140 0040 04010B40 		.word	1074462980
 141 0044 08010B40 		.word	1074462984
 142 0048 00010B40 		.word	1074462976
 143 004c 00000000 		.word	CySysWdtIsr
 144 0050 0C020B40 		.word	1074463244
 145              		.cfi_endproc
 146              	.LFE4:
 147              		.size	ClockSetup, .-ClockSetup
 148              		.align	2
 149              		.global	cyfitter_cfg
 150              		.code	16
 151              		.thumb_func
 152              		.type	cyfitter_cfg, %function
 153              	cyfitter_cfg:
 154              	.LFB6:
 223:Generated_Source\PSoC4/cyfitter_cfg.c **** 
 224:Generated_Source\PSoC4/cyfitter_cfg.c **** 
 225:Generated_Source\PSoC4/cyfitter_cfg.c **** 
 226:Generated_Source\PSoC4/cyfitter_cfg.c **** 
 227:Generated_Source\PSoC4/cyfitter_cfg.c **** /*******************************************************************************
 228:Generated_Source\PSoC4/cyfitter_cfg.c **** * Function Name: cyfitter_cfg
 229:Generated_Source\PSoC4/cyfitter_cfg.c **** ********************************************************************************
 230:Generated_Source\PSoC4/cyfitter_cfg.c **** * Summary:
 231:Generated_Source\PSoC4/cyfitter_cfg.c **** *  This function is called by the start-up code for the selected device. It
 232:Generated_Source\PSoC4/cyfitter_cfg.c **** *  performs all of the necessary device configuration based on the design
ARM GAS  C:\Users\Mahe\AppData\Local\Temp\ccKnuwbr.s 			page 8


 233:Generated_Source\PSoC4/cyfitter_cfg.c **** *  settings.  This includes settings from the Design Wide Resources (DWR) such
 234:Generated_Source\PSoC4/cyfitter_cfg.c **** *  as Clocks and Pins as well as any component configuration that is necessary.
 235:Generated_Source\PSoC4/cyfitter_cfg.c **** *
 236:Generated_Source\PSoC4/cyfitter_cfg.c **** * Parameters:
 237:Generated_Source\PSoC4/cyfitter_cfg.c **** *   void
 238:Generated_Source\PSoC4/cyfitter_cfg.c **** *
 239:Generated_Source\PSoC4/cyfitter_cfg.c **** * Return:
 240:Generated_Source\PSoC4/cyfitter_cfg.c **** *   void
 241:Generated_Source\PSoC4/cyfitter_cfg.c **** *
 242:Generated_Source\PSoC4/cyfitter_cfg.c **** *******************************************************************************/
 243:Generated_Source\PSoC4/cyfitter_cfg.c **** CY_CFG_SECTION
 244:Generated_Source\PSoC4/cyfitter_cfg.c **** void cyfitter_cfg(void)
 245:Generated_Source\PSoC4/cyfitter_cfg.c **** {
 155              		.loc 1 245 0
 156              		.cfi_startproc
 157              		@ args = 0, pretend = 0, frame = 0
 158              		@ frame_needed = 0, uses_anonymous_args = 0
 159 0054 10B5     		push	{r4, lr}
 160              		.cfi_def_cfa_offset 8
 161              		.cfi_offset 4, -8
 162              		.cfi_offset 14, -4
 246:Generated_Source\PSoC4/cyfitter_cfg.c **** 	/* Disable interrupts by default. Let user enable if/when they want. */
 247:Generated_Source\PSoC4/cyfitter_cfg.c **** 	CyGlobalIntDisable;
 163              		.loc 1 247 0
 164              		.syntax divided
 165              	@ 247 "Generated_Source\PSoC4\cyfitter_cfg.c" 1
 166 0056 72B6     		CPSID   i
 167              	@ 0 "" 2
 168              	.LVL6:
 169              		.thumb
 170              		.syntax unified
 171              	.LBB2:
 248:Generated_Source\PSoC4/cyfitter_cfg.c **** 
 249:Generated_Source\PSoC4/cyfitter_cfg.c **** 	{
 250:Generated_Source\PSoC4/cyfitter_cfg.c **** 
 251:Generated_Source\PSoC4/cyfitter_cfg.c **** 		CYPACKED typedef struct {
 252:Generated_Source\PSoC4/cyfitter_cfg.c **** 			void CYFAR *address;
 253:Generated_Source\PSoC4/cyfitter_cfg.c **** 			uint16 size;
 254:Generated_Source\PSoC4/cyfitter_cfg.c **** 		} CYPACKED_ATTR cfg_memset_t;
 255:Generated_Source\PSoC4/cyfitter_cfg.c **** 
 256:Generated_Source\PSoC4/cyfitter_cfg.c **** 		static const cfg_memset_t CYCODE cfg_memset_list[] = {
 257:Generated_Source\PSoC4/cyfitter_cfg.c **** 			/* address, size */
 258:Generated_Source\PSoC4/cyfitter_cfg.c **** 			{(void CYFAR *)(CYDEV_UDB_P0_U0_BASE), 1024u},
 259:Generated_Source\PSoC4/cyfitter_cfg.c **** 			{(void CYFAR *)(CYDEV_UDB_DSI0_BASE), 1024u},
 260:Generated_Source\PSoC4/cyfitter_cfg.c **** 		};
 261:Generated_Source\PSoC4/cyfitter_cfg.c **** 
 262:Generated_Source\PSoC4/cyfitter_cfg.c **** 		uint8 CYDATA i;
 263:Generated_Source\PSoC4/cyfitter_cfg.c **** 
 264:Generated_Source\PSoC4/cyfitter_cfg.c **** 		/* Zero out critical memory blocks before beginning configuration */
 265:Generated_Source\PSoC4/cyfitter_cfg.c **** 		for (i = 0u; i < (sizeof(cfg_memset_list)/sizeof(cfg_memset_list[0])); i++)
 172              		.loc 1 265 0
 173 0058 0024     		movs	r4, #0
 174 005a 0FE0     		b	.L9
 175              	.LVL7:
 176              	.L10:
 177              	.LBB3:
 266:Generated_Source\PSoC4/cyfitter_cfg.c **** 		{
ARM GAS  C:\Users\Mahe\AppData\Local\Temp\ccKnuwbr.s 			page 9


 267:Generated_Source\PSoC4/cyfitter_cfg.c **** 			const cfg_memset_t CYCODE * CYDATA ms = &cfg_memset_list[i];
 268:Generated_Source\PSoC4/cyfitter_cfg.c **** 			CYMEMZERO(ms->address, (size_t)(uint32)(ms->size));
 178              		.loc 1 268 0 discriminator 3
 179 005c 1A48     		ldr	r0, .L11
 180 005e 6200     		lsls	r2, r4, #1
 181 0060 1319     		adds	r3, r2, r4
 182 0062 5900     		lsls	r1, r3, #1
 183 0064 0B00     		movs	r3, r1
 184 0066 4118     		adds	r1, r0, r1
 185 0068 8988     		ldrh	r1, [r1, #4]
 186 006a 1A5A     		ldrh	r2, [r3, r0]
 187 006c C318     		adds	r3, r0, r3
 188 006e 5888     		ldrh	r0, [r3, #2]
 189 0070 0004     		lsls	r0, r0, #16
 190 0072 1043     		orrs	r0, r2
 191 0074 FFF7FEFF 		bl	CYMEMZERO
 192              	.LVL8:
 193              	.LBE3:
 265:Generated_Source\PSoC4/cyfitter_cfg.c **** 		{
 194              		.loc 1 265 0 discriminator 3
 195 0078 0134     		adds	r4, r4, #1
 196              	.LVL9:
 197 007a E4B2     		uxtb	r4, r4
 198              	.LVL10:
 199              	.L9:
 265:Generated_Source\PSoC4/cyfitter_cfg.c **** 		{
 200              		.loc 1 265 0 is_stmt 0 discriminator 1
 201 007c 012C     		cmp	r4, #1
 202 007e EDD9     		bls	.L10
 269:Generated_Source\PSoC4/cyfitter_cfg.c **** 		}
 270:Generated_Source\PSoC4/cyfitter_cfg.c **** 
 271:Generated_Source\PSoC4/cyfitter_cfg.c **** 		/* HSIOM Starting address: CYDEV_HSIOM_BASE */
 272:Generated_Source\PSoC4/cyfitter_cfg.c **** 		CY_SET_REG32((void *)(CYREG_HSIOM_PORT_SEL3), 0x0000EE00u);
 203              		.loc 1 272 0 is_stmt 1
 204 0080 EE22     		movs	r2, #238
 205 0082 1202     		lsls	r2, r2, #8
 206 0084 114B     		ldr	r3, .L11+4
 207 0086 1A60     		str	r2, [r3]
 273:Generated_Source\PSoC4/cyfitter_cfg.c **** 
 274:Generated_Source\PSoC4/cyfitter_cfg.c **** 		/* UDB_PA_0 Starting address: CYDEV_UDB_PA0_BASE */
 275:Generated_Source\PSoC4/cyfitter_cfg.c **** 		CY_SET_REG32((void *)(CYDEV_UDB_PA0_BASE), 0x00990000u);
 208              		.loc 1 275 0
 209 0088 9923     		movs	r3, #153
 210 008a 1B04     		lsls	r3, r3, #16
 211 008c 104A     		ldr	r2, .L11+8
 212 008e 1360     		str	r3, [r2]
 276:Generated_Source\PSoC4/cyfitter_cfg.c **** 
 277:Generated_Source\PSoC4/cyfitter_cfg.c **** 		/* UDB_PA_3 Starting address: CYDEV_UDB_PA3_BASE */
 278:Generated_Source\PSoC4/cyfitter_cfg.c **** 		CY_SET_REG32((void *)(CYDEV_UDB_PA3_BASE), 0x00990000u);
 213              		.loc 1 278 0
 214 0090 104A     		ldr	r2, .L11+12
 215 0092 1360     		str	r3, [r2]
 279:Generated_Source\PSoC4/cyfitter_cfg.c **** 
 280:Generated_Source\PSoC4/cyfitter_cfg.c **** 		/* Enable digital routing */
 281:Generated_Source\PSoC4/cyfitter_cfg.c **** 		CY_SET_XTND_REG8((void *)CYREG_UDB_UDBIF_BANK_CTL, (uint8)(CY_GET_XTND_REG8((void *)CYREG_UDB_UDB
 216              		.loc 1 281 0
 217 0094 104A     		ldr	r2, .L11+16
ARM GAS  C:\Users\Mahe\AppData\Local\Temp\ccKnuwbr.s 			page 10


 218 0096 1178     		ldrb	r1, [r2]
 219 0098 0623     		movs	r3, #6
 220 009a 0B43     		orrs	r3, r1
 221 009c DBB2     		uxtb	r3, r3
 222 009e 1370     		strb	r3, [r2]
 223              	.LBE2:
 282:Generated_Source\PSoC4/cyfitter_cfg.c **** 	}
 283:Generated_Source\PSoC4/cyfitter_cfg.c **** 
 284:Generated_Source\PSoC4/cyfitter_cfg.c **** 	/* Perform second pass device configuration. These items must be configured in specific order afte
 285:Generated_Source\PSoC4/cyfitter_cfg.c **** 	/* IOPINS0_0 Starting address: CYDEV_GPIO_PRT0_BASE */
 286:Generated_Source\PSoC4/cyfitter_cfg.c **** 	CY_SET_REG32((void *)(CYDEV_GPIO_PRT0_BASE), 0x00000080u);
 224              		.loc 1 286 0
 225 00a0 8022     		movs	r2, #128
 226 00a2 0E4B     		ldr	r3, .L11+20
 227 00a4 1A60     		str	r2, [r3]
 287:Generated_Source\PSoC4/cyfitter_cfg.c **** 	CY_SET_REG32((void *)(CYREG_GPIO_PRT0_PC), 0x00580000u);
 228              		.loc 1 287 0
 229 00a6 B022     		movs	r2, #176
 230 00a8 D203     		lsls	r2, r2, #15
 231 00aa 0D4B     		ldr	r3, .L11+24
 232 00ac 1A60     		str	r2, [r3]
 288:Generated_Source\PSoC4/cyfitter_cfg.c **** 	CY_SET_REG32((void *)(CYREG_GPIO_PRT0_INTR_CFG), 0x00004000u);
 233              		.loc 1 288 0
 234 00ae 8022     		movs	r2, #128
 235 00b0 D201     		lsls	r2, r2, #7
 236 00b2 0C4B     		ldr	r3, .L11+28
 237 00b4 1A60     		str	r2, [r3]
 289:Generated_Source\PSoC4/cyfitter_cfg.c **** 
 290:Generated_Source\PSoC4/cyfitter_cfg.c **** 	/* IOPINS0_3 Starting address: CYDEV_GPIO_PRT3_BASE */
 291:Generated_Source\PSoC4/cyfitter_cfg.c **** 	CY_SET_REG32((void *)(CYREG_GPIO_PRT3_PC), 0x00000D80u);
 238              		.loc 1 291 0
 239 00b6 D822     		movs	r2, #216
 240 00b8 1201     		lsls	r2, r2, #4
 241 00ba 0B4B     		ldr	r3, .L11+32
 242 00bc 1A60     		str	r2, [r3]
 292:Generated_Source\PSoC4/cyfitter_cfg.c **** 
 293:Generated_Source\PSoC4/cyfitter_cfg.c **** 
 294:Generated_Source\PSoC4/cyfitter_cfg.c **** 	/* Setup clocks based on selections from Clock DWR */
 295:Generated_Source\PSoC4/cyfitter_cfg.c **** 	ClockSetup();
 243              		.loc 1 295 0
 244 00be FFF79FFF 		bl	ClockSetup
 245              	.LVL11:
 296:Generated_Source\PSoC4/cyfitter_cfg.c **** 
 297:Generated_Source\PSoC4/cyfitter_cfg.c **** 	/* Perform basic analog initialization to defaults */
 298:Generated_Source\PSoC4/cyfitter_cfg.c **** 	AnalogSetDefault();
 246              		.loc 1 298 0
 247 00c2 FFF7FEFF 		bl	AnalogSetDefault
 248              	.LVL12:
 299:Generated_Source\PSoC4/cyfitter_cfg.c **** 
 300:Generated_Source\PSoC4/cyfitter_cfg.c **** }
 249              		.loc 1 300 0
 250              		@ sp needed
 251              	.LVL13:
 252 00c6 10BD     		pop	{r4, pc}
 253              	.L12:
 254              		.align	2
 255              	.L11:
ARM GAS  C:\Users\Mahe\AppData\Local\Temp\ccKnuwbr.s 			page 11


 256 00c8 00000000 		.word	.LANCHOR0
 257 00cc 00030240 		.word	1073873664
 258 00d0 00500F40 		.word	1074745344
 259 00d4 30500F40 		.word	1074745392
 260 00d8 00700F40 		.word	1074753536
 261 00dc 00000440 		.word	1074003968
 262 00e0 08000440 		.word	1074003976
 263 00e4 0C000440 		.word	1074003980
 264 00e8 08030440 		.word	1074004744
 265              		.cfi_endproc
 266              	.LFE6:
 267              		.size	cyfitter_cfg, .-cyfitter_cfg
 268              		.section	.rodata
 269              		.align	2
 270              		.set	.LANCHOR0,. + 0
 271              		.type	cfg_memset_list.4888, %object
 272              		.size	cfg_memset_list.4888, 12
 273              	cfg_memset_list.4888:
 274 0000 00300F40 		.word	1074737152
 275 0004 0004     		.short	1024
 276 0006 00400F40 		.4byte	1074741248
 277 000a 0004     		.short	1024
 278              		.text
 279              	.Letext0:
 280              		.file 2 "c:\\program files (x86)\\cypress\\psoc creator\\4.1\\psoc creator\\import\\gnu\\arm\\5.4.
 281              		.file 3 "Generated_Source\\PSoC4\\cytypes.h"
 282              		.file 4 "Generated_Source\\PSoC4\\CyLib.h"
 283              		.section	.debug_info,"",%progbits
 284              	.Ldebug_info0:
 285 0000 90020000 		.4byte	0x290
 286 0004 0400     		.2byte	0x4
 287 0006 00000000 		.4byte	.Ldebug_abbrev0
 288 000a 04       		.byte	0x4
 289 000b 01       		.uleb128 0x1
 290 000c 4A010000 		.4byte	.LASF29
 291 0010 0C       		.byte	0xc
 292 0011 41020000 		.4byte	.LASF30
 293 0015 5B000000 		.4byte	.LASF31
 294 0019 00000000 		.4byte	.Ldebug_ranges0+0
 295 001d 00000000 		.4byte	0
 296 0021 00000000 		.4byte	.Ldebug_line0
 297 0025 02       		.uleb128 0x2
 298 0026 04       		.byte	0x4
 299 0027 05       		.byte	0x5
 300 0028 696E7400 		.ascii	"int\000"
 301 002c 03       		.uleb128 0x3
 302 002d 06000000 		.4byte	.LASF12
 303 0031 02       		.byte	0x2
 304 0032 D8       		.byte	0xd8
 305 0033 37000000 		.4byte	0x37
 306 0037 04       		.uleb128 0x4
 307 0038 04       		.byte	0x4
 308 0039 07       		.byte	0x7
 309 003a 11010000 		.4byte	.LASF0
 310 003e 04       		.uleb128 0x4
 311 003f 08       		.byte	0x8
 312 0040 05       		.byte	0x5
ARM GAS  C:\Users\Mahe\AppData\Local\Temp\ccKnuwbr.s 			page 12


 313 0041 EE010000 		.4byte	.LASF1
 314 0045 04       		.uleb128 0x4
 315 0046 08       		.byte	0x8
 316 0047 04       		.byte	0x4
 317 0048 29020000 		.4byte	.LASF2
 318 004c 04       		.uleb128 0x4
 319 004d 01       		.byte	0x1
 320 004e 06       		.byte	0x6
 321 004f 35020000 		.4byte	.LASF3
 322 0053 04       		.uleb128 0x4
 323 0054 01       		.byte	0x1
 324 0055 08       		.byte	0x8
 325 0056 DB000000 		.4byte	.LASF4
 326 005a 04       		.uleb128 0x4
 327 005b 02       		.byte	0x2
 328 005c 05       		.byte	0x5
 329 005d 01020000 		.4byte	.LASF5
 330 0061 04       		.uleb128 0x4
 331 0062 02       		.byte	0x2
 332 0063 07       		.byte	0x7
 333 0064 48000000 		.4byte	.LASF6
 334 0068 04       		.uleb128 0x4
 335 0069 04       		.byte	0x4
 336 006a 05       		.byte	0x5
 337 006b 20020000 		.4byte	.LASF7
 338 006f 04       		.uleb128 0x4
 339 0070 04       		.byte	0x4
 340 0071 07       		.byte	0x7
 341 0072 B9000000 		.4byte	.LASF8
 342 0076 04       		.uleb128 0x4
 343 0077 08       		.byte	0x8
 344 0078 07       		.byte	0x7
 345 0079 33010000 		.4byte	.LASF9
 346 007d 04       		.uleb128 0x4
 347 007e 04       		.byte	0x4
 348 007f 07       		.byte	0x7
 349 0080 E5010000 		.4byte	.LASF10
 350 0084 05       		.uleb128 0x5
 351 0085 04       		.byte	0x4
 352 0086 04       		.uleb128 0x4
 353 0087 01       		.byte	0x1
 354 0088 08       		.byte	0x8
 355 0089 FC010000 		.4byte	.LASF11
 356 008d 06       		.uleb128 0x6
 357 008e CB000000 		.4byte	.LASF13
 358 0092 03       		.byte	0x3
 359 0093 D201     		.2byte	0x1d2
 360 0095 53000000 		.4byte	0x53
 361 0099 06       		.uleb128 0x6
 362 009a 03010000 		.4byte	.LASF14
 363 009e 03       		.byte	0x3
 364 009f D301     		.2byte	0x1d3
 365 00a1 61000000 		.4byte	0x61
 366 00a5 06       		.uleb128 0x6
 367 00a6 0A010000 		.4byte	.LASF15
 368 00aa 03       		.byte	0x3
 369 00ab D401     		.2byte	0x1d4
ARM GAS  C:\Users\Mahe\AppData\Local\Temp\ccKnuwbr.s 			page 13


 370 00ad 6F000000 		.4byte	0x6f
 371 00b1 04       		.uleb128 0x4
 372 00b2 04       		.byte	0x4
 373 00b3 04       		.byte	0x4
 374 00b4 A9000000 		.4byte	.LASF16
 375 00b8 04       		.uleb128 0x4
 376 00b9 08       		.byte	0x8
 377 00ba 04       		.byte	0x4
 378 00bb F0000000 		.4byte	.LASF17
 379 00bf 06       		.uleb128 0x6
 380 00c0 B4000000 		.4byte	.LASF18
 381 00c4 03       		.byte	0x3
 382 00c5 7C02     		.2byte	0x27c
 383 00c7 CB000000 		.4byte	0xcb
 384 00cb 07       		.uleb128 0x7
 385 00cc 8D000000 		.4byte	0x8d
 386 00d0 06       		.uleb128 0x6
 387 00d1 00000000 		.4byte	.LASF19
 388 00d5 03       		.byte	0x3
 389 00d6 7E02     		.2byte	0x27e
 390 00d8 DC000000 		.4byte	0xdc
 391 00dc 07       		.uleb128 0x7
 392 00dd A5000000 		.4byte	0xa5
 393 00e1 08       		.uleb128 0x8
 394 00e2 0D000000 		.4byte	.LASF32
 395 00e6 01       		.byte	0x1
 396 00e7 D9       		.byte	0xd9
 397 00e8 00000000 		.4byte	.LFB5
 398 00ec 20000000 		.4byte	.LFE5-.LFB5
 399 00f0 01       		.uleb128 0x1
 400 00f1 9C       		.byte	0x9c
 401 00f2 09       		.uleb128 0x9
 402 00f3 D1000000 		.4byte	.LASF20
 403 00f7 01       		.byte	0x1
 404 00f8 4C       		.byte	0x4c
 405 00f9 00000000 		.4byte	.LFB1
 406 00fd 0C000000 		.4byte	.LFE1-.LFB1
 407 0101 01       		.uleb128 0x1
 408 0102 9C       		.byte	0x9c
 409 0103 3F010000 		.4byte	0x13f
 410 0107 0A       		.uleb128 0xa
 411 0108 7300     		.ascii	"s\000"
 412 010a 01       		.byte	0x1
 413 010b 4C       		.byte	0x4c
 414 010c 84000000 		.4byte	0x84
 415 0110 00000000 		.4byte	.LLST0
 416 0114 0A       		.uleb128 0xa
 417 0115 6E00     		.ascii	"n\000"
 418 0117 01       		.byte	0x1
 419 0118 4C       		.byte	0x4c
 420 0119 2C000000 		.4byte	0x2c
 421 011d 21000000 		.4byte	.LLST1
 422 0121 0B       		.uleb128 0xb
 423 0122 0A000000 		.4byte	.LVL2
 424 0126 69020000 		.4byte	0x269
 425 012a 0C       		.uleb128 0xc
 426 012b 01       		.uleb128 0x1
ARM GAS  C:\Users\Mahe\AppData\Local\Temp\ccKnuwbr.s 			page 14


 427 012c 50       		.byte	0x50
 428 012d 03       		.uleb128 0x3
 429 012e F3       		.byte	0xf3
 430 012f 01       		.uleb128 0x1
 431 0130 50       		.byte	0x50
 432 0131 0C       		.uleb128 0xc
 433 0132 01       		.uleb128 0x1
 434 0133 51       		.byte	0x51
 435 0134 01       		.uleb128 0x1
 436 0135 30       		.byte	0x30
 437 0136 0C       		.uleb128 0xc
 438 0137 01       		.uleb128 0x1
 439 0138 52       		.byte	0x52
 440 0139 03       		.uleb128 0x3
 441 013a F3       		.byte	0xf3
 442 013b 01       		.uleb128 0x1
 443 013c 51       		.byte	0x51
 444 013d 00       		.byte	0
 445 013e 00       		.byte	0
 446 013f 09       		.uleb128 0x9
 447 0140 3D000000 		.4byte	.LASF21
 448 0144 01       		.byte	0x1
 449 0145 AD       		.byte	0xad
 450 0146 00000000 		.4byte	.LFB4
 451 014a 54000000 		.4byte	.LFE4-.LFB4
 452 014e 01       		.uleb128 0x1
 453 014f 9C       		.byte	0x9c
 454 0150 8B010000 		.4byte	0x18b
 455 0154 0D       		.uleb128 0xd
 456 0155 0E000000 		.4byte	.LVL3
 457 0159 72020000 		.4byte	0x272
 458 015d 68010000 		.4byte	0x168
 459 0161 0C       		.uleb128 0xc
 460 0162 01       		.uleb128 0x1
 461 0163 50       		.byte	0x50
 462 0164 02       		.uleb128 0x2
 463 0165 08       		.byte	0x8
 464 0166 30       		.byte	0x30
 465 0167 00       		.byte	0
 466 0168 0D       		.uleb128 0xd
 467 0169 2A000000 		.4byte	.LVL4
 468 016d 7D020000 		.4byte	0x27d
 469 0171 7B010000 		.4byte	0x17b
 470 0175 0C       		.uleb128 0xc
 471 0176 01       		.uleb128 0x1
 472 0177 50       		.byte	0x50
 473 0178 01       		.uleb128 0x1
 474 0179 37       		.byte	0x37
 475 017a 00       		.byte	0
 476 017b 0B       		.uleb128 0xb
 477 017c 30000000 		.4byte	.LVL5
 478 0180 88020000 		.4byte	0x288
 479 0184 0C       		.uleb128 0xc
 480 0185 01       		.uleb128 0x1
 481 0186 50       		.byte	0x50
 482 0187 01       		.uleb128 0x1
 483 0188 37       		.byte	0x37
ARM GAS  C:\Users\Mahe\AppData\Local\Temp\ccKnuwbr.s 			page 15


 484 0189 00       		.byte	0
 485 018a 00       		.byte	0
 486 018b 0E       		.uleb128 0xe
 487 018c 1E010000 		.4byte	.LASF33
 488 0190 01       		.byte	0x1
 489 0191 F4       		.byte	0xf4
 490 0192 54000000 		.4byte	.LFB6
 491 0196 98000000 		.4byte	.LFE6-.LFB6
 492 019a 01       		.uleb128 0x1
 493 019b 9C       		.byte	0x9c
 494 019c 69020000 		.4byte	0x269
 495 01a0 0F       		.uleb128 0xf
 496 01a1 58000000 		.4byte	.LBB2
 497 01a5 48000000 		.4byte	.LBE2-.LBB2
 498 01a9 56020000 		.4byte	0x256
 499 01ad 10       		.uleb128 0x10
 500 01ae 06       		.byte	0x6
 501 01af 01       		.byte	0x1
 502 01b0 FB       		.byte	0xfb
 503 01b1 CE010000 		.4byte	0x1ce
 504 01b5 11       		.uleb128 0x11
 505 01b6 2B010000 		.4byte	.LASF22
 506 01ba 01       		.byte	0x1
 507 01bb FC       		.byte	0xfc
 508 01bc 84000000 		.4byte	0x84
 509 01c0 00       		.byte	0
 510 01c1 11       		.uleb128 0x11
 511 01c2 AF000000 		.4byte	.LASF23
 512 01c6 01       		.byte	0x1
 513 01c7 FD       		.byte	0xfd
 514 01c8 99000000 		.4byte	0x99
 515 01cc 04       		.byte	0x4
 516 01cd 00       		.byte	0
 517 01ce 03       		.uleb128 0x3
 518 01cf D8010000 		.4byte	.LASF24
 519 01d3 01       		.byte	0x1
 520 01d4 FE       		.byte	0xfe
 521 01d5 AD010000 		.4byte	0x1ad
 522 01d9 12       		.uleb128 0x12
 523 01da E9010000 		.4byte	0x1e9
 524 01de E9010000 		.4byte	0x1e9
 525 01e2 13       		.uleb128 0x13
 526 01e3 7D000000 		.4byte	0x7d
 527 01e7 01       		.byte	0x1
 528 01e8 00       		.byte	0
 529 01e9 14       		.uleb128 0x14
 530 01ea CE010000 		.4byte	0x1ce
 531 01ee 15       		.uleb128 0x15
 532 01ef 2D000000 		.4byte	.LASF25
 533 01f3 01       		.byte	0x1
 534 01f4 0001     		.2byte	0x100
 535 01f6 00020000 		.4byte	0x200
 536 01fa 05       		.uleb128 0x5
 537 01fb 03       		.byte	0x3
 538 01fc 00000000 		.4byte	cfg_memset_list.4888
 539 0200 14       		.uleb128 0x14
 540 0201 D9010000 		.4byte	0x1d9
ARM GAS  C:\Users\Mahe\AppData\Local\Temp\ccKnuwbr.s 			page 16


 541 0205 16       		.uleb128 0x16
 542 0206 6900     		.ascii	"i\000"
 543 0208 01       		.byte	0x1
 544 0209 0601     		.2byte	0x106
 545 020b 8D000000 		.4byte	0x8d
 546 020f 4D000000 		.4byte	.LLST2
 547 0213 17       		.uleb128 0x17
 548 0214 5C000000 		.4byte	.LBB3
 549 0218 1C000000 		.4byte	.LBE3-.LBB3
 550 021c 16       		.uleb128 0x16
 551 021d 6D7300   		.ascii	"ms\000"
 552 0220 01       		.byte	0x1
 553 0221 0B01     		.2byte	0x10b
 554 0223 2B020000 		.4byte	0x22b
 555 0227 77000000 		.4byte	.LLST3
 556 022b 18       		.uleb128 0x18
 557 022c 04       		.byte	0x4
 558 022d E9010000 		.4byte	0x1e9
 559 0231 0B       		.uleb128 0xb
 560 0232 78000000 		.4byte	.LVL8
 561 0236 F2000000 		.4byte	0xf2
 562 023a 0C       		.uleb128 0xc
 563 023b 01       		.uleb128 0x1
 564 023c 51       		.byte	0x51
 565 023d 15       		.uleb128 0x15
 566 023e 74       		.byte	0x74
 567 023f 00       		.sleb128 0
 568 0240 31       		.byte	0x31
 569 0241 24       		.byte	0x24
 570 0242 74       		.byte	0x74
 571 0243 00       		.sleb128 0
 572 0244 22       		.byte	0x22
 573 0245 31       		.byte	0x31
 574 0246 24       		.byte	0x24
 575 0247 03       		.byte	0x3
 576 0248 04000000 		.4byte	.LANCHOR0+4
 577 024c 22       		.byte	0x22
 578 024d 94       		.byte	0x94
 579 024e 02       		.byte	0x2
 580 024f 0A       		.byte	0xa
 581 0250 FFFF     		.2byte	0xffff
 582 0252 1A       		.byte	0x1a
 583 0253 00       		.byte	0
 584 0254 00       		.byte	0
 585 0255 00       		.byte	0
 586 0256 19       		.uleb128 0x19
 587 0257 C2000000 		.4byte	.LVL11
 588 025b 3F010000 		.4byte	0x13f
 589 025f 19       		.uleb128 0x19
 590 0260 C6000000 		.4byte	.LVL12
 591 0264 E1000000 		.4byte	0xe1
 592 0268 00       		.byte	0
 593 0269 1A       		.uleb128 0x1a
 594 026a E9000000 		.4byte	.LASF34
 595 026e E9000000 		.4byte	.LASF34
 596 0272 1B       		.uleb128 0x1b
 597 0273 0B020000 		.4byte	.LASF26
ARM GAS  C:\Users\Mahe\AppData\Local\Temp\ccKnuwbr.s 			page 17


 598 0277 0B020000 		.4byte	.LASF26
 599 027b 04       		.byte	0x4
 600 027c 6C       		.byte	0x6c
 601 027d 1B       		.uleb128 0x1b
 602 027e 1E000000 		.4byte	.LASF27
 603 0282 1E000000 		.4byte	.LASF27
 604 0286 04       		.byte	0x4
 605 0287 BD       		.byte	0xbd
 606 0288 1B       		.uleb128 0x1b
 607 0289 F7000000 		.4byte	.LASF28
 608 028d F7000000 		.4byte	.LASF28
 609 0291 04       		.byte	0x4
 610 0292 C3       		.byte	0xc3
 611 0293 00       		.byte	0
 612              		.section	.debug_abbrev,"",%progbits
 613              	.Ldebug_abbrev0:
 614 0000 01       		.uleb128 0x1
 615 0001 11       		.uleb128 0x11
 616 0002 01       		.byte	0x1
 617 0003 25       		.uleb128 0x25
 618 0004 0E       		.uleb128 0xe
 619 0005 13       		.uleb128 0x13
 620 0006 0B       		.uleb128 0xb
 621 0007 03       		.uleb128 0x3
 622 0008 0E       		.uleb128 0xe
 623 0009 1B       		.uleb128 0x1b
 624 000a 0E       		.uleb128 0xe
 625 000b 55       		.uleb128 0x55
 626 000c 17       		.uleb128 0x17
 627 000d 11       		.uleb128 0x11
 628 000e 01       		.uleb128 0x1
 629 000f 10       		.uleb128 0x10
 630 0010 17       		.uleb128 0x17
 631 0011 00       		.byte	0
 632 0012 00       		.byte	0
 633 0013 02       		.uleb128 0x2
 634 0014 24       		.uleb128 0x24
 635 0015 00       		.byte	0
 636 0016 0B       		.uleb128 0xb
 637 0017 0B       		.uleb128 0xb
 638 0018 3E       		.uleb128 0x3e
 639 0019 0B       		.uleb128 0xb
 640 001a 03       		.uleb128 0x3
 641 001b 08       		.uleb128 0x8
 642 001c 00       		.byte	0
 643 001d 00       		.byte	0
 644 001e 03       		.uleb128 0x3
 645 001f 16       		.uleb128 0x16
 646 0020 00       		.byte	0
 647 0021 03       		.uleb128 0x3
 648 0022 0E       		.uleb128 0xe
 649 0023 3A       		.uleb128 0x3a
 650 0024 0B       		.uleb128 0xb
 651 0025 3B       		.uleb128 0x3b
 652 0026 0B       		.uleb128 0xb
 653 0027 49       		.uleb128 0x49
 654 0028 13       		.uleb128 0x13
ARM GAS  C:\Users\Mahe\AppData\Local\Temp\ccKnuwbr.s 			page 18


 655 0029 00       		.byte	0
 656 002a 00       		.byte	0
 657 002b 04       		.uleb128 0x4
 658 002c 24       		.uleb128 0x24
 659 002d 00       		.byte	0
 660 002e 0B       		.uleb128 0xb
 661 002f 0B       		.uleb128 0xb
 662 0030 3E       		.uleb128 0x3e
 663 0031 0B       		.uleb128 0xb
 664 0032 03       		.uleb128 0x3
 665 0033 0E       		.uleb128 0xe
 666 0034 00       		.byte	0
 667 0035 00       		.byte	0
 668 0036 05       		.uleb128 0x5
 669 0037 0F       		.uleb128 0xf
 670 0038 00       		.byte	0
 671 0039 0B       		.uleb128 0xb
 672 003a 0B       		.uleb128 0xb
 673 003b 00       		.byte	0
 674 003c 00       		.byte	0
 675 003d 06       		.uleb128 0x6
 676 003e 16       		.uleb128 0x16
 677 003f 00       		.byte	0
 678 0040 03       		.uleb128 0x3
 679 0041 0E       		.uleb128 0xe
 680 0042 3A       		.uleb128 0x3a
 681 0043 0B       		.uleb128 0xb
 682 0044 3B       		.uleb128 0x3b
 683 0045 05       		.uleb128 0x5
 684 0046 49       		.uleb128 0x49
 685 0047 13       		.uleb128 0x13
 686 0048 00       		.byte	0
 687 0049 00       		.byte	0
 688 004a 07       		.uleb128 0x7
 689 004b 35       		.uleb128 0x35
 690 004c 00       		.byte	0
 691 004d 49       		.uleb128 0x49
 692 004e 13       		.uleb128 0x13
 693 004f 00       		.byte	0
 694 0050 00       		.byte	0
 695 0051 08       		.uleb128 0x8
 696 0052 2E       		.uleb128 0x2e
 697 0053 00       		.byte	0
 698 0054 03       		.uleb128 0x3
 699 0055 0E       		.uleb128 0xe
 700 0056 3A       		.uleb128 0x3a
 701 0057 0B       		.uleb128 0xb
 702 0058 3B       		.uleb128 0x3b
 703 0059 0B       		.uleb128 0xb
 704 005a 27       		.uleb128 0x27
 705 005b 19       		.uleb128 0x19
 706 005c 11       		.uleb128 0x11
 707 005d 01       		.uleb128 0x1
 708 005e 12       		.uleb128 0x12
 709 005f 06       		.uleb128 0x6
 710 0060 40       		.uleb128 0x40
 711 0061 18       		.uleb128 0x18
ARM GAS  C:\Users\Mahe\AppData\Local\Temp\ccKnuwbr.s 			page 19


 712 0062 9742     		.uleb128 0x2117
 713 0064 19       		.uleb128 0x19
 714 0065 00       		.byte	0
 715 0066 00       		.byte	0
 716 0067 09       		.uleb128 0x9
 717 0068 2E       		.uleb128 0x2e
 718 0069 01       		.byte	0x1
 719 006a 03       		.uleb128 0x3
 720 006b 0E       		.uleb128 0xe
 721 006c 3A       		.uleb128 0x3a
 722 006d 0B       		.uleb128 0xb
 723 006e 3B       		.uleb128 0x3b
 724 006f 0B       		.uleb128 0xb
 725 0070 27       		.uleb128 0x27
 726 0071 19       		.uleb128 0x19
 727 0072 11       		.uleb128 0x11
 728 0073 01       		.uleb128 0x1
 729 0074 12       		.uleb128 0x12
 730 0075 06       		.uleb128 0x6
 731 0076 40       		.uleb128 0x40
 732 0077 18       		.uleb128 0x18
 733 0078 9742     		.uleb128 0x2117
 734 007a 19       		.uleb128 0x19
 735 007b 01       		.uleb128 0x1
 736 007c 13       		.uleb128 0x13
 737 007d 00       		.byte	0
 738 007e 00       		.byte	0
 739 007f 0A       		.uleb128 0xa
 740 0080 05       		.uleb128 0x5
 741 0081 00       		.byte	0
 742 0082 03       		.uleb128 0x3
 743 0083 08       		.uleb128 0x8
 744 0084 3A       		.uleb128 0x3a
 745 0085 0B       		.uleb128 0xb
 746 0086 3B       		.uleb128 0x3b
 747 0087 0B       		.uleb128 0xb
 748 0088 49       		.uleb128 0x49
 749 0089 13       		.uleb128 0x13
 750 008a 02       		.uleb128 0x2
 751 008b 17       		.uleb128 0x17
 752 008c 00       		.byte	0
 753 008d 00       		.byte	0
 754 008e 0B       		.uleb128 0xb
 755 008f 898201   		.uleb128 0x4109
 756 0092 01       		.byte	0x1
 757 0093 11       		.uleb128 0x11
 758 0094 01       		.uleb128 0x1
 759 0095 31       		.uleb128 0x31
 760 0096 13       		.uleb128 0x13
 761 0097 00       		.byte	0
 762 0098 00       		.byte	0
 763 0099 0C       		.uleb128 0xc
 764 009a 8A8201   		.uleb128 0x410a
 765 009d 00       		.byte	0
 766 009e 02       		.uleb128 0x2
 767 009f 18       		.uleb128 0x18
 768 00a0 9142     		.uleb128 0x2111
ARM GAS  C:\Users\Mahe\AppData\Local\Temp\ccKnuwbr.s 			page 20


 769 00a2 18       		.uleb128 0x18
 770 00a3 00       		.byte	0
 771 00a4 00       		.byte	0
 772 00a5 0D       		.uleb128 0xd
 773 00a6 898201   		.uleb128 0x4109
 774 00a9 01       		.byte	0x1
 775 00aa 11       		.uleb128 0x11
 776 00ab 01       		.uleb128 0x1
 777 00ac 31       		.uleb128 0x31
 778 00ad 13       		.uleb128 0x13
 779 00ae 01       		.uleb128 0x1
 780 00af 13       		.uleb128 0x13
 781 00b0 00       		.byte	0
 782 00b1 00       		.byte	0
 783 00b2 0E       		.uleb128 0xe
 784 00b3 2E       		.uleb128 0x2e
 785 00b4 01       		.byte	0x1
 786 00b5 3F       		.uleb128 0x3f
 787 00b6 19       		.uleb128 0x19
 788 00b7 03       		.uleb128 0x3
 789 00b8 0E       		.uleb128 0xe
 790 00b9 3A       		.uleb128 0x3a
 791 00ba 0B       		.uleb128 0xb
 792 00bb 3B       		.uleb128 0x3b
 793 00bc 0B       		.uleb128 0xb
 794 00bd 27       		.uleb128 0x27
 795 00be 19       		.uleb128 0x19
 796 00bf 11       		.uleb128 0x11
 797 00c0 01       		.uleb128 0x1
 798 00c1 12       		.uleb128 0x12
 799 00c2 06       		.uleb128 0x6
 800 00c3 40       		.uleb128 0x40
 801 00c4 18       		.uleb128 0x18
 802 00c5 9742     		.uleb128 0x2117
 803 00c7 19       		.uleb128 0x19
 804 00c8 01       		.uleb128 0x1
 805 00c9 13       		.uleb128 0x13
 806 00ca 00       		.byte	0
 807 00cb 00       		.byte	0
 808 00cc 0F       		.uleb128 0xf
 809 00cd 0B       		.uleb128 0xb
 810 00ce 01       		.byte	0x1
 811 00cf 11       		.uleb128 0x11
 812 00d0 01       		.uleb128 0x1
 813 00d1 12       		.uleb128 0x12
 814 00d2 06       		.uleb128 0x6
 815 00d3 01       		.uleb128 0x1
 816 00d4 13       		.uleb128 0x13
 817 00d5 00       		.byte	0
 818 00d6 00       		.byte	0
 819 00d7 10       		.uleb128 0x10
 820 00d8 13       		.uleb128 0x13
 821 00d9 01       		.byte	0x1
 822 00da 0B       		.uleb128 0xb
 823 00db 0B       		.uleb128 0xb
 824 00dc 3A       		.uleb128 0x3a
 825 00dd 0B       		.uleb128 0xb
ARM GAS  C:\Users\Mahe\AppData\Local\Temp\ccKnuwbr.s 			page 21


 826 00de 3B       		.uleb128 0x3b
 827 00df 0B       		.uleb128 0xb
 828 00e0 01       		.uleb128 0x1
 829 00e1 13       		.uleb128 0x13
 830 00e2 00       		.byte	0
 831 00e3 00       		.byte	0
 832 00e4 11       		.uleb128 0x11
 833 00e5 0D       		.uleb128 0xd
 834 00e6 00       		.byte	0
 835 00e7 03       		.uleb128 0x3
 836 00e8 0E       		.uleb128 0xe
 837 00e9 3A       		.uleb128 0x3a
 838 00ea 0B       		.uleb128 0xb
 839 00eb 3B       		.uleb128 0x3b
 840 00ec 0B       		.uleb128 0xb
 841 00ed 49       		.uleb128 0x49
 842 00ee 13       		.uleb128 0x13
 843 00ef 38       		.uleb128 0x38
 844 00f0 0B       		.uleb128 0xb
 845 00f1 00       		.byte	0
 846 00f2 00       		.byte	0
 847 00f3 12       		.uleb128 0x12
 848 00f4 01       		.uleb128 0x1
 849 00f5 01       		.byte	0x1
 850 00f6 49       		.uleb128 0x49
 851 00f7 13       		.uleb128 0x13
 852 00f8 01       		.uleb128 0x1
 853 00f9 13       		.uleb128 0x13
 854 00fa 00       		.byte	0
 855 00fb 00       		.byte	0
 856 00fc 13       		.uleb128 0x13
 857 00fd 21       		.uleb128 0x21
 858 00fe 00       		.byte	0
 859 00ff 49       		.uleb128 0x49
 860 0100 13       		.uleb128 0x13
 861 0101 2F       		.uleb128 0x2f
 862 0102 0B       		.uleb128 0xb
 863 0103 00       		.byte	0
 864 0104 00       		.byte	0
 865 0105 14       		.uleb128 0x14
 866 0106 26       		.uleb128 0x26
 867 0107 00       		.byte	0
 868 0108 49       		.uleb128 0x49
 869 0109 13       		.uleb128 0x13
 870 010a 00       		.byte	0
 871 010b 00       		.byte	0
 872 010c 15       		.uleb128 0x15
 873 010d 34       		.uleb128 0x34
 874 010e 00       		.byte	0
 875 010f 03       		.uleb128 0x3
 876 0110 0E       		.uleb128 0xe
 877 0111 3A       		.uleb128 0x3a
 878 0112 0B       		.uleb128 0xb
 879 0113 3B       		.uleb128 0x3b
 880 0114 05       		.uleb128 0x5
 881 0115 49       		.uleb128 0x49
 882 0116 13       		.uleb128 0x13
ARM GAS  C:\Users\Mahe\AppData\Local\Temp\ccKnuwbr.s 			page 22


 883 0117 02       		.uleb128 0x2
 884 0118 18       		.uleb128 0x18
 885 0119 00       		.byte	0
 886 011a 00       		.byte	0
 887 011b 16       		.uleb128 0x16
 888 011c 34       		.uleb128 0x34
 889 011d 00       		.byte	0
 890 011e 03       		.uleb128 0x3
 891 011f 08       		.uleb128 0x8
 892 0120 3A       		.uleb128 0x3a
 893 0121 0B       		.uleb128 0xb
 894 0122 3B       		.uleb128 0x3b
 895 0123 05       		.uleb128 0x5
 896 0124 49       		.uleb128 0x49
 897 0125 13       		.uleb128 0x13
 898 0126 02       		.uleb128 0x2
 899 0127 17       		.uleb128 0x17
 900 0128 00       		.byte	0
 901 0129 00       		.byte	0
 902 012a 17       		.uleb128 0x17
 903 012b 0B       		.uleb128 0xb
 904 012c 01       		.byte	0x1
 905 012d 11       		.uleb128 0x11
 906 012e 01       		.uleb128 0x1
 907 012f 12       		.uleb128 0x12
 908 0130 06       		.uleb128 0x6
 909 0131 00       		.byte	0
 910 0132 00       		.byte	0
 911 0133 18       		.uleb128 0x18
 912 0134 0F       		.uleb128 0xf
 913 0135 00       		.byte	0
 914 0136 0B       		.uleb128 0xb
 915 0137 0B       		.uleb128 0xb
 916 0138 49       		.uleb128 0x49
 917 0139 13       		.uleb128 0x13
 918 013a 00       		.byte	0
 919 013b 00       		.byte	0
 920 013c 19       		.uleb128 0x19
 921 013d 898201   		.uleb128 0x4109
 922 0140 00       		.byte	0
 923 0141 11       		.uleb128 0x11
 924 0142 01       		.uleb128 0x1
 925 0143 31       		.uleb128 0x31
 926 0144 13       		.uleb128 0x13
 927 0145 00       		.byte	0
 928 0146 00       		.byte	0
 929 0147 1A       		.uleb128 0x1a
 930 0148 2E       		.uleb128 0x2e
 931 0149 00       		.byte	0
 932 014a 3F       		.uleb128 0x3f
 933 014b 19       		.uleb128 0x19
 934 014c 3C       		.uleb128 0x3c
 935 014d 19       		.uleb128 0x19
 936 014e 6E       		.uleb128 0x6e
 937 014f 0E       		.uleb128 0xe
 938 0150 03       		.uleb128 0x3
 939 0151 0E       		.uleb128 0xe
ARM GAS  C:\Users\Mahe\AppData\Local\Temp\ccKnuwbr.s 			page 23


 940 0152 00       		.byte	0
 941 0153 00       		.byte	0
 942 0154 1B       		.uleb128 0x1b
 943 0155 2E       		.uleb128 0x2e
 944 0156 00       		.byte	0
 945 0157 3F       		.uleb128 0x3f
 946 0158 19       		.uleb128 0x19
 947 0159 3C       		.uleb128 0x3c
 948 015a 19       		.uleb128 0x19
 949 015b 6E       		.uleb128 0x6e
 950 015c 0E       		.uleb128 0xe
 951 015d 03       		.uleb128 0x3
 952 015e 0E       		.uleb128 0xe
 953 015f 3A       		.uleb128 0x3a
 954 0160 0B       		.uleb128 0xb
 955 0161 3B       		.uleb128 0x3b
 956 0162 0B       		.uleb128 0xb
 957 0163 00       		.byte	0
 958 0164 00       		.byte	0
 959 0165 00       		.byte	0
 960              		.section	.debug_loc,"",%progbits
 961              	.Ldebug_loc0:
 962              	.LLST0:
 963 0000 00000000 		.4byte	.LVL0
 964 0004 09000000 		.4byte	.LVL2-1
 965 0008 0100     		.2byte	0x1
 966 000a 50       		.byte	0x50
 967 000b 09000000 		.4byte	.LVL2-1
 968 000f 0C000000 		.4byte	.LFE1
 969 0013 0400     		.2byte	0x4
 970 0015 F3       		.byte	0xf3
 971 0016 01       		.uleb128 0x1
 972 0017 50       		.byte	0x50
 973 0018 9F       		.byte	0x9f
 974 0019 00000000 		.4byte	0
 975 001d 00000000 		.4byte	0
 976              	.LLST1:
 977 0021 00000000 		.4byte	.LVL0
 978 0025 06000000 		.4byte	.LVL1
 979 0029 0100     		.2byte	0x1
 980 002b 51       		.byte	0x51
 981 002c 06000000 		.4byte	.LVL1
 982 0030 09000000 		.4byte	.LVL2-1
 983 0034 0100     		.2byte	0x1
 984 0036 52       		.byte	0x52
 985 0037 09000000 		.4byte	.LVL2-1
 986 003b 0C000000 		.4byte	.LFE1
 987 003f 0400     		.2byte	0x4
 988 0041 F3       		.byte	0xf3
 989 0042 01       		.uleb128 0x1
 990 0043 51       		.byte	0x51
 991 0044 9F       		.byte	0x9f
 992 0045 00000000 		.4byte	0
 993 0049 00000000 		.4byte	0
 994              	.LLST2:
 995 004d 58000000 		.4byte	.LVL6
 996 0051 5C000000 		.4byte	.LVL7
ARM GAS  C:\Users\Mahe\AppData\Local\Temp\ccKnuwbr.s 			page 24


 997 0055 0200     		.2byte	0x2
 998 0057 30       		.byte	0x30
 999 0058 9F       		.byte	0x9f
 1000 0059 5C000000 		.4byte	.LVL7
 1001 005d 7A000000 		.4byte	.LVL9
 1002 0061 0100     		.2byte	0x1
 1003 0063 54       		.byte	0x54
 1004 0064 7C000000 		.4byte	.LVL10
 1005 0068 C6000000 		.4byte	.LVL13
 1006 006c 0100     		.2byte	0x1
 1007 006e 54       		.byte	0x54
 1008 006f 00000000 		.4byte	0
 1009 0073 00000000 		.4byte	0
 1010              	.LLST3:
 1011 0077 5C000000 		.4byte	.LVL7
 1012 007b 7A000000 		.4byte	.LVL9
 1013 007f 0B00     		.2byte	0xb
 1014 0081 74       		.byte	0x74
 1015 0082 00       		.sleb128 0
 1016 0083 36       		.byte	0x36
 1017 0084 1E       		.byte	0x1e
 1018 0085 03       		.byte	0x3
 1019 0086 00000000 		.4byte	cfg_memset_list.4888
 1020 008a 22       		.byte	0x22
 1021 008b 9F       		.byte	0x9f
 1022 008c 7A000000 		.4byte	.LVL9
 1023 0090 7C000000 		.4byte	.LVL10
 1024 0094 0B00     		.2byte	0xb
 1025 0096 74       		.byte	0x74
 1026 0097 7F       		.sleb128 -1
 1027 0098 36       		.byte	0x36
 1028 0099 1E       		.byte	0x1e
 1029 009a 03       		.byte	0x3
 1030 009b 00000000 		.4byte	cfg_memset_list.4888
 1031 009f 22       		.byte	0x22
 1032 00a0 9F       		.byte	0x9f
 1033 00a1 00000000 		.4byte	0
 1034 00a5 00000000 		.4byte	0
 1035              		.section	.debug_aranges,"",%progbits
 1036 0000 34000000 		.4byte	0x34
 1037 0004 0200     		.2byte	0x2
 1038 0006 00000000 		.4byte	.Ldebug_info0
 1039 000a 04       		.byte	0x4
 1040 000b 00       		.byte	0
 1041 000c 0000     		.2byte	0
 1042 000e 0000     		.2byte	0
 1043 0010 00000000 		.4byte	.LFB5
 1044 0014 20000000 		.4byte	.LFE5-.LFB5
 1045 0018 00000000 		.4byte	.LFB1
 1046 001c 0C000000 		.4byte	.LFE1-.LFB1
 1047 0020 00000000 		.4byte	.LFB4
 1048 0024 54000000 		.4byte	.LFE4-.LFB4
 1049 0028 54000000 		.4byte	.LFB6
 1050 002c 98000000 		.4byte	.LFE6-.LFB6
 1051 0030 00000000 		.4byte	0
 1052 0034 00000000 		.4byte	0
 1053              		.section	.debug_ranges,"",%progbits
ARM GAS  C:\Users\Mahe\AppData\Local\Temp\ccKnuwbr.s 			page 25


 1054              	.Ldebug_ranges0:
 1055 0000 00000000 		.4byte	.LFB5
 1056 0004 20000000 		.4byte	.LFE5
 1057 0008 00000000 		.4byte	.LFB1
 1058 000c 0C000000 		.4byte	.LFE1
 1059 0010 00000000 		.4byte	.LFB4
 1060 0014 54000000 		.4byte	.LFE4
 1061 0018 54000000 		.4byte	.LFB6
 1062 001c EC000000 		.4byte	.LFE6
 1063 0020 00000000 		.4byte	0
 1064 0024 00000000 		.4byte	0
 1065              		.section	.debug_line,"",%progbits
 1066              	.Ldebug_line0:
 1067 0000 3E010000 		.section	.debug_str,"MS",%progbits,1
 1067      0200D600 
 1067      00000201 
 1067      FB0E0D00 
 1067      01010101 
 1068              	.LASF19:
 1069 0000 72656733 		.ascii	"reg32\000"
 1069      3200
 1070              	.LASF12:
 1071 0006 73697A65 		.ascii	"size_t\000"
 1071      5F7400
 1072              	.LASF32:
 1073 000d 416E616C 		.ascii	"AnalogSetDefault\000"
 1073      6F675365 
 1073      74446566 
 1073      61756C74 
 1073      00
 1074              	.LASF27:
 1075 001e 4379496E 		.ascii	"CyIntSetVector\000"
 1075      74536574 
 1075      56656374 
 1075      6F7200
 1076              	.LASF25:
 1077 002d 6366675F 		.ascii	"cfg_memset_list\000"
 1077      6D656D73 
 1077      65745F6C 
 1077      69737400 
 1078              	.LASF21:
 1079 003d 436C6F63 		.ascii	"ClockSetup\000"
 1079      6B536574 
 1079      757000
 1080              	.LASF6:
 1081 0048 73686F72 		.ascii	"short unsigned int\000"
 1081      7420756E 
 1081      7369676E 
 1081      65642069 
 1081      6E7400
 1082              	.LASF31:
 1083 005b 433A5C55 		.ascii	"C:\\Users\\Mahe\\Documents\\PSoC Creator\\Workspace"
 1083      73657273 
 1083      5C4D6168 
 1083      655C446F 
 1083      63756D65 
 1084 0089 30315C41 		.ascii	"01\\Aug_16th_AESD\\GPIO_IRQ.cydsn\000"
ARM GAS  C:\Users\Mahe\AppData\Local\Temp\ccKnuwbr.s 			page 26


 1084      75675F31 
 1084      3674685F 
 1084      41455344 
 1084      5C475049 
 1085              	.LASF16:
 1086 00a9 666C6F61 		.ascii	"float\000"
 1086      7400
 1087              	.LASF23:
 1088 00af 73697A65 		.ascii	"size\000"
 1088      00
 1089              	.LASF18:
 1090 00b4 72656738 		.ascii	"reg8\000"
 1090      00
 1091              	.LASF8:
 1092 00b9 6C6F6E67 		.ascii	"long unsigned int\000"
 1092      20756E73 
 1092      69676E65 
 1092      6420696E 
 1092      7400
 1093              	.LASF13:
 1094 00cb 75696E74 		.ascii	"uint8\000"
 1094      3800
 1095              	.LASF20:
 1096 00d1 43594D45 		.ascii	"CYMEMZERO\000"
 1096      4D5A4552 
 1096      4F00
 1097              	.LASF4:
 1098 00db 756E7369 		.ascii	"unsigned char\000"
 1098      676E6564 
 1098      20636861 
 1098      7200
 1099              	.LASF34:
 1100 00e9 6D656D73 		.ascii	"memset\000"
 1100      657400
 1101              	.LASF17:
 1102 00f0 646F7562 		.ascii	"double\000"
 1102      6C6500
 1103              	.LASF28:
 1104 00f7 4379496E 		.ascii	"CyIntEnable\000"
 1104      74456E61 
 1104      626C6500 
 1105              	.LASF14:
 1106 0103 75696E74 		.ascii	"uint16\000"
 1106      313600
 1107              	.LASF15:
 1108 010a 75696E74 		.ascii	"uint32\000"
 1108      333200
 1109              	.LASF0:
 1110 0111 756E7369 		.ascii	"unsigned int\000"
 1110      676E6564 
 1110      20696E74 
 1110      00
 1111              	.LASF33:
 1112 011e 63796669 		.ascii	"cyfitter_cfg\000"
 1112      74746572 
 1112      5F636667 
 1112      00
ARM GAS  C:\Users\Mahe\AppData\Local\Temp\ccKnuwbr.s 			page 27


 1113              	.LASF22:
 1114 012b 61646472 		.ascii	"address\000"
 1114      65737300 
 1115              	.LASF9:
 1116 0133 6C6F6E67 		.ascii	"long long unsigned int\000"
 1116      206C6F6E 
 1116      6720756E 
 1116      7369676E 
 1116      65642069 
 1117              	.LASF29:
 1118 014a 474E5520 		.ascii	"GNU C11 5.4.1 20160609 (release) [ARM/embedded-5-br"
 1118      43313120 
 1118      352E342E 
 1118      31203230 
 1118      31363036 
 1119 017d 616E6368 		.ascii	"anch revision 237715] -mcpu=cortex-m0 -mthumb -g -O"
 1119      20726576 
 1119      6973696F 
 1119      6E203233 
 1119      37373135 
 1120 01b0 67202D66 		.ascii	"g -ffunction-sections -ffat-lto-objects\000"
 1120      66756E63 
 1120      74696F6E 
 1120      2D736563 
 1120      74696F6E 
 1121              	.LASF24:
 1122 01d8 6366675F 		.ascii	"cfg_memset_t\000"
 1122      6D656D73 
 1122      65745F74 
 1122      00
 1123              	.LASF10:
 1124 01e5 73697A65 		.ascii	"sizetype\000"
 1124      74797065 
 1124      00
 1125              	.LASF1:
 1126 01ee 6C6F6E67 		.ascii	"long long int\000"
 1126      206C6F6E 
 1126      6720696E 
 1126      7400
 1127              	.LASF11:
 1128 01fc 63686172 		.ascii	"char\000"
 1128      00
 1129              	.LASF5:
 1130 0201 73686F72 		.ascii	"short int\000"
 1130      7420696E 
 1130      7400
 1131              	.LASF26:
 1132 020b 43795379 		.ascii	"CySysClkWriteImoFreq\000"
 1132      73436C6B 
 1132      57726974 
 1132      65496D6F 
 1132      46726571 
 1133              	.LASF7:
 1134 0220 6C6F6E67 		.ascii	"long int\000"
 1134      20696E74 
 1134      00
 1135              	.LASF2:
ARM GAS  C:\Users\Mahe\AppData\Local\Temp\ccKnuwbr.s 			page 28


 1136 0229 6C6F6E67 		.ascii	"long double\000"
 1136      20646F75 
 1136      626C6500 
 1137              	.LASF3:
 1138 0235 7369676E 		.ascii	"signed char\000"
 1138      65642063 
 1138      68617200 
 1139              	.LASF30:
 1140 0241 47656E65 		.ascii	"Generated_Source\\PSoC4\\cyfitter_cfg.c\000"
 1140      72617465 
 1140      645F536F 
 1140      75726365 
 1140      5C50536F 
 1141              		.ident	"GCC: (GNU Tools for ARM Embedded Processors) 5.4.1 20160609 (release) [ARM/embedded-5-bran
