ARM GAS  C:\Users\Mahe\AppData\Local\Temp\ccHE1Oyd.s 			page 1


   1              		.syntax unified
   2              		.cpu cortex-m0
   3              		.fpu softvfp
   4              		.eabi_attribute 20, 1
   5              		.eabi_attribute 21, 1
   6              		.eabi_attribute 23, 3
   7              		.eabi_attribute 24, 1
   8              		.eabi_attribute 25, 1
   9              		.eabi_attribute 26, 1
  10              		.eabi_attribute 30, 1
  11              		.eabi_attribute 34, 0
  12              		.eabi_attribute 18, 4
  13              		.thumb
  14              		.syntax unified
  15              		.file	"cyfitter_cfg.c"
  16              		.text
  17              	.Ltext0:
  18              		.cfi_sections	.debug_frame
  19              		.section	.text.AnalogSetDefault,"ax",%progbits
  20              		.align	2
  21              		.code	16
  22              		.thumb_func
  23              		.type	AnalogSetDefault, %function
  24              	AnalogSetDefault:
  25              	.LFB5:
  26              		.file 1 "Generated_Source\\PSoC4\\cyfitter_cfg.c"
   1:Generated_Source\PSoC4/cyfitter_cfg.c **** 
   2:Generated_Source\PSoC4/cyfitter_cfg.c **** /*******************************************************************************
   3:Generated_Source\PSoC4/cyfitter_cfg.c **** * File Name: cyfitter_cfg.c
   4:Generated_Source\PSoC4/cyfitter_cfg.c **** * 
   5:Generated_Source\PSoC4/cyfitter_cfg.c **** * PSoC Creator  4.1 Update 1
   6:Generated_Source\PSoC4/cyfitter_cfg.c **** *
   7:Generated_Source\PSoC4/cyfitter_cfg.c **** * Description:
   8:Generated_Source\PSoC4/cyfitter_cfg.c **** * This file contains device initialization code.
   9:Generated_Source\PSoC4/cyfitter_cfg.c **** * Except for the user defined sections in CyClockStartupError(), this file should not be modified.
  10:Generated_Source\PSoC4/cyfitter_cfg.c **** * This file is automatically generated by PSoC Creator.
  11:Generated_Source\PSoC4/cyfitter_cfg.c **** *
  12:Generated_Source\PSoC4/cyfitter_cfg.c **** ********************************************************************************
  13:Generated_Source\PSoC4/cyfitter_cfg.c **** * Copyright (c) 2007-2017 Cypress Semiconductor.  All rights reserved.
  14:Generated_Source\PSoC4/cyfitter_cfg.c **** * You may use this file only in accordance with the license, terms, conditions, 
  15:Generated_Source\PSoC4/cyfitter_cfg.c **** * disclaimers, and limitations in the end user license agreement accompanying 
  16:Generated_Source\PSoC4/cyfitter_cfg.c **** * the software package with which this file was provided.
  17:Generated_Source\PSoC4/cyfitter_cfg.c **** ********************************************************************************/
  18:Generated_Source\PSoC4/cyfitter_cfg.c **** 
  19:Generated_Source\PSoC4/cyfitter_cfg.c **** #include <string.h>
  20:Generated_Source\PSoC4/cyfitter_cfg.c **** #include "cytypes.h"
  21:Generated_Source\PSoC4/cyfitter_cfg.c **** #include "cydevice_trm.h"
  22:Generated_Source\PSoC4/cyfitter_cfg.c **** #include "cyfitter.h"
  23:Generated_Source\PSoC4/cyfitter_cfg.c **** #include "CyLib.h"
  24:Generated_Source\PSoC4/cyfitter_cfg.c **** #include "CyLFClk.h"
  25:Generated_Source\PSoC4/cyfitter_cfg.c **** #include "cyfitter_cfg.h"
  26:Generated_Source\PSoC4/cyfitter_cfg.c **** #include "cyapicallbacks.h"
  27:Generated_Source\PSoC4/cyfitter_cfg.c **** 
  28:Generated_Source\PSoC4/cyfitter_cfg.c **** 
  29:Generated_Source\PSoC4/cyfitter_cfg.c **** #if defined(__GNUC__) || defined(__ARMCC_VERSION)
  30:Generated_Source\PSoC4/cyfitter_cfg.c ****     #define CYPACKED 
  31:Generated_Source\PSoC4/cyfitter_cfg.c ****     #define CYPACKED_ATTR __attribute__ ((packed))
ARM GAS  C:\Users\Mahe\AppData\Local\Temp\ccHE1Oyd.s 			page 2


  32:Generated_Source\PSoC4/cyfitter_cfg.c ****     #define CYALIGNED __attribute__ ((aligned))
  33:Generated_Source\PSoC4/cyfitter_cfg.c ****     #define CY_CFG_UNUSED __attribute__ ((unused))
  34:Generated_Source\PSoC4/cyfitter_cfg.c ****     #ifndef CY_CFG_SECTION
  35:Generated_Source\PSoC4/cyfitter_cfg.c ****         #define CY_CFG_SECTION __attribute__ ((section(".psocinit")))
  36:Generated_Source\PSoC4/cyfitter_cfg.c ****     #endif
  37:Generated_Source\PSoC4/cyfitter_cfg.c ****     
  38:Generated_Source\PSoC4/cyfitter_cfg.c ****     #if defined(__ARMCC_VERSION)
  39:Generated_Source\PSoC4/cyfitter_cfg.c ****         #define CY_CFG_MEMORY_BARRIER() __memory_changed()
  40:Generated_Source\PSoC4/cyfitter_cfg.c ****     #else
  41:Generated_Source\PSoC4/cyfitter_cfg.c ****         #define CY_CFG_MEMORY_BARRIER() __sync_synchronize()
  42:Generated_Source\PSoC4/cyfitter_cfg.c ****     #endif
  43:Generated_Source\PSoC4/cyfitter_cfg.c ****     
  44:Generated_Source\PSoC4/cyfitter_cfg.c **** #elif defined(__ICCARM__)
  45:Generated_Source\PSoC4/cyfitter_cfg.c ****     #include <intrinsics.h>
  46:Generated_Source\PSoC4/cyfitter_cfg.c **** 
  47:Generated_Source\PSoC4/cyfitter_cfg.c ****     #define CYPACKED __packed
  48:Generated_Source\PSoC4/cyfitter_cfg.c ****     #define CYPACKED_ATTR 
  49:Generated_Source\PSoC4/cyfitter_cfg.c ****     #define CYALIGNED _Pragma("data_alignment=4")
  50:Generated_Source\PSoC4/cyfitter_cfg.c ****     #define CY_CFG_UNUSED _Pragma("diag_suppress=Pe177")
  51:Generated_Source\PSoC4/cyfitter_cfg.c ****     #define CY_CFG_SECTION _Pragma("location=\".psocinit\"")
  52:Generated_Source\PSoC4/cyfitter_cfg.c ****     
  53:Generated_Source\PSoC4/cyfitter_cfg.c ****     #define CY_CFG_MEMORY_BARRIER() __DMB()
  54:Generated_Source\PSoC4/cyfitter_cfg.c ****     
  55:Generated_Source\PSoC4/cyfitter_cfg.c **** #else
  56:Generated_Source\PSoC4/cyfitter_cfg.c ****     #error Unsupported toolchain
  57:Generated_Source\PSoC4/cyfitter_cfg.c **** #endif
  58:Generated_Source\PSoC4/cyfitter_cfg.c **** 
  59:Generated_Source\PSoC4/cyfitter_cfg.c **** #ifndef CYCODE
  60:Generated_Source\PSoC4/cyfitter_cfg.c ****     #define CYCODE
  61:Generated_Source\PSoC4/cyfitter_cfg.c **** #endif
  62:Generated_Source\PSoC4/cyfitter_cfg.c **** #ifndef CYDATA
  63:Generated_Source\PSoC4/cyfitter_cfg.c ****     #define CYDATA
  64:Generated_Source\PSoC4/cyfitter_cfg.c **** #endif
  65:Generated_Source\PSoC4/cyfitter_cfg.c **** #ifndef CYFAR
  66:Generated_Source\PSoC4/cyfitter_cfg.c ****     #define CYFAR
  67:Generated_Source\PSoC4/cyfitter_cfg.c **** #endif
  68:Generated_Source\PSoC4/cyfitter_cfg.c **** #ifndef CYXDATA
  69:Generated_Source\PSoC4/cyfitter_cfg.c ****     #define CYXDATA
  70:Generated_Source\PSoC4/cyfitter_cfg.c **** #endif
  71:Generated_Source\PSoC4/cyfitter_cfg.c **** 
  72:Generated_Source\PSoC4/cyfitter_cfg.c **** 
  73:Generated_Source\PSoC4/cyfitter_cfg.c **** CY_CFG_UNUSED
  74:Generated_Source\PSoC4/cyfitter_cfg.c **** static void CYMEMZERO(void *s, size_t n);
  75:Generated_Source\PSoC4/cyfitter_cfg.c **** CY_CFG_UNUSED
  76:Generated_Source\PSoC4/cyfitter_cfg.c **** static void CYMEMZERO(void *s, size_t n)
  77:Generated_Source\PSoC4/cyfitter_cfg.c **** {
  78:Generated_Source\PSoC4/cyfitter_cfg.c **** 	(void)memset(s, 0, n);
  79:Generated_Source\PSoC4/cyfitter_cfg.c **** }
  80:Generated_Source\PSoC4/cyfitter_cfg.c **** CY_CFG_UNUSED
  81:Generated_Source\PSoC4/cyfitter_cfg.c **** static void CYCONFIGCPY(void *dest, const void *src, size_t n);
  82:Generated_Source\PSoC4/cyfitter_cfg.c **** CY_CFG_UNUSED
  83:Generated_Source\PSoC4/cyfitter_cfg.c **** static void CYCONFIGCPY(void *dest, const void *src, size_t n)
  84:Generated_Source\PSoC4/cyfitter_cfg.c **** {
  85:Generated_Source\PSoC4/cyfitter_cfg.c **** 	(void)memcpy(dest, src, n);
  86:Generated_Source\PSoC4/cyfitter_cfg.c **** }
  87:Generated_Source\PSoC4/cyfitter_cfg.c **** CY_CFG_UNUSED
  88:Generated_Source\PSoC4/cyfitter_cfg.c **** static void CYCONFIGCPYCODE(void *dest, const void *src, size_t n);
ARM GAS  C:\Users\Mahe\AppData\Local\Temp\ccHE1Oyd.s 			page 3


  89:Generated_Source\PSoC4/cyfitter_cfg.c **** CY_CFG_UNUSED
  90:Generated_Source\PSoC4/cyfitter_cfg.c **** static void CYCONFIGCPYCODE(void *dest, const void *src, size_t n)
  91:Generated_Source\PSoC4/cyfitter_cfg.c **** {
  92:Generated_Source\PSoC4/cyfitter_cfg.c **** 	(void)memcpy(dest, src, n);
  93:Generated_Source\PSoC4/cyfitter_cfg.c **** }
  94:Generated_Source\PSoC4/cyfitter_cfg.c **** 
  95:Generated_Source\PSoC4/cyfitter_cfg.c **** 
  96:Generated_Source\PSoC4/cyfitter_cfg.c **** 
  97:Generated_Source\PSoC4/cyfitter_cfg.c **** 
  98:Generated_Source\PSoC4/cyfitter_cfg.c **** /* Clock startup error codes                                                   */
  99:Generated_Source\PSoC4/cyfitter_cfg.c **** #define CYCLOCKSTART_NO_ERROR    0u
 100:Generated_Source\PSoC4/cyfitter_cfg.c **** #define CYCLOCKSTART_XTAL_ERROR  1u
 101:Generated_Source\PSoC4/cyfitter_cfg.c **** #define CYCLOCKSTART_32KHZ_ERROR 2u
 102:Generated_Source\PSoC4/cyfitter_cfg.c **** #define CYCLOCKSTART_PLL_ERROR   3u
 103:Generated_Source\PSoC4/cyfitter_cfg.c **** #define CYCLOCKSTART_FLL_ERROR   4u
 104:Generated_Source\PSoC4/cyfitter_cfg.c **** 
 105:Generated_Source\PSoC4/cyfitter_cfg.c **** 
 106:Generated_Source\PSoC4/cyfitter_cfg.c **** #ifdef CY_NEED_CYCLOCKSTARTUPERROR
 107:Generated_Source\PSoC4/cyfitter_cfg.c **** /*******************************************************************************
 108:Generated_Source\PSoC4/cyfitter_cfg.c **** * Function Name: CyClockStartupError
 109:Generated_Source\PSoC4/cyfitter_cfg.c **** ********************************************************************************
 110:Generated_Source\PSoC4/cyfitter_cfg.c **** * Summary:
 111:Generated_Source\PSoC4/cyfitter_cfg.c **** *  If an error is encountered during clock configuration (crystal startup error,
 112:Generated_Source\PSoC4/cyfitter_cfg.c **** *  PLL lock error, etc.), the system will end up here.  Unless reimplemented by
 113:Generated_Source\PSoC4/cyfitter_cfg.c **** *  the customer, this function will stop in an infinite loop.
 114:Generated_Source\PSoC4/cyfitter_cfg.c **** *
 115:Generated_Source\PSoC4/cyfitter_cfg.c **** * Parameters:
 116:Generated_Source\PSoC4/cyfitter_cfg.c **** *   void
 117:Generated_Source\PSoC4/cyfitter_cfg.c **** *
 118:Generated_Source\PSoC4/cyfitter_cfg.c **** * Return:
 119:Generated_Source\PSoC4/cyfitter_cfg.c **** *   void
 120:Generated_Source\PSoC4/cyfitter_cfg.c **** *
 121:Generated_Source\PSoC4/cyfitter_cfg.c **** *******************************************************************************/
 122:Generated_Source\PSoC4/cyfitter_cfg.c **** CY_CFG_UNUSED
 123:Generated_Source\PSoC4/cyfitter_cfg.c **** static void CyClockStartupError(uint8 errorCode);
 124:Generated_Source\PSoC4/cyfitter_cfg.c **** CY_CFG_UNUSED
 125:Generated_Source\PSoC4/cyfitter_cfg.c **** static void CyClockStartupError(uint8 errorCode)
 126:Generated_Source\PSoC4/cyfitter_cfg.c **** {
 127:Generated_Source\PSoC4/cyfitter_cfg.c ****     /* To remove the compiler warning if errorCode not used. */
 128:Generated_Source\PSoC4/cyfitter_cfg.c **** #if defined(CY_PSOC3) && (CY_PSOC3)
 129:Generated_Source\PSoC4/cyfitter_cfg.c ****     errorCode = errorCode;
 130:Generated_Source\PSoC4/cyfitter_cfg.c **** #else
 131:Generated_Source\PSoC4/cyfitter_cfg.c ****     (void)errorCode;
 132:Generated_Source\PSoC4/cyfitter_cfg.c **** #endif /* CY_PSOC3 */
 133:Generated_Source\PSoC4/cyfitter_cfg.c **** 
 134:Generated_Source\PSoC4/cyfitter_cfg.c ****     /* If we have a clock startup error (bad MHz crystal, PLL lock, etc.),  */
 135:Generated_Source\PSoC4/cyfitter_cfg.c ****     /* we will end up here to allow the customer to implement something to  */
 136:Generated_Source\PSoC4/cyfitter_cfg.c ****     /* deal with the clock condition.                                       */
 137:Generated_Source\PSoC4/cyfitter_cfg.c **** 
 138:Generated_Source\PSoC4/cyfitter_cfg.c **** #ifdef CY_CFG_CLOCK_STARTUP_ERROR_CALLBACK
 139:Generated_Source\PSoC4/cyfitter_cfg.c ****     CY_CFG_Clock_Startup_ErrorCallback();
 140:Generated_Source\PSoC4/cyfitter_cfg.c **** #else
 141:Generated_Source\PSoC4/cyfitter_cfg.c ****     /*  If not using CY_CFG_CLOCK_STARTUP_ERROR_CALLBACK, place your clock startup code here. */
 142:Generated_Source\PSoC4/cyfitter_cfg.c ****     /* `#START CyClockStartupError` */
 143:Generated_Source\PSoC4/cyfitter_cfg.c **** 
 144:Generated_Source\PSoC4/cyfitter_cfg.c **** 
 145:Generated_Source\PSoC4/cyfitter_cfg.c **** 
ARM GAS  C:\Users\Mahe\AppData\Local\Temp\ccHE1Oyd.s 			page 4


 146:Generated_Source\PSoC4/cyfitter_cfg.c ****     /* `#END` */
 147:Generated_Source\PSoC4/cyfitter_cfg.c **** 
 148:Generated_Source\PSoC4/cyfitter_cfg.c ****     while(1) {}
 149:Generated_Source\PSoC4/cyfitter_cfg.c **** #endif /* CY_CFG_CLOCK_STARTUP_ERROR_CALLBACK */
 150:Generated_Source\PSoC4/cyfitter_cfg.c **** }
 151:Generated_Source\PSoC4/cyfitter_cfg.c **** #endif
 152:Generated_Source\PSoC4/cyfitter_cfg.c **** 
 153:Generated_Source\PSoC4/cyfitter_cfg.c **** 
 154:Generated_Source\PSoC4/cyfitter_cfg.c **** 
 155:Generated_Source\PSoC4/cyfitter_cfg.c **** /*******************************************************************************
 156:Generated_Source\PSoC4/cyfitter_cfg.c **** * Function Name: ClockSetup
 157:Generated_Source\PSoC4/cyfitter_cfg.c **** ********************************************************************************
 158:Generated_Source\PSoC4/cyfitter_cfg.c **** *
 159:Generated_Source\PSoC4/cyfitter_cfg.c **** * Summary:
 160:Generated_Source\PSoC4/cyfitter_cfg.c **** *   Performs the initialization of all of the clocks in the device based on the
 161:Generated_Source\PSoC4/cyfitter_cfg.c **** *   settings in the Clock tab of the DWR.  This includes enabling the requested
 162:Generated_Source\PSoC4/cyfitter_cfg.c **** *   clocks and setting the necessary dividers to produce the desired frequency. 
 163:Generated_Source\PSoC4/cyfitter_cfg.c **** *
 164:Generated_Source\PSoC4/cyfitter_cfg.c **** * Parameters:
 165:Generated_Source\PSoC4/cyfitter_cfg.c **** *   void
 166:Generated_Source\PSoC4/cyfitter_cfg.c **** *
 167:Generated_Source\PSoC4/cyfitter_cfg.c **** * Return:
 168:Generated_Source\PSoC4/cyfitter_cfg.c **** *   void
 169:Generated_Source\PSoC4/cyfitter_cfg.c **** *
 170:Generated_Source\PSoC4/cyfitter_cfg.c **** *******************************************************************************/
 171:Generated_Source\PSoC4/cyfitter_cfg.c **** static void ClockSetup(void);
 172:Generated_Source\PSoC4/cyfitter_cfg.c **** CY_CFG_SECTION
 173:Generated_Source\PSoC4/cyfitter_cfg.c **** static void ClockSetup(void)
 174:Generated_Source\PSoC4/cyfitter_cfg.c **** {
 175:Generated_Source\PSoC4/cyfitter_cfg.c **** 
 176:Generated_Source\PSoC4/cyfitter_cfg.c **** 	/* Set Flash Cycles based on max possible frequency in case a glitch occurs during ClockSetup(). *
 177:Generated_Source\PSoC4/cyfitter_cfg.c **** 	CY_SET_REG32((void CYXDATA *)(CYREG_CPUSS_FLASH_CTL), (0x0012u));
 178:Generated_Source\PSoC4/cyfitter_cfg.c **** 	/* Setup and trim IMO based on desired frequency. */
 179:Generated_Source\PSoC4/cyfitter_cfg.c **** 	CySysClkWriteImoFreq(48u);
 180:Generated_Source\PSoC4/cyfitter_cfg.c **** 	/* CYDEV_CLK_ILO_CONFIG Starting address: CYDEV_CLK_ILO_CONFIG */
 181:Generated_Source\PSoC4/cyfitter_cfg.c **** 	CY_SET_REG32((void *)(CYREG_CLK_ILO_CONFIG), 0x80000006u);
 182:Generated_Source\PSoC4/cyfitter_cfg.c **** 
 183:Generated_Source\PSoC4/cyfitter_cfg.c **** 
 184:Generated_Source\PSoC4/cyfitter_cfg.c **** 	/* Setup phase aligned clocks */
 185:Generated_Source\PSoC4/cyfitter_cfg.c **** 	CY_SET_REG32((void *)CYREG_PERI_DIV_16_CTL0, 0x00BB7F00u);
 186:Generated_Source\PSoC4/cyfitter_cfg.c **** 	CY_SET_REG32((void *)CYREG_PERI_DIV_CMD, 0x8000FF40u);
 187:Generated_Source\PSoC4/cyfitter_cfg.c **** 
 188:Generated_Source\PSoC4/cyfitter_cfg.c **** 	/* CYDEV_CLK_IMO_CONFIG Starting address: CYDEV_CLK_IMO_CONFIG */
 189:Generated_Source\PSoC4/cyfitter_cfg.c **** 	CY_SET_REG32((void *)(CYREG_CLK_IMO_CONFIG), 0x80000000u);
 190:Generated_Source\PSoC4/cyfitter_cfg.c **** 
 191:Generated_Source\PSoC4/cyfitter_cfg.c **** 	/* CYDEV_CLK_SELECT Starting address: CYDEV_CLK_SELECT */
 192:Generated_Source\PSoC4/cyfitter_cfg.c **** 	CY_SET_REG32((void *)(CYREG_CLK_SELECT), 0x00040000u);
 193:Generated_Source\PSoC4/cyfitter_cfg.c **** 
 194:Generated_Source\PSoC4/cyfitter_cfg.c **** 	/* CYDEV_PERI_PCLK_CTL11 Starting address: CYDEV_PERI_PCLK_CTL11 */
 195:Generated_Source\PSoC4/cyfitter_cfg.c **** 	CY_SET_REG32((void *)(CYREG_PERI_PCLK_CTL11), 0x00000040u);
 196:Generated_Source\PSoC4/cyfitter_cfg.c **** 
 197:Generated_Source\PSoC4/cyfitter_cfg.c **** 	(void)CyIntSetVector(7u, &CySysWdtIsr);
 198:Generated_Source\PSoC4/cyfitter_cfg.c **** 	CyIntEnable(7u);
 199:Generated_Source\PSoC4/cyfitter_cfg.c **** 	CY_SET_REG32((void *)(CYREG_WDT_CONFIG), 0x00000000u);
 200:Generated_Source\PSoC4/cyfitter_cfg.c **** }
 201:Generated_Source\PSoC4/cyfitter_cfg.c **** 
 202:Generated_Source\PSoC4/cyfitter_cfg.c **** 
ARM GAS  C:\Users\Mahe\AppData\Local\Temp\ccHE1Oyd.s 			page 5


 203:Generated_Source\PSoC4/cyfitter_cfg.c **** /* Analog API Functions */
 204:Generated_Source\PSoC4/cyfitter_cfg.c **** 
 205:Generated_Source\PSoC4/cyfitter_cfg.c **** 
 206:Generated_Source\PSoC4/cyfitter_cfg.c **** /*******************************************************************************
 207:Generated_Source\PSoC4/cyfitter_cfg.c **** * Function Name: AnalogSetDefault
 208:Generated_Source\PSoC4/cyfitter_cfg.c **** ********************************************************************************
 209:Generated_Source\PSoC4/cyfitter_cfg.c **** *
 210:Generated_Source\PSoC4/cyfitter_cfg.c **** * Summary:
 211:Generated_Source\PSoC4/cyfitter_cfg.c **** *  Sets up the analog portions of the chip to default values based on chip
 212:Generated_Source\PSoC4/cyfitter_cfg.c **** *  configuration options from the project.
 213:Generated_Source\PSoC4/cyfitter_cfg.c **** *
 214:Generated_Source\PSoC4/cyfitter_cfg.c **** * Parameters:
 215:Generated_Source\PSoC4/cyfitter_cfg.c **** *  void
 216:Generated_Source\PSoC4/cyfitter_cfg.c **** *
 217:Generated_Source\PSoC4/cyfitter_cfg.c **** * Return:
 218:Generated_Source\PSoC4/cyfitter_cfg.c **** *  void
 219:Generated_Source\PSoC4/cyfitter_cfg.c **** *
 220:Generated_Source\PSoC4/cyfitter_cfg.c **** *******************************************************************************/
 221:Generated_Source\PSoC4/cyfitter_cfg.c **** static void AnalogSetDefault(void);
 222:Generated_Source\PSoC4/cyfitter_cfg.c **** static void AnalogSetDefault(void)
 223:Generated_Source\PSoC4/cyfitter_cfg.c **** {
  27              		.loc 1 223 0
  28              		.cfi_startproc
  29              		@ args = 0, pretend = 0, frame = 0
  30              		@ frame_needed = 0, uses_anonymous_args = 0
  31              		@ link register save eliminated.
 224:Generated_Source\PSoC4/cyfitter_cfg.c **** 	CY_SET_XTND_REG32((void CYFAR *)CYREG_CTBM0_DFT_CTRL, 0x00000003u);
  32              		.loc 1 224 0
  33 0000 0323     		movs	r3, #3
  34 0002 044A     		ldr	r2, .L2
  35 0004 1360     		str	r3, [r2]
 225:Generated_Source\PSoC4/cyfitter_cfg.c **** 	CY_SET_XTND_REG32((void CYFAR *)CYREG_CTBM1_DFT_CTRL, 0x00000003u);
  36              		.loc 1 225 0
  37 0006 044A     		ldr	r2, .L2+4
  38 0008 1360     		str	r3, [r2]
 226:Generated_Source\PSoC4/cyfitter_cfg.c **** 	CY_SET_XTND_REG32((void CYFAR *)CYREG_PASS_DSAB_DSAB_CTRL, 0x00000000u);
  39              		.loc 1 226 0
  40 000a 0022     		movs	r2, #0
  41 000c 034B     		ldr	r3, .L2+8
  42 000e 1A60     		str	r2, [r3]
 227:Generated_Source\PSoC4/cyfitter_cfg.c **** }
  43              		.loc 1 227 0
  44              		@ sp needed
  45 0010 7047     		bx	lr
  46              	.L3:
  47 0012 C046     		.align	2
  48              	.L2:
  49 0014 30003040 		.word	1076887600
  50 0018 30003140 		.word	1076953136
  51 001c 000E3F40 		.word	1077874176
  52              		.cfi_endproc
  53              	.LFE5:
  54              		.size	AnalogSetDefault, .-AnalogSetDefault
  55              		.section	.text.CYMEMZERO,"ax",%progbits
  56              		.align	2
  57              		.code	16
  58              		.thumb_func
ARM GAS  C:\Users\Mahe\AppData\Local\Temp\ccHE1Oyd.s 			page 6


  59              		.type	CYMEMZERO, %function
  60              	CYMEMZERO:
  61              	.LFB1:
  77:Generated_Source\PSoC4/cyfitter_cfg.c **** 	(void)memset(s, 0, n);
  62              		.loc 1 77 0
  63              		.cfi_startproc
  64              		@ args = 0, pretend = 0, frame = 0
  65              		@ frame_needed = 0, uses_anonymous_args = 0
  66              	.LVL0:
  67 0000 10B5     		push	{r4, lr}
  68              		.cfi_def_cfa_offset 8
  69              		.cfi_offset 4, -8
  70              		.cfi_offset 14, -4
  71 0002 0A00     		movs	r2, r1
  78:Generated_Source\PSoC4/cyfitter_cfg.c **** }
  72              		.loc 1 78 0
  73 0004 0021     		movs	r1, #0
  74              	.LVL1:
  75 0006 FFF7FEFF 		bl	memset
  76              	.LVL2:
  79:Generated_Source\PSoC4/cyfitter_cfg.c **** CY_CFG_UNUSED
  77              		.loc 1 79 0
  78              		@ sp needed
  79 000a 10BD     		pop	{r4, pc}
  80              		.cfi_endproc
  81              	.LFE1:
  82              		.size	CYMEMZERO, .-CYMEMZERO
  83              		.section	.psocinit,"ax",%progbits
  84              		.align	2
  85              		.code	16
  86              		.thumb_func
  87              		.type	ClockSetup, %function
  88              	ClockSetup:
  89              	.LFB4:
 174:Generated_Source\PSoC4/cyfitter_cfg.c **** 
  90              		.loc 1 174 0
  91              		.cfi_startproc
  92              		@ args = 0, pretend = 0, frame = 0
  93              		@ frame_needed = 0, uses_anonymous_args = 0
  94 0000 10B5     		push	{r4, lr}
  95              		.cfi_def_cfa_offset 8
  96              		.cfi_offset 4, -8
  97              		.cfi_offset 14, -4
 177:Generated_Source\PSoC4/cyfitter_cfg.c **** 	/* Setup and trim IMO based on desired frequency. */
  98              		.loc 1 177 0
  99 0002 1222     		movs	r2, #18
 100 0004 114B     		ldr	r3, .L6
 101 0006 1A60     		str	r2, [r3]
 179:Generated_Source\PSoC4/cyfitter_cfg.c **** 	/* CYDEV_CLK_ILO_CONFIG Starting address: CYDEV_CLK_ILO_CONFIG */
 102              		.loc 1 179 0
 103 0008 3020     		movs	r0, #48
 104 000a FFF7FEFF 		bl	CySysClkWriteImoFreq
 105              	.LVL3:
 181:Generated_Source\PSoC4/cyfitter_cfg.c **** 
 106              		.loc 1 181 0
 107 000e 104A     		ldr	r2, .L6+4
 108 0010 104B     		ldr	r3, .L6+8
ARM GAS  C:\Users\Mahe\AppData\Local\Temp\ccHE1Oyd.s 			page 7


 109 0012 1A60     		str	r2, [r3]
 185:Generated_Source\PSoC4/cyfitter_cfg.c **** 	CY_SET_REG32((void *)CYREG_PERI_DIV_CMD, 0x8000FF40u);
 110              		.loc 1 185 0
 111 0014 104A     		ldr	r2, .L6+12
 112 0016 114B     		ldr	r3, .L6+16
 113 0018 1A60     		str	r2, [r3]
 186:Generated_Source\PSoC4/cyfitter_cfg.c **** 
 114              		.loc 1 186 0
 115 001a 114A     		ldr	r2, .L6+20
 116 001c 114B     		ldr	r3, .L6+24
 117 001e 1A60     		str	r2, [r3]
 189:Generated_Source\PSoC4/cyfitter_cfg.c **** 
 118              		.loc 1 189 0
 119 0020 8022     		movs	r2, #128
 120 0022 1206     		lsls	r2, r2, #24
 121 0024 104B     		ldr	r3, .L6+28
 122 0026 1A60     		str	r2, [r3]
 192:Generated_Source\PSoC4/cyfitter_cfg.c **** 
 123              		.loc 1 192 0
 124 0028 8022     		movs	r2, #128
 125 002a D202     		lsls	r2, r2, #11
 126 002c 0F4B     		ldr	r3, .L6+32
 127 002e 1A60     		str	r2, [r3]
 195:Generated_Source\PSoC4/cyfitter_cfg.c **** 
 128              		.loc 1 195 0
 129 0030 4022     		movs	r2, #64
 130 0032 0F4B     		ldr	r3, .L6+36
 131 0034 1A60     		str	r2, [r3]
 197:Generated_Source\PSoC4/cyfitter_cfg.c **** 	CyIntEnable(7u);
 132              		.loc 1 197 0
 133 0036 0F49     		ldr	r1, .L6+40
 134 0038 0720     		movs	r0, #7
 135 003a FFF7FEFF 		bl	CyIntSetVector
 136              	.LVL4:
 198:Generated_Source\PSoC4/cyfitter_cfg.c **** 	CY_SET_REG32((void *)(CYREG_WDT_CONFIG), 0x00000000u);
 137              		.loc 1 198 0
 138 003e 0720     		movs	r0, #7
 139 0040 FFF7FEFF 		bl	CyIntEnable
 140              	.LVL5:
 199:Generated_Source\PSoC4/cyfitter_cfg.c **** }
 141              		.loc 1 199 0
 142 0044 0022     		movs	r2, #0
 143 0046 0C4B     		ldr	r3, .L6+44
 144 0048 1A60     		str	r2, [r3]
 200:Generated_Source\PSoC4/cyfitter_cfg.c **** 
 145              		.loc 1 200 0
 146              		@ sp needed
 147 004a 10BD     		pop	{r4, pc}
 148              	.L7:
 149              		.align	2
 150              	.L6:
 151 004c 30001040 		.word	1074790448
 152 0050 06000080 		.word	-2147483642
 153 0054 04010B40 		.word	1074462980
 154 0058 007FBB00 		.word	12287744
 155 005c 00030140 		.word	1073808128
 156 0060 40FF0080 		.word	-2147418304
ARM GAS  C:\Users\Mahe\AppData\Local\Temp\ccHE1Oyd.s 			page 8


 157 0064 00000140 		.word	1073807360
 158 0068 08010B40 		.word	1074462984
 159 006c 00010B40 		.word	1074462976
 160 0070 2C010140 		.word	1073807660
 161 0074 00000000 		.word	CySysWdtIsr
 162 0078 0C020B40 		.word	1074463244
 163              		.cfi_endproc
 164              	.LFE4:
 165              		.size	ClockSetup, .-ClockSetup
 166              		.align	2
 167              		.global	cyfitter_cfg
 168              		.code	16
 169              		.thumb_func
 170              		.type	cyfitter_cfg, %function
 171              	cyfitter_cfg:
 172              	.LFB6:
 228:Generated_Source\PSoC4/cyfitter_cfg.c **** 
 229:Generated_Source\PSoC4/cyfitter_cfg.c **** 
 230:Generated_Source\PSoC4/cyfitter_cfg.c **** 
 231:Generated_Source\PSoC4/cyfitter_cfg.c **** 
 232:Generated_Source\PSoC4/cyfitter_cfg.c **** /*******************************************************************************
 233:Generated_Source\PSoC4/cyfitter_cfg.c **** * Function Name: cyfitter_cfg
 234:Generated_Source\PSoC4/cyfitter_cfg.c **** ********************************************************************************
 235:Generated_Source\PSoC4/cyfitter_cfg.c **** * Summary:
 236:Generated_Source\PSoC4/cyfitter_cfg.c **** *  This function is called by the start-up code for the selected device. It
 237:Generated_Source\PSoC4/cyfitter_cfg.c **** *  performs all of the necessary device configuration based on the design
 238:Generated_Source\PSoC4/cyfitter_cfg.c **** *  settings.  This includes settings from the Design Wide Resources (DWR) such
 239:Generated_Source\PSoC4/cyfitter_cfg.c **** *  as Clocks and Pins as well as any component configuration that is necessary.
 240:Generated_Source\PSoC4/cyfitter_cfg.c **** *
 241:Generated_Source\PSoC4/cyfitter_cfg.c **** * Parameters:
 242:Generated_Source\PSoC4/cyfitter_cfg.c **** *   void
 243:Generated_Source\PSoC4/cyfitter_cfg.c **** *
 244:Generated_Source\PSoC4/cyfitter_cfg.c **** * Return:
 245:Generated_Source\PSoC4/cyfitter_cfg.c **** *   void
 246:Generated_Source\PSoC4/cyfitter_cfg.c **** *
 247:Generated_Source\PSoC4/cyfitter_cfg.c **** *******************************************************************************/
 248:Generated_Source\PSoC4/cyfitter_cfg.c **** CY_CFG_SECTION
 249:Generated_Source\PSoC4/cyfitter_cfg.c **** void cyfitter_cfg(void)
 250:Generated_Source\PSoC4/cyfitter_cfg.c **** {
 173              		.loc 1 250 0
 174              		.cfi_startproc
 175              		@ args = 0, pretend = 0, frame = 0
 176              		@ frame_needed = 0, uses_anonymous_args = 0
 177 007c 10B5     		push	{r4, lr}
 178              		.cfi_def_cfa_offset 8
 179              		.cfi_offset 4, -8
 180              		.cfi_offset 14, -4
 251:Generated_Source\PSoC4/cyfitter_cfg.c **** 	/* Disable interrupts by default. Let user enable if/when they want. */
 252:Generated_Source\PSoC4/cyfitter_cfg.c **** 	CyGlobalIntDisable;
 181              		.loc 1 252 0
 182              		.syntax divided
 183              	@ 252 "Generated_Source\PSoC4\cyfitter_cfg.c" 1
 184 007e 72B6     		CPSID   i
 185              	@ 0 "" 2
 186              	.LVL6:
 187              		.thumb
 188              		.syntax unified
ARM GAS  C:\Users\Mahe\AppData\Local\Temp\ccHE1Oyd.s 			page 9


 189              	.LBB2:
 253:Generated_Source\PSoC4/cyfitter_cfg.c **** 
 254:Generated_Source\PSoC4/cyfitter_cfg.c **** 	{
 255:Generated_Source\PSoC4/cyfitter_cfg.c **** 
 256:Generated_Source\PSoC4/cyfitter_cfg.c **** 		CYPACKED typedef struct {
 257:Generated_Source\PSoC4/cyfitter_cfg.c **** 			void CYFAR *address;
 258:Generated_Source\PSoC4/cyfitter_cfg.c **** 			uint16 size;
 259:Generated_Source\PSoC4/cyfitter_cfg.c **** 		} CYPACKED_ATTR cfg_memset_t;
 260:Generated_Source\PSoC4/cyfitter_cfg.c **** 
 261:Generated_Source\PSoC4/cyfitter_cfg.c **** 		static const cfg_memset_t CYCODE cfg_memset_list[] = {
 262:Generated_Source\PSoC4/cyfitter_cfg.c **** 			/* address, size */
 263:Generated_Source\PSoC4/cyfitter_cfg.c **** 			{(void CYFAR *)(CYDEV_UDB_P0_U0_BASE), 1024u},
 264:Generated_Source\PSoC4/cyfitter_cfg.c **** 			{(void CYFAR *)(CYDEV_UDB_DSI0_BASE), 1024u},
 265:Generated_Source\PSoC4/cyfitter_cfg.c **** 		};
 266:Generated_Source\PSoC4/cyfitter_cfg.c **** 
 267:Generated_Source\PSoC4/cyfitter_cfg.c **** 		uint8 CYDATA i;
 268:Generated_Source\PSoC4/cyfitter_cfg.c **** 
 269:Generated_Source\PSoC4/cyfitter_cfg.c **** 		/* Zero out critical memory blocks before beginning configuration */
 270:Generated_Source\PSoC4/cyfitter_cfg.c **** 		for (i = 0u; i < (sizeof(cfg_memset_list)/sizeof(cfg_memset_list[0])); i++)
 190              		.loc 1 270 0
 191 0080 0024     		movs	r4, #0
 192 0082 0FE0     		b	.L9
 193              	.LVL7:
 194              	.L10:
 195              	.LBB3:
 271:Generated_Source\PSoC4/cyfitter_cfg.c **** 		{
 272:Generated_Source\PSoC4/cyfitter_cfg.c **** 			const cfg_memset_t CYCODE * CYDATA ms = &cfg_memset_list[i];
 273:Generated_Source\PSoC4/cyfitter_cfg.c **** 			CYMEMZERO(ms->address, (size_t)(uint32)(ms->size));
 196              		.loc 1 273 0 discriminator 3
 197 0084 1748     		ldr	r0, .L11
 198 0086 6200     		lsls	r2, r4, #1
 199 0088 1319     		adds	r3, r2, r4
 200 008a 5900     		lsls	r1, r3, #1
 201 008c 0B00     		movs	r3, r1
 202 008e 4118     		adds	r1, r0, r1
 203 0090 8988     		ldrh	r1, [r1, #4]
 204 0092 1A5A     		ldrh	r2, [r3, r0]
 205 0094 C318     		adds	r3, r0, r3
 206 0096 5888     		ldrh	r0, [r3, #2]
 207 0098 0004     		lsls	r0, r0, #16
 208 009a 1043     		orrs	r0, r2
 209 009c FFF7FEFF 		bl	CYMEMZERO
 210              	.LVL8:
 211              	.LBE3:
 270:Generated_Source\PSoC4/cyfitter_cfg.c **** 		{
 212              		.loc 1 270 0 discriminator 3
 213 00a0 0134     		adds	r4, r4, #1
 214              	.LVL9:
 215 00a2 E4B2     		uxtb	r4, r4
 216              	.LVL10:
 217              	.L9:
 270:Generated_Source\PSoC4/cyfitter_cfg.c **** 		{
 218              		.loc 1 270 0 is_stmt 0 discriminator 1
 219 00a4 012C     		cmp	r4, #1
 220 00a6 EDD9     		bls	.L10
 274:Generated_Source\PSoC4/cyfitter_cfg.c **** 		}
 275:Generated_Source\PSoC4/cyfitter_cfg.c **** 
ARM GAS  C:\Users\Mahe\AppData\Local\Temp\ccHE1Oyd.s 			page 10


 276:Generated_Source\PSoC4/cyfitter_cfg.c **** 		/* HSIOM Starting address: CYDEV_HSIOM_BASE */
 277:Generated_Source\PSoC4/cyfitter_cfg.c **** 		CY_SET_REG32((void *)(CYREG_HSIOM_PORT_SEL3), 0x0000EE00u);
 221              		.loc 1 277 0 is_stmt 1
 222 00a8 EE22     		movs	r2, #238
 223 00aa 1202     		lsls	r2, r2, #8
 224 00ac 0E4B     		ldr	r3, .L11+4
 225 00ae 1A60     		str	r2, [r3]
 278:Generated_Source\PSoC4/cyfitter_cfg.c **** 
 279:Generated_Source\PSoC4/cyfitter_cfg.c **** 		/* UDB_PA_2 Starting address: CYDEV_UDB_PA2_BASE */
 280:Generated_Source\PSoC4/cyfitter_cfg.c **** 		CY_SET_REG32((void *)(CYDEV_UDB_PA2_BASE), 0x00990000u);
 226              		.loc 1 280 0
 227 00b0 9923     		movs	r3, #153
 228 00b2 1B04     		lsls	r3, r3, #16
 229 00b4 0D4A     		ldr	r2, .L11+8
 230 00b6 1360     		str	r3, [r2]
 281:Generated_Source\PSoC4/cyfitter_cfg.c **** 
 282:Generated_Source\PSoC4/cyfitter_cfg.c **** 		/* UDB_PA_3 Starting address: CYDEV_UDB_PA3_BASE */
 283:Generated_Source\PSoC4/cyfitter_cfg.c **** 		CY_SET_REG32((void *)(CYDEV_UDB_PA3_BASE), 0x00990000u);
 231              		.loc 1 283 0
 232 00b8 0D4A     		ldr	r2, .L11+12
 233 00ba 1360     		str	r3, [r2]
 284:Generated_Source\PSoC4/cyfitter_cfg.c **** 
 285:Generated_Source\PSoC4/cyfitter_cfg.c **** 		/* Enable digital routing */
 286:Generated_Source\PSoC4/cyfitter_cfg.c **** 		CY_SET_XTND_REG8((void *)CYREG_UDB_UDBIF_BANK_CTL, (uint8)(CY_GET_XTND_REG8((void *)CYREG_UDB_UDB
 234              		.loc 1 286 0
 235 00bc 0D4A     		ldr	r2, .L11+16
 236 00be 1178     		ldrb	r1, [r2]
 237 00c0 0623     		movs	r3, #6
 238 00c2 0B43     		orrs	r3, r1
 239 00c4 DBB2     		uxtb	r3, r3
 240 00c6 1370     		strb	r3, [r2]
 241              	.LBE2:
 287:Generated_Source\PSoC4/cyfitter_cfg.c **** 	}
 288:Generated_Source\PSoC4/cyfitter_cfg.c **** 
 289:Generated_Source\PSoC4/cyfitter_cfg.c **** 	/* Perform second pass device configuration. These items must be configured in specific order afte
 290:Generated_Source\PSoC4/cyfitter_cfg.c **** 	/* IOPINS0_2 Starting address: CYDEV_GPIO_PRT2_BASE */
 291:Generated_Source\PSoC4/cyfitter_cfg.c **** 	CY_SET_REG32((void *)(CYREG_GPIO_PRT2_PC), 0x00180000u);
 242              		.loc 1 291 0
 243 00c8 C022     		movs	r2, #192
 244 00ca 5203     		lsls	r2, r2, #13
 245 00cc 0A4B     		ldr	r3, .L11+20
 246 00ce 1A60     		str	r2, [r3]
 292:Generated_Source\PSoC4/cyfitter_cfg.c **** 
 293:Generated_Source\PSoC4/cyfitter_cfg.c **** 	/* IOPINS0_3 Starting address: CYDEV_GPIO_PRT3_BASE */
 294:Generated_Source\PSoC4/cyfitter_cfg.c **** 	CY_SET_REG32((void *)(CYREG_GPIO_PRT3_PC), 0x00000D80u);
 247              		.loc 1 294 0
 248 00d0 D822     		movs	r2, #216
 249 00d2 1201     		lsls	r2, r2, #4
 250 00d4 094B     		ldr	r3, .L11+24
 251 00d6 1A60     		str	r2, [r3]
 295:Generated_Source\PSoC4/cyfitter_cfg.c **** 
 296:Generated_Source\PSoC4/cyfitter_cfg.c **** 
 297:Generated_Source\PSoC4/cyfitter_cfg.c **** 	/* Setup clocks based on selections from Clock DWR */
 298:Generated_Source\PSoC4/cyfitter_cfg.c **** 	ClockSetup();
 252              		.loc 1 298 0
 253 00d8 FFF792FF 		bl	ClockSetup
 254              	.LVL11:
ARM GAS  C:\Users\Mahe\AppData\Local\Temp\ccHE1Oyd.s 			page 11


 299:Generated_Source\PSoC4/cyfitter_cfg.c **** 
 300:Generated_Source\PSoC4/cyfitter_cfg.c **** 	/* Perform basic analog initialization to defaults */
 301:Generated_Source\PSoC4/cyfitter_cfg.c **** 	AnalogSetDefault();
 255              		.loc 1 301 0
 256 00dc FFF7FEFF 		bl	AnalogSetDefault
 257              	.LVL12:
 302:Generated_Source\PSoC4/cyfitter_cfg.c **** 
 303:Generated_Source\PSoC4/cyfitter_cfg.c **** }
 258              		.loc 1 303 0
 259              		@ sp needed
 260              	.LVL13:
 261 00e0 10BD     		pop	{r4, pc}
 262              	.L12:
 263 00e2 C046     		.align	2
 264              	.L11:
 265 00e4 00000000 		.word	.LANCHOR0
 266 00e8 00030240 		.word	1073873664
 267 00ec 20500F40 		.word	1074745376
 268 00f0 30500F40 		.word	1074745392
 269 00f4 00700F40 		.word	1074753536
 270 00f8 08020440 		.word	1074004488
 271 00fc 08030440 		.word	1074004744
 272              		.cfi_endproc
 273              	.LFE6:
 274              		.size	cyfitter_cfg, .-cyfitter_cfg
 275              		.section	.rodata
 276              		.align	2
 277              		.set	.LANCHOR0,. + 0
 278              		.type	cfg_memset_list.4888, %object
 279              		.size	cfg_memset_list.4888, 12
 280              	cfg_memset_list.4888:
 281 0000 00300F40 		.word	1074737152
 282 0004 0004     		.short	1024
 283 0006 00400F40 		.4byte	1074741248
 284 000a 0004     		.short	1024
 285              		.text
 286              	.Letext0:
 287              		.file 2 "c:\\program files (x86)\\cypress\\psoc creator\\4.1\\psoc creator\\import\\gnu\\arm\\5.4.
 288              		.file 3 "Generated_Source\\PSoC4\\cytypes.h"
 289              		.file 4 "Generated_Source\\PSoC4\\CyLib.h"
 290              		.section	.debug_info,"",%progbits
 291              	.Ldebug_info0:
 292 0000 94020000 		.4byte	0x294
 293 0004 0400     		.2byte	0x4
 294 0006 00000000 		.4byte	.Ldebug_abbrev0
 295 000a 04       		.byte	0x4
 296 000b 01       		.uleb128 0x1
 297 000c 51010000 		.4byte	.LASF29
 298 0010 0C       		.byte	0xc
 299 0011 48020000 		.4byte	.LASF30
 300 0015 5B000000 		.4byte	.LASF31
 301 0019 00000000 		.4byte	.Ldebug_ranges0+0
 302 001d 00000000 		.4byte	0
 303 0021 00000000 		.4byte	.Ldebug_line0
 304 0025 02       		.uleb128 0x2
 305 0026 04       		.byte	0x4
 306 0027 05       		.byte	0x5
ARM GAS  C:\Users\Mahe\AppData\Local\Temp\ccHE1Oyd.s 			page 12


 307 0028 696E7400 		.ascii	"int\000"
 308 002c 03       		.uleb128 0x3
 309 002d 06000000 		.4byte	.LASF12
 310 0031 02       		.byte	0x2
 311 0032 D8       		.byte	0xd8
 312 0033 37000000 		.4byte	0x37
 313 0037 04       		.uleb128 0x4
 314 0038 04       		.byte	0x4
 315 0039 07       		.byte	0x7
 316 003a 18010000 		.4byte	.LASF0
 317 003e 04       		.uleb128 0x4
 318 003f 08       		.byte	0x8
 319 0040 05       		.byte	0x5
 320 0041 F5010000 		.4byte	.LASF1
 321 0045 04       		.uleb128 0x4
 322 0046 08       		.byte	0x8
 323 0047 04       		.byte	0x4
 324 0048 30020000 		.4byte	.LASF2
 325 004c 04       		.uleb128 0x4
 326 004d 01       		.byte	0x1
 327 004e 06       		.byte	0x6
 328 004f 3C020000 		.4byte	.LASF3
 329 0053 04       		.uleb128 0x4
 330 0054 01       		.byte	0x1
 331 0055 08       		.byte	0x8
 332 0056 E2000000 		.4byte	.LASF4
 333 005a 04       		.uleb128 0x4
 334 005b 02       		.byte	0x2
 335 005c 05       		.byte	0x5
 336 005d 08020000 		.4byte	.LASF5
 337 0061 04       		.uleb128 0x4
 338 0062 02       		.byte	0x2
 339 0063 07       		.byte	0x7
 340 0064 48000000 		.4byte	.LASF6
 341 0068 04       		.uleb128 0x4
 342 0069 04       		.byte	0x4
 343 006a 05       		.byte	0x5
 344 006b 27020000 		.4byte	.LASF7
 345 006f 04       		.uleb128 0x4
 346 0070 04       		.byte	0x4
 347 0071 07       		.byte	0x7
 348 0072 C0000000 		.4byte	.LASF8
 349 0076 04       		.uleb128 0x4
 350 0077 08       		.byte	0x8
 351 0078 07       		.byte	0x7
 352 0079 3A010000 		.4byte	.LASF9
 353 007d 04       		.uleb128 0x4
 354 007e 04       		.byte	0x4
 355 007f 07       		.byte	0x7
 356 0080 EC010000 		.4byte	.LASF10
 357 0084 05       		.uleb128 0x5
 358 0085 04       		.byte	0x4
 359 0086 04       		.uleb128 0x4
 360 0087 01       		.byte	0x1
 361 0088 08       		.byte	0x8
 362 0089 03020000 		.4byte	.LASF11
 363 008d 06       		.uleb128 0x6
ARM GAS  C:\Users\Mahe\AppData\Local\Temp\ccHE1Oyd.s 			page 13


 364 008e D2000000 		.4byte	.LASF13
 365 0092 03       		.byte	0x3
 366 0093 D201     		.2byte	0x1d2
 367 0095 53000000 		.4byte	0x53
 368 0099 06       		.uleb128 0x6
 369 009a 0A010000 		.4byte	.LASF14
 370 009e 03       		.byte	0x3
 371 009f D301     		.2byte	0x1d3
 372 00a1 61000000 		.4byte	0x61
 373 00a5 06       		.uleb128 0x6
 374 00a6 11010000 		.4byte	.LASF15
 375 00aa 03       		.byte	0x3
 376 00ab D401     		.2byte	0x1d4
 377 00ad 6F000000 		.4byte	0x6f
 378 00b1 04       		.uleb128 0x4
 379 00b2 04       		.byte	0x4
 380 00b3 04       		.byte	0x4
 381 00b4 B0000000 		.4byte	.LASF16
 382 00b8 04       		.uleb128 0x4
 383 00b9 08       		.byte	0x8
 384 00ba 04       		.byte	0x4
 385 00bb F7000000 		.4byte	.LASF17
 386 00bf 06       		.uleb128 0x6
 387 00c0 BB000000 		.4byte	.LASF18
 388 00c4 03       		.byte	0x3
 389 00c5 7C02     		.2byte	0x27c
 390 00c7 CB000000 		.4byte	0xcb
 391 00cb 07       		.uleb128 0x7
 392 00cc 8D000000 		.4byte	0x8d
 393 00d0 06       		.uleb128 0x6
 394 00d1 00000000 		.4byte	.LASF19
 395 00d5 03       		.byte	0x3
 396 00d6 7E02     		.2byte	0x27e
 397 00d8 DC000000 		.4byte	0xdc
 398 00dc 07       		.uleb128 0x7
 399 00dd A5000000 		.4byte	0xa5
 400 00e1 08       		.uleb128 0x8
 401 00e2 0D000000 		.4byte	.LASF32
 402 00e6 01       		.byte	0x1
 403 00e7 DE       		.byte	0xde
 404 00e8 00000000 		.4byte	.LFB5
 405 00ec 20000000 		.4byte	.LFE5-.LFB5
 406 00f0 01       		.uleb128 0x1
 407 00f1 9C       		.byte	0x9c
 408 00f2 09       		.uleb128 0x9
 409 00f3 D8000000 		.4byte	.LASF20
 410 00f7 01       		.byte	0x1
 411 00f8 4C       		.byte	0x4c
 412 00f9 00000000 		.4byte	.LFB1
 413 00fd 0C000000 		.4byte	.LFE1-.LFB1
 414 0101 01       		.uleb128 0x1
 415 0102 9C       		.byte	0x9c
 416 0103 3F010000 		.4byte	0x13f
 417 0107 0A       		.uleb128 0xa
 418 0108 7300     		.ascii	"s\000"
 419 010a 01       		.byte	0x1
 420 010b 4C       		.byte	0x4c
ARM GAS  C:\Users\Mahe\AppData\Local\Temp\ccHE1Oyd.s 			page 14


 421 010c 84000000 		.4byte	0x84
 422 0110 00000000 		.4byte	.LLST0
 423 0114 0A       		.uleb128 0xa
 424 0115 6E00     		.ascii	"n\000"
 425 0117 01       		.byte	0x1
 426 0118 4C       		.byte	0x4c
 427 0119 2C000000 		.4byte	0x2c
 428 011d 21000000 		.4byte	.LLST1
 429 0121 0B       		.uleb128 0xb
 430 0122 0A000000 		.4byte	.LVL2
 431 0126 6D020000 		.4byte	0x26d
 432 012a 0C       		.uleb128 0xc
 433 012b 01       		.uleb128 0x1
 434 012c 50       		.byte	0x50
 435 012d 03       		.uleb128 0x3
 436 012e F3       		.byte	0xf3
 437 012f 01       		.uleb128 0x1
 438 0130 50       		.byte	0x50
 439 0131 0C       		.uleb128 0xc
 440 0132 01       		.uleb128 0x1
 441 0133 51       		.byte	0x51
 442 0134 01       		.uleb128 0x1
 443 0135 30       		.byte	0x30
 444 0136 0C       		.uleb128 0xc
 445 0137 01       		.uleb128 0x1
 446 0138 52       		.byte	0x52
 447 0139 03       		.uleb128 0x3
 448 013a F3       		.byte	0xf3
 449 013b 01       		.uleb128 0x1
 450 013c 51       		.byte	0x51
 451 013d 00       		.byte	0
 452 013e 00       		.byte	0
 453 013f 09       		.uleb128 0x9
 454 0140 3D000000 		.4byte	.LASF21
 455 0144 01       		.byte	0x1
 456 0145 AD       		.byte	0xad
 457 0146 00000000 		.4byte	.LFB4
 458 014a 7C000000 		.4byte	.LFE4-.LFB4
 459 014e 01       		.uleb128 0x1
 460 014f 9C       		.byte	0x9c
 461 0150 8B010000 		.4byte	0x18b
 462 0154 0D       		.uleb128 0xd
 463 0155 0E000000 		.4byte	.LVL3
 464 0159 76020000 		.4byte	0x276
 465 015d 68010000 		.4byte	0x168
 466 0161 0C       		.uleb128 0xc
 467 0162 01       		.uleb128 0x1
 468 0163 50       		.byte	0x50
 469 0164 02       		.uleb128 0x2
 470 0165 08       		.byte	0x8
 471 0166 30       		.byte	0x30
 472 0167 00       		.byte	0
 473 0168 0D       		.uleb128 0xd
 474 0169 3E000000 		.4byte	.LVL4
 475 016d 81020000 		.4byte	0x281
 476 0171 7B010000 		.4byte	0x17b
 477 0175 0C       		.uleb128 0xc
ARM GAS  C:\Users\Mahe\AppData\Local\Temp\ccHE1Oyd.s 			page 15


 478 0176 01       		.uleb128 0x1
 479 0177 50       		.byte	0x50
 480 0178 01       		.uleb128 0x1
 481 0179 37       		.byte	0x37
 482 017a 00       		.byte	0
 483 017b 0B       		.uleb128 0xb
 484 017c 44000000 		.4byte	.LVL5
 485 0180 8C020000 		.4byte	0x28c
 486 0184 0C       		.uleb128 0xc
 487 0185 01       		.uleb128 0x1
 488 0186 50       		.byte	0x50
 489 0187 01       		.uleb128 0x1
 490 0188 37       		.byte	0x37
 491 0189 00       		.byte	0
 492 018a 00       		.byte	0
 493 018b 0E       		.uleb128 0xe
 494 018c 25010000 		.4byte	.LASF33
 495 0190 01       		.byte	0x1
 496 0191 F9       		.byte	0xf9
 497 0192 7C000000 		.4byte	.LFB6
 498 0196 84000000 		.4byte	.LFE6-.LFB6
 499 019a 01       		.uleb128 0x1
 500 019b 9C       		.byte	0x9c
 501 019c 6D020000 		.4byte	0x26d
 502 01a0 0F       		.uleb128 0xf
 503 01a1 80000000 		.4byte	.LBB2
 504 01a5 48000000 		.4byte	.LBE2-.LBB2
 505 01a9 5A020000 		.4byte	0x25a
 506 01ad 10       		.uleb128 0x10
 507 01ae 06       		.byte	0x6
 508 01af 01       		.byte	0x1
 509 01b0 0001     		.2byte	0x100
 510 01b2 D1010000 		.4byte	0x1d1
 511 01b6 11       		.uleb128 0x11
 512 01b7 32010000 		.4byte	.LASF22
 513 01bb 01       		.byte	0x1
 514 01bc 0101     		.2byte	0x101
 515 01be 84000000 		.4byte	0x84
 516 01c2 00       		.byte	0
 517 01c3 11       		.uleb128 0x11
 518 01c4 B6000000 		.4byte	.LASF23
 519 01c8 01       		.byte	0x1
 520 01c9 0201     		.2byte	0x102
 521 01cb 99000000 		.4byte	0x99
 522 01cf 04       		.byte	0x4
 523 01d0 00       		.byte	0
 524 01d1 06       		.uleb128 0x6
 525 01d2 DF010000 		.4byte	.LASF24
 526 01d6 01       		.byte	0x1
 527 01d7 0301     		.2byte	0x103
 528 01d9 AD010000 		.4byte	0x1ad
 529 01dd 12       		.uleb128 0x12
 530 01de ED010000 		.4byte	0x1ed
 531 01e2 ED010000 		.4byte	0x1ed
 532 01e6 13       		.uleb128 0x13
 533 01e7 7D000000 		.4byte	0x7d
 534 01eb 01       		.byte	0x1
ARM GAS  C:\Users\Mahe\AppData\Local\Temp\ccHE1Oyd.s 			page 16


 535 01ec 00       		.byte	0
 536 01ed 14       		.uleb128 0x14
 537 01ee D1010000 		.4byte	0x1d1
 538 01f2 15       		.uleb128 0x15
 539 01f3 2D000000 		.4byte	.LASF25
 540 01f7 01       		.byte	0x1
 541 01f8 0501     		.2byte	0x105
 542 01fa 04020000 		.4byte	0x204
 543 01fe 05       		.uleb128 0x5
 544 01ff 03       		.byte	0x3
 545 0200 00000000 		.4byte	cfg_memset_list.4888
 546 0204 14       		.uleb128 0x14
 547 0205 DD010000 		.4byte	0x1dd
 548 0209 16       		.uleb128 0x16
 549 020a 6900     		.ascii	"i\000"
 550 020c 01       		.byte	0x1
 551 020d 0B01     		.2byte	0x10b
 552 020f 8D000000 		.4byte	0x8d
 553 0213 4D000000 		.4byte	.LLST2
 554 0217 17       		.uleb128 0x17
 555 0218 84000000 		.4byte	.LBB3
 556 021c 1C000000 		.4byte	.LBE3-.LBB3
 557 0220 16       		.uleb128 0x16
 558 0221 6D7300   		.ascii	"ms\000"
 559 0224 01       		.byte	0x1
 560 0225 1001     		.2byte	0x110
 561 0227 2F020000 		.4byte	0x22f
 562 022b 77000000 		.4byte	.LLST3
 563 022f 18       		.uleb128 0x18
 564 0230 04       		.byte	0x4
 565 0231 ED010000 		.4byte	0x1ed
 566 0235 0B       		.uleb128 0xb
 567 0236 A0000000 		.4byte	.LVL8
 568 023a F2000000 		.4byte	0xf2
 569 023e 0C       		.uleb128 0xc
 570 023f 01       		.uleb128 0x1
 571 0240 51       		.byte	0x51
 572 0241 15       		.uleb128 0x15
 573 0242 74       		.byte	0x74
 574 0243 00       		.sleb128 0
 575 0244 31       		.byte	0x31
 576 0245 24       		.byte	0x24
 577 0246 74       		.byte	0x74
 578 0247 00       		.sleb128 0
 579 0248 22       		.byte	0x22
 580 0249 31       		.byte	0x31
 581 024a 24       		.byte	0x24
 582 024b 03       		.byte	0x3
 583 024c 04000000 		.4byte	.LANCHOR0+4
 584 0250 22       		.byte	0x22
 585 0251 94       		.byte	0x94
 586 0252 02       		.byte	0x2
 587 0253 0A       		.byte	0xa
 588 0254 FFFF     		.2byte	0xffff
 589 0256 1A       		.byte	0x1a
 590 0257 00       		.byte	0
 591 0258 00       		.byte	0
ARM GAS  C:\Users\Mahe\AppData\Local\Temp\ccHE1Oyd.s 			page 17


 592 0259 00       		.byte	0
 593 025a 19       		.uleb128 0x19
 594 025b DC000000 		.4byte	.LVL11
 595 025f 3F010000 		.4byte	0x13f
 596 0263 19       		.uleb128 0x19
 597 0264 E0000000 		.4byte	.LVL12
 598 0268 E1000000 		.4byte	0xe1
 599 026c 00       		.byte	0
 600 026d 1A       		.uleb128 0x1a
 601 026e F0000000 		.4byte	.LASF34
 602 0272 F0000000 		.4byte	.LASF34
 603 0276 1B       		.uleb128 0x1b
 604 0277 12020000 		.4byte	.LASF26
 605 027b 12020000 		.4byte	.LASF26
 606 027f 04       		.byte	0x4
 607 0280 6C       		.byte	0x6c
 608 0281 1B       		.uleb128 0x1b
 609 0282 1E000000 		.4byte	.LASF27
 610 0286 1E000000 		.4byte	.LASF27
 611 028a 04       		.byte	0x4
 612 028b BD       		.byte	0xbd
 613 028c 1B       		.uleb128 0x1b
 614 028d FE000000 		.4byte	.LASF28
 615 0291 FE000000 		.4byte	.LASF28
 616 0295 04       		.byte	0x4
 617 0296 C3       		.byte	0xc3
 618 0297 00       		.byte	0
 619              		.section	.debug_abbrev,"",%progbits
 620              	.Ldebug_abbrev0:
 621 0000 01       		.uleb128 0x1
 622 0001 11       		.uleb128 0x11
 623 0002 01       		.byte	0x1
 624 0003 25       		.uleb128 0x25
 625 0004 0E       		.uleb128 0xe
 626 0005 13       		.uleb128 0x13
 627 0006 0B       		.uleb128 0xb
 628 0007 03       		.uleb128 0x3
 629 0008 0E       		.uleb128 0xe
 630 0009 1B       		.uleb128 0x1b
 631 000a 0E       		.uleb128 0xe
 632 000b 55       		.uleb128 0x55
 633 000c 17       		.uleb128 0x17
 634 000d 11       		.uleb128 0x11
 635 000e 01       		.uleb128 0x1
 636 000f 10       		.uleb128 0x10
 637 0010 17       		.uleb128 0x17
 638 0011 00       		.byte	0
 639 0012 00       		.byte	0
 640 0013 02       		.uleb128 0x2
 641 0014 24       		.uleb128 0x24
 642 0015 00       		.byte	0
 643 0016 0B       		.uleb128 0xb
 644 0017 0B       		.uleb128 0xb
 645 0018 3E       		.uleb128 0x3e
 646 0019 0B       		.uleb128 0xb
 647 001a 03       		.uleb128 0x3
 648 001b 08       		.uleb128 0x8
ARM GAS  C:\Users\Mahe\AppData\Local\Temp\ccHE1Oyd.s 			page 18


 649 001c 00       		.byte	0
 650 001d 00       		.byte	0
 651 001e 03       		.uleb128 0x3
 652 001f 16       		.uleb128 0x16
 653 0020 00       		.byte	0
 654 0021 03       		.uleb128 0x3
 655 0022 0E       		.uleb128 0xe
 656 0023 3A       		.uleb128 0x3a
 657 0024 0B       		.uleb128 0xb
 658 0025 3B       		.uleb128 0x3b
 659 0026 0B       		.uleb128 0xb
 660 0027 49       		.uleb128 0x49
 661 0028 13       		.uleb128 0x13
 662 0029 00       		.byte	0
 663 002a 00       		.byte	0
 664 002b 04       		.uleb128 0x4
 665 002c 24       		.uleb128 0x24
 666 002d 00       		.byte	0
 667 002e 0B       		.uleb128 0xb
 668 002f 0B       		.uleb128 0xb
 669 0030 3E       		.uleb128 0x3e
 670 0031 0B       		.uleb128 0xb
 671 0032 03       		.uleb128 0x3
 672 0033 0E       		.uleb128 0xe
 673 0034 00       		.byte	0
 674 0035 00       		.byte	0
 675 0036 05       		.uleb128 0x5
 676 0037 0F       		.uleb128 0xf
 677 0038 00       		.byte	0
 678 0039 0B       		.uleb128 0xb
 679 003a 0B       		.uleb128 0xb
 680 003b 00       		.byte	0
 681 003c 00       		.byte	0
 682 003d 06       		.uleb128 0x6
 683 003e 16       		.uleb128 0x16
 684 003f 00       		.byte	0
 685 0040 03       		.uleb128 0x3
 686 0041 0E       		.uleb128 0xe
 687 0042 3A       		.uleb128 0x3a
 688 0043 0B       		.uleb128 0xb
 689 0044 3B       		.uleb128 0x3b
 690 0045 05       		.uleb128 0x5
 691 0046 49       		.uleb128 0x49
 692 0047 13       		.uleb128 0x13
 693 0048 00       		.byte	0
 694 0049 00       		.byte	0
 695 004a 07       		.uleb128 0x7
 696 004b 35       		.uleb128 0x35
 697 004c 00       		.byte	0
 698 004d 49       		.uleb128 0x49
 699 004e 13       		.uleb128 0x13
 700 004f 00       		.byte	0
 701 0050 00       		.byte	0
 702 0051 08       		.uleb128 0x8
 703 0052 2E       		.uleb128 0x2e
 704 0053 00       		.byte	0
 705 0054 03       		.uleb128 0x3
ARM GAS  C:\Users\Mahe\AppData\Local\Temp\ccHE1Oyd.s 			page 19


 706 0055 0E       		.uleb128 0xe
 707 0056 3A       		.uleb128 0x3a
 708 0057 0B       		.uleb128 0xb
 709 0058 3B       		.uleb128 0x3b
 710 0059 0B       		.uleb128 0xb
 711 005a 27       		.uleb128 0x27
 712 005b 19       		.uleb128 0x19
 713 005c 11       		.uleb128 0x11
 714 005d 01       		.uleb128 0x1
 715 005e 12       		.uleb128 0x12
 716 005f 06       		.uleb128 0x6
 717 0060 40       		.uleb128 0x40
 718 0061 18       		.uleb128 0x18
 719 0062 9742     		.uleb128 0x2117
 720 0064 19       		.uleb128 0x19
 721 0065 00       		.byte	0
 722 0066 00       		.byte	0
 723 0067 09       		.uleb128 0x9
 724 0068 2E       		.uleb128 0x2e
 725 0069 01       		.byte	0x1
 726 006a 03       		.uleb128 0x3
 727 006b 0E       		.uleb128 0xe
 728 006c 3A       		.uleb128 0x3a
 729 006d 0B       		.uleb128 0xb
 730 006e 3B       		.uleb128 0x3b
 731 006f 0B       		.uleb128 0xb
 732 0070 27       		.uleb128 0x27
 733 0071 19       		.uleb128 0x19
 734 0072 11       		.uleb128 0x11
 735 0073 01       		.uleb128 0x1
 736 0074 12       		.uleb128 0x12
 737 0075 06       		.uleb128 0x6
 738 0076 40       		.uleb128 0x40
 739 0077 18       		.uleb128 0x18
 740 0078 9742     		.uleb128 0x2117
 741 007a 19       		.uleb128 0x19
 742 007b 01       		.uleb128 0x1
 743 007c 13       		.uleb128 0x13
 744 007d 00       		.byte	0
 745 007e 00       		.byte	0
 746 007f 0A       		.uleb128 0xa
 747 0080 05       		.uleb128 0x5
 748 0081 00       		.byte	0
 749 0082 03       		.uleb128 0x3
 750 0083 08       		.uleb128 0x8
 751 0084 3A       		.uleb128 0x3a
 752 0085 0B       		.uleb128 0xb
 753 0086 3B       		.uleb128 0x3b
 754 0087 0B       		.uleb128 0xb
 755 0088 49       		.uleb128 0x49
 756 0089 13       		.uleb128 0x13
 757 008a 02       		.uleb128 0x2
 758 008b 17       		.uleb128 0x17
 759 008c 00       		.byte	0
 760 008d 00       		.byte	0
 761 008e 0B       		.uleb128 0xb
 762 008f 898201   		.uleb128 0x4109
ARM GAS  C:\Users\Mahe\AppData\Local\Temp\ccHE1Oyd.s 			page 20


 763 0092 01       		.byte	0x1
 764 0093 11       		.uleb128 0x11
 765 0094 01       		.uleb128 0x1
 766 0095 31       		.uleb128 0x31
 767 0096 13       		.uleb128 0x13
 768 0097 00       		.byte	0
 769 0098 00       		.byte	0
 770 0099 0C       		.uleb128 0xc
 771 009a 8A8201   		.uleb128 0x410a
 772 009d 00       		.byte	0
 773 009e 02       		.uleb128 0x2
 774 009f 18       		.uleb128 0x18
 775 00a0 9142     		.uleb128 0x2111
 776 00a2 18       		.uleb128 0x18
 777 00a3 00       		.byte	0
 778 00a4 00       		.byte	0
 779 00a5 0D       		.uleb128 0xd
 780 00a6 898201   		.uleb128 0x4109
 781 00a9 01       		.byte	0x1
 782 00aa 11       		.uleb128 0x11
 783 00ab 01       		.uleb128 0x1
 784 00ac 31       		.uleb128 0x31
 785 00ad 13       		.uleb128 0x13
 786 00ae 01       		.uleb128 0x1
 787 00af 13       		.uleb128 0x13
 788 00b0 00       		.byte	0
 789 00b1 00       		.byte	0
 790 00b2 0E       		.uleb128 0xe
 791 00b3 2E       		.uleb128 0x2e
 792 00b4 01       		.byte	0x1
 793 00b5 3F       		.uleb128 0x3f
 794 00b6 19       		.uleb128 0x19
 795 00b7 03       		.uleb128 0x3
 796 00b8 0E       		.uleb128 0xe
 797 00b9 3A       		.uleb128 0x3a
 798 00ba 0B       		.uleb128 0xb
 799 00bb 3B       		.uleb128 0x3b
 800 00bc 0B       		.uleb128 0xb
 801 00bd 27       		.uleb128 0x27
 802 00be 19       		.uleb128 0x19
 803 00bf 11       		.uleb128 0x11
 804 00c0 01       		.uleb128 0x1
 805 00c1 12       		.uleb128 0x12
 806 00c2 06       		.uleb128 0x6
 807 00c3 40       		.uleb128 0x40
 808 00c4 18       		.uleb128 0x18
 809 00c5 9742     		.uleb128 0x2117
 810 00c7 19       		.uleb128 0x19
 811 00c8 01       		.uleb128 0x1
 812 00c9 13       		.uleb128 0x13
 813 00ca 00       		.byte	0
 814 00cb 00       		.byte	0
 815 00cc 0F       		.uleb128 0xf
 816 00cd 0B       		.uleb128 0xb
 817 00ce 01       		.byte	0x1
 818 00cf 11       		.uleb128 0x11
 819 00d0 01       		.uleb128 0x1
ARM GAS  C:\Users\Mahe\AppData\Local\Temp\ccHE1Oyd.s 			page 21


 820 00d1 12       		.uleb128 0x12
 821 00d2 06       		.uleb128 0x6
 822 00d3 01       		.uleb128 0x1
 823 00d4 13       		.uleb128 0x13
 824 00d5 00       		.byte	0
 825 00d6 00       		.byte	0
 826 00d7 10       		.uleb128 0x10
 827 00d8 13       		.uleb128 0x13
 828 00d9 01       		.byte	0x1
 829 00da 0B       		.uleb128 0xb
 830 00db 0B       		.uleb128 0xb
 831 00dc 3A       		.uleb128 0x3a
 832 00dd 0B       		.uleb128 0xb
 833 00de 3B       		.uleb128 0x3b
 834 00df 05       		.uleb128 0x5
 835 00e0 01       		.uleb128 0x1
 836 00e1 13       		.uleb128 0x13
 837 00e2 00       		.byte	0
 838 00e3 00       		.byte	0
 839 00e4 11       		.uleb128 0x11
 840 00e5 0D       		.uleb128 0xd
 841 00e6 00       		.byte	0
 842 00e7 03       		.uleb128 0x3
 843 00e8 0E       		.uleb128 0xe
 844 00e9 3A       		.uleb128 0x3a
 845 00ea 0B       		.uleb128 0xb
 846 00eb 3B       		.uleb128 0x3b
 847 00ec 05       		.uleb128 0x5
 848 00ed 49       		.uleb128 0x49
 849 00ee 13       		.uleb128 0x13
 850 00ef 38       		.uleb128 0x38
 851 00f0 0B       		.uleb128 0xb
 852 00f1 00       		.byte	0
 853 00f2 00       		.byte	0
 854 00f3 12       		.uleb128 0x12
 855 00f4 01       		.uleb128 0x1
 856 00f5 01       		.byte	0x1
 857 00f6 49       		.uleb128 0x49
 858 00f7 13       		.uleb128 0x13
 859 00f8 01       		.uleb128 0x1
 860 00f9 13       		.uleb128 0x13
 861 00fa 00       		.byte	0
 862 00fb 00       		.byte	0
 863 00fc 13       		.uleb128 0x13
 864 00fd 21       		.uleb128 0x21
 865 00fe 00       		.byte	0
 866 00ff 49       		.uleb128 0x49
 867 0100 13       		.uleb128 0x13
 868 0101 2F       		.uleb128 0x2f
 869 0102 0B       		.uleb128 0xb
 870 0103 00       		.byte	0
 871 0104 00       		.byte	0
 872 0105 14       		.uleb128 0x14
 873 0106 26       		.uleb128 0x26
 874 0107 00       		.byte	0
 875 0108 49       		.uleb128 0x49
 876 0109 13       		.uleb128 0x13
ARM GAS  C:\Users\Mahe\AppData\Local\Temp\ccHE1Oyd.s 			page 22


 877 010a 00       		.byte	0
 878 010b 00       		.byte	0
 879 010c 15       		.uleb128 0x15
 880 010d 34       		.uleb128 0x34
 881 010e 00       		.byte	0
 882 010f 03       		.uleb128 0x3
 883 0110 0E       		.uleb128 0xe
 884 0111 3A       		.uleb128 0x3a
 885 0112 0B       		.uleb128 0xb
 886 0113 3B       		.uleb128 0x3b
 887 0114 05       		.uleb128 0x5
 888 0115 49       		.uleb128 0x49
 889 0116 13       		.uleb128 0x13
 890 0117 02       		.uleb128 0x2
 891 0118 18       		.uleb128 0x18
 892 0119 00       		.byte	0
 893 011a 00       		.byte	0
 894 011b 16       		.uleb128 0x16
 895 011c 34       		.uleb128 0x34
 896 011d 00       		.byte	0
 897 011e 03       		.uleb128 0x3
 898 011f 08       		.uleb128 0x8
 899 0120 3A       		.uleb128 0x3a
 900 0121 0B       		.uleb128 0xb
 901 0122 3B       		.uleb128 0x3b
 902 0123 05       		.uleb128 0x5
 903 0124 49       		.uleb128 0x49
 904 0125 13       		.uleb128 0x13
 905 0126 02       		.uleb128 0x2
 906 0127 17       		.uleb128 0x17
 907 0128 00       		.byte	0
 908 0129 00       		.byte	0
 909 012a 17       		.uleb128 0x17
 910 012b 0B       		.uleb128 0xb
 911 012c 01       		.byte	0x1
 912 012d 11       		.uleb128 0x11
 913 012e 01       		.uleb128 0x1
 914 012f 12       		.uleb128 0x12
 915 0130 06       		.uleb128 0x6
 916 0131 00       		.byte	0
 917 0132 00       		.byte	0
 918 0133 18       		.uleb128 0x18
 919 0134 0F       		.uleb128 0xf
 920 0135 00       		.byte	0
 921 0136 0B       		.uleb128 0xb
 922 0137 0B       		.uleb128 0xb
 923 0138 49       		.uleb128 0x49
 924 0139 13       		.uleb128 0x13
 925 013a 00       		.byte	0
 926 013b 00       		.byte	0
 927 013c 19       		.uleb128 0x19
 928 013d 898201   		.uleb128 0x4109
 929 0140 00       		.byte	0
 930 0141 11       		.uleb128 0x11
 931 0142 01       		.uleb128 0x1
 932 0143 31       		.uleb128 0x31
 933 0144 13       		.uleb128 0x13
ARM GAS  C:\Users\Mahe\AppData\Local\Temp\ccHE1Oyd.s 			page 23


 934 0145 00       		.byte	0
 935 0146 00       		.byte	0
 936 0147 1A       		.uleb128 0x1a
 937 0148 2E       		.uleb128 0x2e
 938 0149 00       		.byte	0
 939 014a 3F       		.uleb128 0x3f
 940 014b 19       		.uleb128 0x19
 941 014c 3C       		.uleb128 0x3c
 942 014d 19       		.uleb128 0x19
 943 014e 6E       		.uleb128 0x6e
 944 014f 0E       		.uleb128 0xe
 945 0150 03       		.uleb128 0x3
 946 0151 0E       		.uleb128 0xe
 947 0152 00       		.byte	0
 948 0153 00       		.byte	0
 949 0154 1B       		.uleb128 0x1b
 950 0155 2E       		.uleb128 0x2e
 951 0156 00       		.byte	0
 952 0157 3F       		.uleb128 0x3f
 953 0158 19       		.uleb128 0x19
 954 0159 3C       		.uleb128 0x3c
 955 015a 19       		.uleb128 0x19
 956 015b 6E       		.uleb128 0x6e
 957 015c 0E       		.uleb128 0xe
 958 015d 03       		.uleb128 0x3
 959 015e 0E       		.uleb128 0xe
 960 015f 3A       		.uleb128 0x3a
 961 0160 0B       		.uleb128 0xb
 962 0161 3B       		.uleb128 0x3b
 963 0162 0B       		.uleb128 0xb
 964 0163 00       		.byte	0
 965 0164 00       		.byte	0
 966 0165 00       		.byte	0
 967              		.section	.debug_loc,"",%progbits
 968              	.Ldebug_loc0:
 969              	.LLST0:
 970 0000 00000000 		.4byte	.LVL0
 971 0004 09000000 		.4byte	.LVL2-1
 972 0008 0100     		.2byte	0x1
 973 000a 50       		.byte	0x50
 974 000b 09000000 		.4byte	.LVL2-1
 975 000f 0C000000 		.4byte	.LFE1
 976 0013 0400     		.2byte	0x4
 977 0015 F3       		.byte	0xf3
 978 0016 01       		.uleb128 0x1
 979 0017 50       		.byte	0x50
 980 0018 9F       		.byte	0x9f
 981 0019 00000000 		.4byte	0
 982 001d 00000000 		.4byte	0
 983              	.LLST1:
 984 0021 00000000 		.4byte	.LVL0
 985 0025 06000000 		.4byte	.LVL1
 986 0029 0100     		.2byte	0x1
 987 002b 51       		.byte	0x51
 988 002c 06000000 		.4byte	.LVL1
 989 0030 09000000 		.4byte	.LVL2-1
 990 0034 0100     		.2byte	0x1
ARM GAS  C:\Users\Mahe\AppData\Local\Temp\ccHE1Oyd.s 			page 24


 991 0036 52       		.byte	0x52
 992 0037 09000000 		.4byte	.LVL2-1
 993 003b 0C000000 		.4byte	.LFE1
 994 003f 0400     		.2byte	0x4
 995 0041 F3       		.byte	0xf3
 996 0042 01       		.uleb128 0x1
 997 0043 51       		.byte	0x51
 998 0044 9F       		.byte	0x9f
 999 0045 00000000 		.4byte	0
 1000 0049 00000000 		.4byte	0
 1001              	.LLST2:
 1002 004d 80000000 		.4byte	.LVL6
 1003 0051 84000000 		.4byte	.LVL7
 1004 0055 0200     		.2byte	0x2
 1005 0057 30       		.byte	0x30
 1006 0058 9F       		.byte	0x9f
 1007 0059 84000000 		.4byte	.LVL7
 1008 005d A2000000 		.4byte	.LVL9
 1009 0061 0100     		.2byte	0x1
 1010 0063 54       		.byte	0x54
 1011 0064 A4000000 		.4byte	.LVL10
 1012 0068 E0000000 		.4byte	.LVL13
 1013 006c 0100     		.2byte	0x1
 1014 006e 54       		.byte	0x54
 1015 006f 00000000 		.4byte	0
 1016 0073 00000000 		.4byte	0
 1017              	.LLST3:
 1018 0077 84000000 		.4byte	.LVL7
 1019 007b A2000000 		.4byte	.LVL9
 1020 007f 0B00     		.2byte	0xb
 1021 0081 74       		.byte	0x74
 1022 0082 00       		.sleb128 0
 1023 0083 36       		.byte	0x36
 1024 0084 1E       		.byte	0x1e
 1025 0085 03       		.byte	0x3
 1026 0086 00000000 		.4byte	cfg_memset_list.4888
 1027 008a 22       		.byte	0x22
 1028 008b 9F       		.byte	0x9f
 1029 008c A2000000 		.4byte	.LVL9
 1030 0090 A4000000 		.4byte	.LVL10
 1031 0094 0B00     		.2byte	0xb
 1032 0096 74       		.byte	0x74
 1033 0097 7F       		.sleb128 -1
 1034 0098 36       		.byte	0x36
 1035 0099 1E       		.byte	0x1e
 1036 009a 03       		.byte	0x3
 1037 009b 00000000 		.4byte	cfg_memset_list.4888
 1038 009f 22       		.byte	0x22
 1039 00a0 9F       		.byte	0x9f
 1040 00a1 00000000 		.4byte	0
 1041 00a5 00000000 		.4byte	0
 1042              		.section	.debug_aranges,"",%progbits
 1043 0000 34000000 		.4byte	0x34
 1044 0004 0200     		.2byte	0x2
 1045 0006 00000000 		.4byte	.Ldebug_info0
 1046 000a 04       		.byte	0x4
 1047 000b 00       		.byte	0
ARM GAS  C:\Users\Mahe\AppData\Local\Temp\ccHE1Oyd.s 			page 25


 1048 000c 0000     		.2byte	0
 1049 000e 0000     		.2byte	0
 1050 0010 00000000 		.4byte	.LFB5
 1051 0014 20000000 		.4byte	.LFE5-.LFB5
 1052 0018 00000000 		.4byte	.LFB1
 1053 001c 0C000000 		.4byte	.LFE1-.LFB1
 1054 0020 00000000 		.4byte	.LFB4
 1055 0024 7C000000 		.4byte	.LFE4-.LFB4
 1056 0028 7C000000 		.4byte	.LFB6
 1057 002c 84000000 		.4byte	.LFE6-.LFB6
 1058 0030 00000000 		.4byte	0
 1059 0034 00000000 		.4byte	0
 1060              		.section	.debug_ranges,"",%progbits
 1061              	.Ldebug_ranges0:
 1062 0000 00000000 		.4byte	.LFB5
 1063 0004 20000000 		.4byte	.LFE5
 1064 0008 00000000 		.4byte	.LFB1
 1065 000c 0C000000 		.4byte	.LFE1
 1066 0010 00000000 		.4byte	.LFB4
 1067 0014 7C000000 		.4byte	.LFE4
 1068 0018 7C000000 		.4byte	.LFB6
 1069 001c 00010000 		.4byte	.LFE6
 1070 0020 00000000 		.4byte	0
 1071 0024 00000000 		.4byte	0
 1072              		.section	.debug_line,"",%progbits
 1073              	.Ldebug_line0:
 1074 0000 40010000 		.section	.debug_str,"MS",%progbits,1
 1074      0200D600 
 1074      00000201 
 1074      FB0E0D00 
 1074      01010101 
 1075              	.LASF19:
 1076 0000 72656733 		.ascii	"reg32\000"
 1076      3200
 1077              	.LASF12:
 1078 0006 73697A65 		.ascii	"size_t\000"
 1078      5F7400
 1079              	.LASF32:
 1080 000d 416E616C 		.ascii	"AnalogSetDefault\000"
 1080      6F675365 
 1080      74446566 
 1080      61756C74 
 1080      00
 1081              	.LASF27:
 1082 001e 4379496E 		.ascii	"CyIntSetVector\000"
 1082      74536574 
 1082      56656374 
 1082      6F7200
 1083              	.LASF25:
 1084 002d 6366675F 		.ascii	"cfg_memset_list\000"
 1084      6D656D73 
 1084      65745F6C 
 1084      69737400 
 1085              	.LASF21:
 1086 003d 436C6F63 		.ascii	"ClockSetup\000"
 1086      6B536574 
 1086      757000
ARM GAS  C:\Users\Mahe\AppData\Local\Temp\ccHE1Oyd.s 			page 26


 1087              	.LASF6:
 1088 0048 73686F72 		.ascii	"short unsigned int\000"
 1088      7420756E 
 1088      7369676E 
 1088      65642069 
 1088      6E7400
 1089              	.LASF31:
 1090 005b 433A5C55 		.ascii	"C:\\Users\\Mahe\\Documents\\PSoC Creator\\Workspace"
 1090      73657273 
 1090      5C4D6168 
 1090      655C446F 
 1090      63756D65 
 1091 0089 30315C41 		.ascii	"01\\Aug_16th_AESD\\Timer_Interrupt.cydsn\000"
 1091      75675F31 
 1091      3674685F 
 1091      41455344 
 1091      5C54696D 
 1092              	.LASF16:
 1093 00b0 666C6F61 		.ascii	"float\000"
 1093      7400
 1094              	.LASF23:
 1095 00b6 73697A65 		.ascii	"size\000"
 1095      00
 1096              	.LASF18:
 1097 00bb 72656738 		.ascii	"reg8\000"
 1097      00
 1098              	.LASF8:
 1099 00c0 6C6F6E67 		.ascii	"long unsigned int\000"
 1099      20756E73 
 1099      69676E65 
 1099      6420696E 
 1099      7400
 1100              	.LASF13:
 1101 00d2 75696E74 		.ascii	"uint8\000"
 1101      3800
 1102              	.LASF20:
 1103 00d8 43594D45 		.ascii	"CYMEMZERO\000"
 1103      4D5A4552 
 1103      4F00
 1104              	.LASF4:
 1105 00e2 756E7369 		.ascii	"unsigned char\000"
 1105      676E6564 
 1105      20636861 
 1105      7200
 1106              	.LASF34:
 1107 00f0 6D656D73 		.ascii	"memset\000"
 1107      657400
 1108              	.LASF17:
 1109 00f7 646F7562 		.ascii	"double\000"
 1109      6C6500
 1110              	.LASF28:
 1111 00fe 4379496E 		.ascii	"CyIntEnable\000"
 1111      74456E61 
 1111      626C6500 
 1112              	.LASF14:
 1113 010a 75696E74 		.ascii	"uint16\000"
 1113      313600
ARM GAS  C:\Users\Mahe\AppData\Local\Temp\ccHE1Oyd.s 			page 27


 1114              	.LASF15:
 1115 0111 75696E74 		.ascii	"uint32\000"
 1115      333200
 1116              	.LASF0:
 1117 0118 756E7369 		.ascii	"unsigned int\000"
 1117      676E6564 
 1117      20696E74 
 1117      00
 1118              	.LASF33:
 1119 0125 63796669 		.ascii	"cyfitter_cfg\000"
 1119      74746572 
 1119      5F636667 
 1119      00
 1120              	.LASF22:
 1121 0132 61646472 		.ascii	"address\000"
 1121      65737300 
 1122              	.LASF9:
 1123 013a 6C6F6E67 		.ascii	"long long unsigned int\000"
 1123      206C6F6E 
 1123      6720756E 
 1123      7369676E 
 1123      65642069 
 1124              	.LASF29:
 1125 0151 474E5520 		.ascii	"GNU C11 5.4.1 20160609 (release) [ARM/embedded-5-br"
 1125      43313120 
 1125      352E342E 
 1125      31203230 
 1125      31363036 
 1126 0184 616E6368 		.ascii	"anch revision 237715] -mcpu=cortex-m0 -mthumb -g -O"
 1126      20726576 
 1126      6973696F 
 1126      6E203233 
 1126      37373135 
 1127 01b7 67202D66 		.ascii	"g -ffunction-sections -ffat-lto-objects\000"
 1127      66756E63 
 1127      74696F6E 
 1127      2D736563 
 1127      74696F6E 
 1128              	.LASF24:
 1129 01df 6366675F 		.ascii	"cfg_memset_t\000"
 1129      6D656D73 
 1129      65745F74 
 1129      00
 1130              	.LASF10:
 1131 01ec 73697A65 		.ascii	"sizetype\000"
 1131      74797065 
 1131      00
 1132              	.LASF1:
 1133 01f5 6C6F6E67 		.ascii	"long long int\000"
 1133      206C6F6E 
 1133      6720696E 
 1133      7400
 1134              	.LASF11:
 1135 0203 63686172 		.ascii	"char\000"
 1135      00
 1136              	.LASF5:
 1137 0208 73686F72 		.ascii	"short int\000"
ARM GAS  C:\Users\Mahe\AppData\Local\Temp\ccHE1Oyd.s 			page 28


 1137      7420696E 
 1137      7400
 1138              	.LASF26:
 1139 0212 43795379 		.ascii	"CySysClkWriteImoFreq\000"
 1139      73436C6B 
 1139      57726974 
 1139      65496D6F 
 1139      46726571 
 1140              	.LASF7:
 1141 0227 6C6F6E67 		.ascii	"long int\000"
 1141      20696E74 
 1141      00
 1142              	.LASF2:
 1143 0230 6C6F6E67 		.ascii	"long double\000"
 1143      20646F75 
 1143      626C6500 
 1144              	.LASF3:
 1145 023c 7369676E 		.ascii	"signed char\000"
 1145      65642063 
 1145      68617200 
 1146              	.LASF30:
 1147 0248 47656E65 		.ascii	"Generated_Source\\PSoC4\\cyfitter_cfg.c\000"
 1147      72617465 
 1147      645F536F 
 1147      75726365 
 1147      5C50536F 
 1148              		.ident	"GCC: (GNU Tools for ARM Embedded Processors) 5.4.1 20160609 (release) [ARM/embedded-5-bran
