ARM GAS  C:\Users\Mahe\AppData\Local\Temp\ccXnKOWV.s 			page 1


   1              		.syntax unified
   2              		.cpu cortex-m0
   3              		.fpu softvfp
   4              		.eabi_attribute 20, 1
   5              		.eabi_attribute 21, 1
   6              		.eabi_attribute 23, 3
   7              		.eabi_attribute 24, 1
   8              		.eabi_attribute 25, 1
   9              		.eabi_attribute 26, 1
  10              		.eabi_attribute 30, 1
  11              		.eabi_attribute 34, 0
  12              		.eabi_attribute 18, 4
  13              		.thumb
  14              		.syntax unified
  15              		.file	"cyfitter_cfg.c"
  16              		.text
  17              	.Ltext0:
  18              		.cfi_sections	.debug_frame
  19              		.section	.text.cfg_write_bytes32,"ax",%progbits
  20              		.align	2
  21              		.code	16
  22              		.thumb_func
  23              		.type	cfg_write_bytes32, %function
  24              	cfg_write_bytes32:
  25              	.LFB4:
  26              		.file 1 "Generated_Source\\PSoC4\\cyfitter_cfg.c"
   1:Generated_Source\PSoC4/cyfitter_cfg.c **** 
   2:Generated_Source\PSoC4/cyfitter_cfg.c **** /*******************************************************************************
   3:Generated_Source\PSoC4/cyfitter_cfg.c **** * File Name: cyfitter_cfg.c
   4:Generated_Source\PSoC4/cyfitter_cfg.c **** * 
   5:Generated_Source\PSoC4/cyfitter_cfg.c **** * PSoC Creator  4.1 Update 1
   6:Generated_Source\PSoC4/cyfitter_cfg.c **** *
   7:Generated_Source\PSoC4/cyfitter_cfg.c **** * Description:
   8:Generated_Source\PSoC4/cyfitter_cfg.c **** * This file contains device initialization code.
   9:Generated_Source\PSoC4/cyfitter_cfg.c **** * Except for the user defined sections in CyClockStartupError(), this file should not be modified.
  10:Generated_Source\PSoC4/cyfitter_cfg.c **** * This file is automatically generated by PSoC Creator.
  11:Generated_Source\PSoC4/cyfitter_cfg.c **** *
  12:Generated_Source\PSoC4/cyfitter_cfg.c **** ********************************************************************************
  13:Generated_Source\PSoC4/cyfitter_cfg.c **** * Copyright (c) 2007-2017 Cypress Semiconductor.  All rights reserved.
  14:Generated_Source\PSoC4/cyfitter_cfg.c **** * You may use this file only in accordance with the license, terms, conditions, 
  15:Generated_Source\PSoC4/cyfitter_cfg.c **** * disclaimers, and limitations in the end user license agreement accompanying 
  16:Generated_Source\PSoC4/cyfitter_cfg.c **** * the software package with which this file was provided.
  17:Generated_Source\PSoC4/cyfitter_cfg.c **** ********************************************************************************/
  18:Generated_Source\PSoC4/cyfitter_cfg.c **** 
  19:Generated_Source\PSoC4/cyfitter_cfg.c **** #include <string.h>
  20:Generated_Source\PSoC4/cyfitter_cfg.c **** #include "cytypes.h"
  21:Generated_Source\PSoC4/cyfitter_cfg.c **** #include "cydevice_trm.h"
  22:Generated_Source\PSoC4/cyfitter_cfg.c **** #include "cyfitter.h"
  23:Generated_Source\PSoC4/cyfitter_cfg.c **** #include "CyLib.h"
  24:Generated_Source\PSoC4/cyfitter_cfg.c **** #include "CyLFClk.h"
  25:Generated_Source\PSoC4/cyfitter_cfg.c **** #include "cyfitter_cfg.h"
  26:Generated_Source\PSoC4/cyfitter_cfg.c **** #include "cyapicallbacks.h"
  27:Generated_Source\PSoC4/cyfitter_cfg.c **** 
  28:Generated_Source\PSoC4/cyfitter_cfg.c **** 
  29:Generated_Source\PSoC4/cyfitter_cfg.c **** #if defined(__GNUC__) || defined(__ARMCC_VERSION)
  30:Generated_Source\PSoC4/cyfitter_cfg.c ****     #define CYPACKED 
  31:Generated_Source\PSoC4/cyfitter_cfg.c ****     #define CYPACKED_ATTR __attribute__ ((packed))
ARM GAS  C:\Users\Mahe\AppData\Local\Temp\ccXnKOWV.s 			page 2


  32:Generated_Source\PSoC4/cyfitter_cfg.c ****     #define CYALIGNED __attribute__ ((aligned))
  33:Generated_Source\PSoC4/cyfitter_cfg.c ****     #define CY_CFG_UNUSED __attribute__ ((unused))
  34:Generated_Source\PSoC4/cyfitter_cfg.c ****     #ifndef CY_CFG_SECTION
  35:Generated_Source\PSoC4/cyfitter_cfg.c ****         #define CY_CFG_SECTION __attribute__ ((section(".psocinit")))
  36:Generated_Source\PSoC4/cyfitter_cfg.c ****     #endif
  37:Generated_Source\PSoC4/cyfitter_cfg.c ****     
  38:Generated_Source\PSoC4/cyfitter_cfg.c ****     #if defined(__ARMCC_VERSION)
  39:Generated_Source\PSoC4/cyfitter_cfg.c ****         #define CY_CFG_MEMORY_BARRIER() __memory_changed()
  40:Generated_Source\PSoC4/cyfitter_cfg.c ****     #else
  41:Generated_Source\PSoC4/cyfitter_cfg.c ****         #define CY_CFG_MEMORY_BARRIER() __sync_synchronize()
  42:Generated_Source\PSoC4/cyfitter_cfg.c ****     #endif
  43:Generated_Source\PSoC4/cyfitter_cfg.c ****     
  44:Generated_Source\PSoC4/cyfitter_cfg.c **** #elif defined(__ICCARM__)
  45:Generated_Source\PSoC4/cyfitter_cfg.c ****     #include <intrinsics.h>
  46:Generated_Source\PSoC4/cyfitter_cfg.c **** 
  47:Generated_Source\PSoC4/cyfitter_cfg.c ****     #define CYPACKED __packed
  48:Generated_Source\PSoC4/cyfitter_cfg.c ****     #define CYPACKED_ATTR 
  49:Generated_Source\PSoC4/cyfitter_cfg.c ****     #define CYALIGNED _Pragma("data_alignment=4")
  50:Generated_Source\PSoC4/cyfitter_cfg.c ****     #define CY_CFG_UNUSED _Pragma("diag_suppress=Pe177")
  51:Generated_Source\PSoC4/cyfitter_cfg.c ****     #define CY_CFG_SECTION _Pragma("location=\".psocinit\"")
  52:Generated_Source\PSoC4/cyfitter_cfg.c ****     
  53:Generated_Source\PSoC4/cyfitter_cfg.c ****     #define CY_CFG_MEMORY_BARRIER() __DMB()
  54:Generated_Source\PSoC4/cyfitter_cfg.c ****     
  55:Generated_Source\PSoC4/cyfitter_cfg.c **** #else
  56:Generated_Source\PSoC4/cyfitter_cfg.c ****     #error Unsupported toolchain
  57:Generated_Source\PSoC4/cyfitter_cfg.c **** #endif
  58:Generated_Source\PSoC4/cyfitter_cfg.c **** 
  59:Generated_Source\PSoC4/cyfitter_cfg.c **** #ifndef CYCODE
  60:Generated_Source\PSoC4/cyfitter_cfg.c ****     #define CYCODE
  61:Generated_Source\PSoC4/cyfitter_cfg.c **** #endif
  62:Generated_Source\PSoC4/cyfitter_cfg.c **** #ifndef CYDATA
  63:Generated_Source\PSoC4/cyfitter_cfg.c ****     #define CYDATA
  64:Generated_Source\PSoC4/cyfitter_cfg.c **** #endif
  65:Generated_Source\PSoC4/cyfitter_cfg.c **** #ifndef CYFAR
  66:Generated_Source\PSoC4/cyfitter_cfg.c ****     #define CYFAR
  67:Generated_Source\PSoC4/cyfitter_cfg.c **** #endif
  68:Generated_Source\PSoC4/cyfitter_cfg.c **** #ifndef CYXDATA
  69:Generated_Source\PSoC4/cyfitter_cfg.c ****     #define CYXDATA
  70:Generated_Source\PSoC4/cyfitter_cfg.c **** #endif
  71:Generated_Source\PSoC4/cyfitter_cfg.c **** 
  72:Generated_Source\PSoC4/cyfitter_cfg.c **** 
  73:Generated_Source\PSoC4/cyfitter_cfg.c **** CY_CFG_UNUSED
  74:Generated_Source\PSoC4/cyfitter_cfg.c **** static void CYMEMZERO(void *s, size_t n);
  75:Generated_Source\PSoC4/cyfitter_cfg.c **** CY_CFG_UNUSED
  76:Generated_Source\PSoC4/cyfitter_cfg.c **** static void CYMEMZERO(void *s, size_t n)
  77:Generated_Source\PSoC4/cyfitter_cfg.c **** {
  78:Generated_Source\PSoC4/cyfitter_cfg.c **** 	(void)memset(s, 0, n);
  79:Generated_Source\PSoC4/cyfitter_cfg.c **** }
  80:Generated_Source\PSoC4/cyfitter_cfg.c **** CY_CFG_UNUSED
  81:Generated_Source\PSoC4/cyfitter_cfg.c **** static void CYCONFIGCPY(void *dest, const void *src, size_t n);
  82:Generated_Source\PSoC4/cyfitter_cfg.c **** CY_CFG_UNUSED
  83:Generated_Source\PSoC4/cyfitter_cfg.c **** static void CYCONFIGCPY(void *dest, const void *src, size_t n)
  84:Generated_Source\PSoC4/cyfitter_cfg.c **** {
  85:Generated_Source\PSoC4/cyfitter_cfg.c **** 	(void)memcpy(dest, src, n);
  86:Generated_Source\PSoC4/cyfitter_cfg.c **** }
  87:Generated_Source\PSoC4/cyfitter_cfg.c **** CY_CFG_UNUSED
  88:Generated_Source\PSoC4/cyfitter_cfg.c **** static void CYCONFIGCPYCODE(void *dest, const void *src, size_t n);
ARM GAS  C:\Users\Mahe\AppData\Local\Temp\ccXnKOWV.s 			page 3


  89:Generated_Source\PSoC4/cyfitter_cfg.c **** CY_CFG_UNUSED
  90:Generated_Source\PSoC4/cyfitter_cfg.c **** static void CYCONFIGCPYCODE(void *dest, const void *src, size_t n)
  91:Generated_Source\PSoC4/cyfitter_cfg.c **** {
  92:Generated_Source\PSoC4/cyfitter_cfg.c **** 	(void)memcpy(dest, src, n);
  93:Generated_Source\PSoC4/cyfitter_cfg.c **** }
  94:Generated_Source\PSoC4/cyfitter_cfg.c **** 
  95:Generated_Source\PSoC4/cyfitter_cfg.c **** 
  96:Generated_Source\PSoC4/cyfitter_cfg.c **** 
  97:Generated_Source\PSoC4/cyfitter_cfg.c **** 
  98:Generated_Source\PSoC4/cyfitter_cfg.c **** /* Clock startup error codes                                                   */
  99:Generated_Source\PSoC4/cyfitter_cfg.c **** #define CYCLOCKSTART_NO_ERROR    0u
 100:Generated_Source\PSoC4/cyfitter_cfg.c **** #define CYCLOCKSTART_XTAL_ERROR  1u
 101:Generated_Source\PSoC4/cyfitter_cfg.c **** #define CYCLOCKSTART_32KHZ_ERROR 2u
 102:Generated_Source\PSoC4/cyfitter_cfg.c **** #define CYCLOCKSTART_PLL_ERROR   3u
 103:Generated_Source\PSoC4/cyfitter_cfg.c **** #define CYCLOCKSTART_FLL_ERROR   4u
 104:Generated_Source\PSoC4/cyfitter_cfg.c **** 
 105:Generated_Source\PSoC4/cyfitter_cfg.c **** 
 106:Generated_Source\PSoC4/cyfitter_cfg.c **** #ifdef CY_NEED_CYCLOCKSTARTUPERROR
 107:Generated_Source\PSoC4/cyfitter_cfg.c **** /*******************************************************************************
 108:Generated_Source\PSoC4/cyfitter_cfg.c **** * Function Name: CyClockStartupError
 109:Generated_Source\PSoC4/cyfitter_cfg.c **** ********************************************************************************
 110:Generated_Source\PSoC4/cyfitter_cfg.c **** * Summary:
 111:Generated_Source\PSoC4/cyfitter_cfg.c **** *  If an error is encountered during clock configuration (crystal startup error,
 112:Generated_Source\PSoC4/cyfitter_cfg.c **** *  PLL lock error, etc.), the system will end up here.  Unless reimplemented by
 113:Generated_Source\PSoC4/cyfitter_cfg.c **** *  the customer, this function will stop in an infinite loop.
 114:Generated_Source\PSoC4/cyfitter_cfg.c **** *
 115:Generated_Source\PSoC4/cyfitter_cfg.c **** * Parameters:
 116:Generated_Source\PSoC4/cyfitter_cfg.c **** *   void
 117:Generated_Source\PSoC4/cyfitter_cfg.c **** *
 118:Generated_Source\PSoC4/cyfitter_cfg.c **** * Return:
 119:Generated_Source\PSoC4/cyfitter_cfg.c **** *   void
 120:Generated_Source\PSoC4/cyfitter_cfg.c **** *
 121:Generated_Source\PSoC4/cyfitter_cfg.c **** *******************************************************************************/
 122:Generated_Source\PSoC4/cyfitter_cfg.c **** CY_CFG_UNUSED
 123:Generated_Source\PSoC4/cyfitter_cfg.c **** static void CyClockStartupError(uint8 errorCode);
 124:Generated_Source\PSoC4/cyfitter_cfg.c **** CY_CFG_UNUSED
 125:Generated_Source\PSoC4/cyfitter_cfg.c **** static void CyClockStartupError(uint8 errorCode)
 126:Generated_Source\PSoC4/cyfitter_cfg.c **** {
 127:Generated_Source\PSoC4/cyfitter_cfg.c ****     /* To remove the compiler warning if errorCode not used. */
 128:Generated_Source\PSoC4/cyfitter_cfg.c **** #if defined(CY_PSOC3) && (CY_PSOC3)
 129:Generated_Source\PSoC4/cyfitter_cfg.c ****     errorCode = errorCode;
 130:Generated_Source\PSoC4/cyfitter_cfg.c **** #else
 131:Generated_Source\PSoC4/cyfitter_cfg.c ****     (void)errorCode;
 132:Generated_Source\PSoC4/cyfitter_cfg.c **** #endif /* CY_PSOC3 */
 133:Generated_Source\PSoC4/cyfitter_cfg.c **** 
 134:Generated_Source\PSoC4/cyfitter_cfg.c ****     /* If we have a clock startup error (bad MHz crystal, PLL lock, etc.),  */
 135:Generated_Source\PSoC4/cyfitter_cfg.c ****     /* we will end up here to allow the customer to implement something to  */
 136:Generated_Source\PSoC4/cyfitter_cfg.c ****     /* deal with the clock condition.                                       */
 137:Generated_Source\PSoC4/cyfitter_cfg.c **** 
 138:Generated_Source\PSoC4/cyfitter_cfg.c **** #ifdef CY_CFG_CLOCK_STARTUP_ERROR_CALLBACK
 139:Generated_Source\PSoC4/cyfitter_cfg.c ****     CY_CFG_Clock_Startup_ErrorCallback();
 140:Generated_Source\PSoC4/cyfitter_cfg.c **** #else
 141:Generated_Source\PSoC4/cyfitter_cfg.c ****     /*  If not using CY_CFG_CLOCK_STARTUP_ERROR_CALLBACK, place your clock startup code here. */
 142:Generated_Source\PSoC4/cyfitter_cfg.c ****     /* `#START CyClockStartupError` */
 143:Generated_Source\PSoC4/cyfitter_cfg.c **** 
 144:Generated_Source\PSoC4/cyfitter_cfg.c **** 
 145:Generated_Source\PSoC4/cyfitter_cfg.c **** 
ARM GAS  C:\Users\Mahe\AppData\Local\Temp\ccXnKOWV.s 			page 4


 146:Generated_Source\PSoC4/cyfitter_cfg.c ****     /* `#END` */
 147:Generated_Source\PSoC4/cyfitter_cfg.c **** 
 148:Generated_Source\PSoC4/cyfitter_cfg.c ****     while(1) {}
 149:Generated_Source\PSoC4/cyfitter_cfg.c **** #endif /* CY_CFG_CLOCK_STARTUP_ERROR_CALLBACK */
 150:Generated_Source\PSoC4/cyfitter_cfg.c **** }
 151:Generated_Source\PSoC4/cyfitter_cfg.c **** #endif
 152:Generated_Source\PSoC4/cyfitter_cfg.c **** 
 153:Generated_Source\PSoC4/cyfitter_cfg.c **** #define CY_CFG_BASE_ADDR_COUNT 1u
 154:Generated_Source\PSoC4/cyfitter_cfg.c **** CYPACKED typedef struct
 155:Generated_Source\PSoC4/cyfitter_cfg.c **** {
 156:Generated_Source\PSoC4/cyfitter_cfg.c **** 	uint8 offset;
 157:Generated_Source\PSoC4/cyfitter_cfg.c **** 	uint8 value;
 158:Generated_Source\PSoC4/cyfitter_cfg.c **** } CYPACKED_ATTR cy_cfg_addrvalue_t;
 159:Generated_Source\PSoC4/cyfitter_cfg.c **** 
 160:Generated_Source\PSoC4/cyfitter_cfg.c **** 
 161:Generated_Source\PSoC4/cyfitter_cfg.c **** 
 162:Generated_Source\PSoC4/cyfitter_cfg.c **** /*******************************************************************************
 163:Generated_Source\PSoC4/cyfitter_cfg.c **** * Function Name: cfg_write_bytes32
 164:Generated_Source\PSoC4/cyfitter_cfg.c **** ********************************************************************************
 165:Generated_Source\PSoC4/cyfitter_cfg.c **** * Summary:
 166:Generated_Source\PSoC4/cyfitter_cfg.c **** *  This function is used for setting up the chip configuration areas that
 167:Generated_Source\PSoC4/cyfitter_cfg.c **** *  contain relatively sparse data.
 168:Generated_Source\PSoC4/cyfitter_cfg.c **** *
 169:Generated_Source\PSoC4/cyfitter_cfg.c **** * Parameters:
 170:Generated_Source\PSoC4/cyfitter_cfg.c **** *   void
 171:Generated_Source\PSoC4/cyfitter_cfg.c **** *
 172:Generated_Source\PSoC4/cyfitter_cfg.c **** * Return:
 173:Generated_Source\PSoC4/cyfitter_cfg.c **** *   void
 174:Generated_Source\PSoC4/cyfitter_cfg.c **** *
 175:Generated_Source\PSoC4/cyfitter_cfg.c **** *******************************************************************************/
 176:Generated_Source\PSoC4/cyfitter_cfg.c **** static void cfg_write_bytes32(const uint32 addr_table[], const cy_cfg_addrvalue_t data_table[]);
 177:Generated_Source\PSoC4/cyfitter_cfg.c **** static void cfg_write_bytes32(const uint32 addr_table[], const cy_cfg_addrvalue_t data_table[])
 178:Generated_Source\PSoC4/cyfitter_cfg.c **** {
  27              		.loc 1 178 0
  28              		.cfi_startproc
  29              		@ args = 0, pretend = 0, frame = 0
  30              		@ frame_needed = 0, uses_anonymous_args = 0
  31              	.LVL0:
  32 0000 F0B5     		push	{r4, r5, r6, r7, lr}
  33              		.cfi_def_cfa_offset 20
  34              		.cfi_offset 4, -20
  35              		.cfi_offset 5, -16
  36              		.cfi_offset 6, -12
  37              		.cfi_offset 7, -8
  38              		.cfi_offset 14, -4
  39              	.LVL1:
 179:Generated_Source\PSoC4/cyfitter_cfg.c **** 	/* For 32-bit little-endian architectures */
 180:Generated_Source\PSoC4/cyfitter_cfg.c **** 	uint32 i, j = 0u;
  40              		.loc 1 180 0
  41 0002 0025     		movs	r5, #0
 181:Generated_Source\PSoC4/cyfitter_cfg.c **** 	for (i = 0u; i < CY_CFG_BASE_ADDR_COUNT; i++)
  42              		.loc 1 181 0
  43 0004 0027     		movs	r7, #0
  44 0006 11E0     		b	.L2
  45              	.LVL2:
  46              	.L5:
  47              	.LBB2:
ARM GAS  C:\Users\Mahe\AppData\Local\Temp\ccXnKOWV.s 			page 5


 182:Generated_Source\PSoC4/cyfitter_cfg.c **** 	{
 183:Generated_Source\PSoC4/cyfitter_cfg.c **** 		uint32 baseAddr = addr_table[i];
  48              		.loc 1 183 0
  49 0008 BB00     		lsls	r3, r7, #2
  50 000a C658     		ldr	r6, [r0, r3]
  51              	.LVL3:
 184:Generated_Source\PSoC4/cyfitter_cfg.c **** 		uint8 count = (uint8)baseAddr;
  52              		.loc 1 184 0
  53 000c F3B2     		uxtb	r3, r6
  54              	.LVL4:
 185:Generated_Source\PSoC4/cyfitter_cfg.c **** 		baseAddr &= 0xFFFFFF00u;
  55              		.loc 1 185 0
  56 000e FF22     		movs	r2, #255
  57 0010 9643     		bics	r6, r2
  58              	.LVL5:
 186:Generated_Source\PSoC4/cyfitter_cfg.c **** 		while (count != 0u)
  59              		.loc 1 186 0
  60 0012 08E0     		b	.L3
  61              	.L4:
 187:Generated_Source\PSoC4/cyfitter_cfg.c **** 		{
 188:Generated_Source\PSoC4/cyfitter_cfg.c **** 			CY_SET_REG8((void *)(baseAddr + data_table[j].offset), data_table[j].value);
  62              		.loc 1 188 0
  63 0014 6A00     		lsls	r2, r5, #1
  64 0016 8A18     		adds	r2, r1, r2
  65 0018 1478     		ldrb	r4, [r2]
  66 001a A419     		adds	r4, r4, r6
  67 001c 5278     		ldrb	r2, [r2, #1]
  68 001e 2270     		strb	r2, [r4]
 189:Generated_Source\PSoC4/cyfitter_cfg.c **** 			j++;
  69              		.loc 1 189 0
  70 0020 0135     		adds	r5, r5, #1
  71              	.LVL6:
 190:Generated_Source\PSoC4/cyfitter_cfg.c **** 			count--;
  72              		.loc 1 190 0
  73 0022 013B     		subs	r3, r3, #1
  74              	.LVL7:
  75 0024 DBB2     		uxtb	r3, r3
  76              	.LVL8:
  77              	.L3:
 186:Generated_Source\PSoC4/cyfitter_cfg.c **** 		{
  78              		.loc 1 186 0
  79 0026 002B     		cmp	r3, #0
  80 0028 F4D1     		bne	.L4
  81              	.LBE2:
 181:Generated_Source\PSoC4/cyfitter_cfg.c **** 	{
  82              		.loc 1 181 0 discriminator 2
  83 002a 0137     		adds	r7, r7, #1
  84              	.LVL9:
  85              	.L2:
 181:Generated_Source\PSoC4/cyfitter_cfg.c **** 	{
  86              		.loc 1 181 0 is_stmt 0 discriminator 1
  87 002c 002F     		cmp	r7, #0
  88 002e EBD0     		beq	.L5
 191:Generated_Source\PSoC4/cyfitter_cfg.c **** 		}
 192:Generated_Source\PSoC4/cyfitter_cfg.c **** 	}
 193:Generated_Source\PSoC4/cyfitter_cfg.c **** }
  89              		.loc 1 193 0 is_stmt 1
ARM GAS  C:\Users\Mahe\AppData\Local\Temp\ccXnKOWV.s 			page 6


  90              		@ sp needed
  91              	.LVL10:
  92              	.LVL11:
  93 0030 F0BD     		pop	{r4, r5, r6, r7, pc}
  94              		.cfi_endproc
  95              	.LFE4:
  96              		.size	cfg_write_bytes32, .-cfg_write_bytes32
  97 0032 C046     		.section	.text.AnalogSetDefault,"ax",%progbits
  98              		.align	2
  99              		.code	16
 100              		.thumb_func
 101              		.type	AnalogSetDefault, %function
 102              	AnalogSetDefault:
 103              	.LFB6:
 194:Generated_Source\PSoC4/cyfitter_cfg.c **** 
 195:Generated_Source\PSoC4/cyfitter_cfg.c **** 
 196:Generated_Source\PSoC4/cyfitter_cfg.c **** /*******************************************************************************
 197:Generated_Source\PSoC4/cyfitter_cfg.c **** * Function Name: ClockSetup
 198:Generated_Source\PSoC4/cyfitter_cfg.c **** ********************************************************************************
 199:Generated_Source\PSoC4/cyfitter_cfg.c **** *
 200:Generated_Source\PSoC4/cyfitter_cfg.c **** * Summary:
 201:Generated_Source\PSoC4/cyfitter_cfg.c **** *   Performs the initialization of all of the clocks in the device based on the
 202:Generated_Source\PSoC4/cyfitter_cfg.c **** *   settings in the Clock tab of the DWR.  This includes enabling the requested
 203:Generated_Source\PSoC4/cyfitter_cfg.c **** *   clocks and setting the necessary dividers to produce the desired frequency. 
 204:Generated_Source\PSoC4/cyfitter_cfg.c **** *
 205:Generated_Source\PSoC4/cyfitter_cfg.c **** * Parameters:
 206:Generated_Source\PSoC4/cyfitter_cfg.c **** *   void
 207:Generated_Source\PSoC4/cyfitter_cfg.c **** *
 208:Generated_Source\PSoC4/cyfitter_cfg.c **** * Return:
 209:Generated_Source\PSoC4/cyfitter_cfg.c **** *   void
 210:Generated_Source\PSoC4/cyfitter_cfg.c **** *
 211:Generated_Source\PSoC4/cyfitter_cfg.c **** *******************************************************************************/
 212:Generated_Source\PSoC4/cyfitter_cfg.c **** static void ClockSetup(void);
 213:Generated_Source\PSoC4/cyfitter_cfg.c **** CY_CFG_SECTION
 214:Generated_Source\PSoC4/cyfitter_cfg.c **** static void ClockSetup(void)
 215:Generated_Source\PSoC4/cyfitter_cfg.c **** {
 216:Generated_Source\PSoC4/cyfitter_cfg.c **** 
 217:Generated_Source\PSoC4/cyfitter_cfg.c **** 	/* Set Flash Cycles based on max possible frequency in case a glitch occurs during ClockSetup(). *
 218:Generated_Source\PSoC4/cyfitter_cfg.c **** 	CY_SET_REG32((void CYXDATA *)(CYREG_CPUSS_FLASH_CTL), (0x0012u));
 219:Generated_Source\PSoC4/cyfitter_cfg.c **** 	/* Setup and trim IMO based on desired frequency. */
 220:Generated_Source\PSoC4/cyfitter_cfg.c **** 	CySysClkWriteImoFreq(48u);
 221:Generated_Source\PSoC4/cyfitter_cfg.c **** 	/* CYDEV_CLK_ILO_CONFIG Starting address: CYDEV_CLK_ILO_CONFIG */
 222:Generated_Source\PSoC4/cyfitter_cfg.c **** 	CY_SET_REG32((void *)(CYREG_CLK_ILO_CONFIG), 0x80000006u);
 223:Generated_Source\PSoC4/cyfitter_cfg.c **** 
 224:Generated_Source\PSoC4/cyfitter_cfg.c **** 
 225:Generated_Source\PSoC4/cyfitter_cfg.c **** 	/* Setup phase aligned clocks */
 226:Generated_Source\PSoC4/cyfitter_cfg.c **** 	CY_SET_REG32((void *)CYREG_PERI_DIV_16_CTL0, 0x00BB7F00u);
 227:Generated_Source\PSoC4/cyfitter_cfg.c **** 	CY_SET_REG32((void *)CYREG_PERI_DIV_CMD, 0x8000FF40u);
 228:Generated_Source\PSoC4/cyfitter_cfg.c **** 
 229:Generated_Source\PSoC4/cyfitter_cfg.c **** 	/* CYDEV_CLK_IMO_CONFIG Starting address: CYDEV_CLK_IMO_CONFIG */
 230:Generated_Source\PSoC4/cyfitter_cfg.c **** 	CY_SET_REG32((void *)(CYREG_CLK_IMO_CONFIG), 0x80000000u);
 231:Generated_Source\PSoC4/cyfitter_cfg.c **** 
 232:Generated_Source\PSoC4/cyfitter_cfg.c **** 	/* CYDEV_CLK_SELECT Starting address: CYDEV_CLK_SELECT */
 233:Generated_Source\PSoC4/cyfitter_cfg.c **** 	CY_SET_REG32((void *)(CYREG_CLK_SELECT), 0x00040000u);
 234:Generated_Source\PSoC4/cyfitter_cfg.c **** 
 235:Generated_Source\PSoC4/cyfitter_cfg.c **** 	/* CYDEV_PERI_PCLK_CTL11 Starting address: CYDEV_PERI_PCLK_CTL11 */
 236:Generated_Source\PSoC4/cyfitter_cfg.c **** 	CY_SET_REG32((void *)(CYREG_PERI_PCLK_CTL11), 0x00000040u);
ARM GAS  C:\Users\Mahe\AppData\Local\Temp\ccXnKOWV.s 			page 7


 237:Generated_Source\PSoC4/cyfitter_cfg.c **** 
 238:Generated_Source\PSoC4/cyfitter_cfg.c **** 	(void)CyIntSetVector(7u, &CySysWdtIsr);
 239:Generated_Source\PSoC4/cyfitter_cfg.c **** 	CyIntEnable(7u);
 240:Generated_Source\PSoC4/cyfitter_cfg.c **** 	CY_SET_REG32((void *)(CYREG_WDT_CONFIG), 0x00000000u);
 241:Generated_Source\PSoC4/cyfitter_cfg.c **** }
 242:Generated_Source\PSoC4/cyfitter_cfg.c **** 
 243:Generated_Source\PSoC4/cyfitter_cfg.c **** 
 244:Generated_Source\PSoC4/cyfitter_cfg.c **** /* Analog API Functions */
 245:Generated_Source\PSoC4/cyfitter_cfg.c **** 
 246:Generated_Source\PSoC4/cyfitter_cfg.c **** 
 247:Generated_Source\PSoC4/cyfitter_cfg.c **** /*******************************************************************************
 248:Generated_Source\PSoC4/cyfitter_cfg.c **** * Function Name: AnalogSetDefault
 249:Generated_Source\PSoC4/cyfitter_cfg.c **** ********************************************************************************
 250:Generated_Source\PSoC4/cyfitter_cfg.c **** *
 251:Generated_Source\PSoC4/cyfitter_cfg.c **** * Summary:
 252:Generated_Source\PSoC4/cyfitter_cfg.c **** *  Sets up the analog portions of the chip to default values based on chip
 253:Generated_Source\PSoC4/cyfitter_cfg.c **** *  configuration options from the project.
 254:Generated_Source\PSoC4/cyfitter_cfg.c **** *
 255:Generated_Source\PSoC4/cyfitter_cfg.c **** * Parameters:
 256:Generated_Source\PSoC4/cyfitter_cfg.c **** *  void
 257:Generated_Source\PSoC4/cyfitter_cfg.c **** *
 258:Generated_Source\PSoC4/cyfitter_cfg.c **** * Return:
 259:Generated_Source\PSoC4/cyfitter_cfg.c **** *  void
 260:Generated_Source\PSoC4/cyfitter_cfg.c **** *
 261:Generated_Source\PSoC4/cyfitter_cfg.c **** *******************************************************************************/
 262:Generated_Source\PSoC4/cyfitter_cfg.c **** static void AnalogSetDefault(void);
 263:Generated_Source\PSoC4/cyfitter_cfg.c **** static void AnalogSetDefault(void)
 264:Generated_Source\PSoC4/cyfitter_cfg.c **** {
 104              		.loc 1 264 0
 105              		.cfi_startproc
 106              		@ args = 0, pretend = 0, frame = 0
 107              		@ frame_needed = 0, uses_anonymous_args = 0
 108              		@ link register save eliminated.
 265:Generated_Source\PSoC4/cyfitter_cfg.c **** 	CY_SET_XTND_REG32((void CYFAR *)CYREG_CTBM0_DFT_CTRL, 0x00000003u);
 109              		.loc 1 265 0
 110 0000 0323     		movs	r3, #3
 111 0002 044A     		ldr	r2, .L7
 112 0004 1360     		str	r3, [r2]
 266:Generated_Source\PSoC4/cyfitter_cfg.c **** 	CY_SET_XTND_REG32((void CYFAR *)CYREG_CTBM1_DFT_CTRL, 0x00000003u);
 113              		.loc 1 266 0
 114 0006 044A     		ldr	r2, .L7+4
 115 0008 1360     		str	r3, [r2]
 267:Generated_Source\PSoC4/cyfitter_cfg.c **** 	CY_SET_XTND_REG32((void CYFAR *)CYREG_PASS_DSAB_DSAB_CTRL, 0x00000000u);
 116              		.loc 1 267 0
 117 000a 0022     		movs	r2, #0
 118 000c 034B     		ldr	r3, .L7+8
 119 000e 1A60     		str	r2, [r3]
 268:Generated_Source\PSoC4/cyfitter_cfg.c **** }
 120              		.loc 1 268 0
 121              		@ sp needed
 122 0010 7047     		bx	lr
 123              	.L8:
 124 0012 C046     		.align	2
 125              	.L7:
 126 0014 30003040 		.word	1076887600
 127 0018 30003140 		.word	1076953136
 128 001c 000E3F40 		.word	1077874176
ARM GAS  C:\Users\Mahe\AppData\Local\Temp\ccXnKOWV.s 			page 8


 129              		.cfi_endproc
 130              	.LFE6:
 131              		.size	AnalogSetDefault, .-AnalogSetDefault
 132              		.section	.text.CYMEMZERO,"ax",%progbits
 133              		.align	2
 134              		.code	16
 135              		.thumb_func
 136              		.type	CYMEMZERO, %function
 137              	CYMEMZERO:
 138              	.LFB1:
  77:Generated_Source\PSoC4/cyfitter_cfg.c **** 	(void)memset(s, 0, n);
 139              		.loc 1 77 0
 140              		.cfi_startproc
 141              		@ args = 0, pretend = 0, frame = 0
 142              		@ frame_needed = 0, uses_anonymous_args = 0
 143              	.LVL12:
 144 0000 10B5     		push	{r4, lr}
 145              		.cfi_def_cfa_offset 8
 146              		.cfi_offset 4, -8
 147              		.cfi_offset 14, -4
 148 0002 0A00     		movs	r2, r1
  78:Generated_Source\PSoC4/cyfitter_cfg.c **** }
 149              		.loc 1 78 0
 150 0004 0021     		movs	r1, #0
 151              	.LVL13:
 152 0006 FFF7FEFF 		bl	memset
 153              	.LVL14:
  79:Generated_Source\PSoC4/cyfitter_cfg.c **** CY_CFG_UNUSED
 154              		.loc 1 79 0
 155              		@ sp needed
 156 000a 10BD     		pop	{r4, pc}
 157              		.cfi_endproc
 158              	.LFE1:
 159              		.size	CYMEMZERO, .-CYMEMZERO
 160              		.section	.psocinit,"ax",%progbits
 161              		.align	2
 162              		.code	16
 163              		.thumb_func
 164              		.type	ClockSetup, %function
 165              	ClockSetup:
 166              	.LFB5:
 215:Generated_Source\PSoC4/cyfitter_cfg.c **** 
 167              		.loc 1 215 0
 168              		.cfi_startproc
 169              		@ args = 0, pretend = 0, frame = 0
 170              		@ frame_needed = 0, uses_anonymous_args = 0
 171 0000 10B5     		push	{r4, lr}
 172              		.cfi_def_cfa_offset 8
 173              		.cfi_offset 4, -8
 174              		.cfi_offset 14, -4
 218:Generated_Source\PSoC4/cyfitter_cfg.c **** 	/* Setup and trim IMO based on desired frequency. */
 175              		.loc 1 218 0
 176 0002 1222     		movs	r2, #18
 177 0004 114B     		ldr	r3, .L11
 178 0006 1A60     		str	r2, [r3]
 220:Generated_Source\PSoC4/cyfitter_cfg.c **** 	/* CYDEV_CLK_ILO_CONFIG Starting address: CYDEV_CLK_ILO_CONFIG */
 179              		.loc 1 220 0
ARM GAS  C:\Users\Mahe\AppData\Local\Temp\ccXnKOWV.s 			page 9


 180 0008 3020     		movs	r0, #48
 181 000a FFF7FEFF 		bl	CySysClkWriteImoFreq
 182              	.LVL15:
 222:Generated_Source\PSoC4/cyfitter_cfg.c **** 
 183              		.loc 1 222 0
 184 000e 104A     		ldr	r2, .L11+4
 185 0010 104B     		ldr	r3, .L11+8
 186 0012 1A60     		str	r2, [r3]
 226:Generated_Source\PSoC4/cyfitter_cfg.c **** 	CY_SET_REG32((void *)CYREG_PERI_DIV_CMD, 0x8000FF40u);
 187              		.loc 1 226 0
 188 0014 104A     		ldr	r2, .L11+12
 189 0016 114B     		ldr	r3, .L11+16
 190 0018 1A60     		str	r2, [r3]
 227:Generated_Source\PSoC4/cyfitter_cfg.c **** 
 191              		.loc 1 227 0
 192 001a 114A     		ldr	r2, .L11+20
 193 001c 114B     		ldr	r3, .L11+24
 194 001e 1A60     		str	r2, [r3]
 230:Generated_Source\PSoC4/cyfitter_cfg.c **** 
 195              		.loc 1 230 0
 196 0020 8022     		movs	r2, #128
 197 0022 1206     		lsls	r2, r2, #24
 198 0024 104B     		ldr	r3, .L11+28
 199 0026 1A60     		str	r2, [r3]
 233:Generated_Source\PSoC4/cyfitter_cfg.c **** 
 200              		.loc 1 233 0
 201 0028 8022     		movs	r2, #128
 202 002a D202     		lsls	r2, r2, #11
 203 002c 0F4B     		ldr	r3, .L11+32
 204 002e 1A60     		str	r2, [r3]
 236:Generated_Source\PSoC4/cyfitter_cfg.c **** 
 205              		.loc 1 236 0
 206 0030 4022     		movs	r2, #64
 207 0032 0F4B     		ldr	r3, .L11+36
 208 0034 1A60     		str	r2, [r3]
 238:Generated_Source\PSoC4/cyfitter_cfg.c **** 	CyIntEnable(7u);
 209              		.loc 1 238 0
 210 0036 0F49     		ldr	r1, .L11+40
 211 0038 0720     		movs	r0, #7
 212 003a FFF7FEFF 		bl	CyIntSetVector
 213              	.LVL16:
 239:Generated_Source\PSoC4/cyfitter_cfg.c **** 	CY_SET_REG32((void *)(CYREG_WDT_CONFIG), 0x00000000u);
 214              		.loc 1 239 0
 215 003e 0720     		movs	r0, #7
 216 0040 FFF7FEFF 		bl	CyIntEnable
 217              	.LVL17:
 240:Generated_Source\PSoC4/cyfitter_cfg.c **** }
 218              		.loc 1 240 0
 219 0044 0022     		movs	r2, #0
 220 0046 0C4B     		ldr	r3, .L11+44
 221 0048 1A60     		str	r2, [r3]
 241:Generated_Source\PSoC4/cyfitter_cfg.c **** 
 222              		.loc 1 241 0
 223              		@ sp needed
 224 004a 10BD     		pop	{r4, pc}
 225              	.L12:
 226              		.align	2
ARM GAS  C:\Users\Mahe\AppData\Local\Temp\ccXnKOWV.s 			page 10


 227              	.L11:
 228 004c 30001040 		.word	1074790448
 229 0050 06000080 		.word	-2147483642
 230 0054 04010B40 		.word	1074462980
 231 0058 007FBB00 		.word	12287744
 232 005c 00030140 		.word	1073808128
 233 0060 40FF0080 		.word	-2147418304
 234 0064 00000140 		.word	1073807360
 235 0068 08010B40 		.word	1074462984
 236 006c 00010B40 		.word	1074462976
 237 0070 2C010140 		.word	1073807660
 238 0074 00000000 		.word	CySysWdtIsr
 239 0078 0C020B40 		.word	1074463244
 240              		.cfi_endproc
 241              	.LFE5:
 242              		.size	ClockSetup, .-ClockSetup
 243              		.align	2
 244              		.global	cyfitter_cfg
 245              		.code	16
 246              		.thumb_func
 247              		.type	cyfitter_cfg, %function
 248              	cyfitter_cfg:
 249              	.LFB7:
 269:Generated_Source\PSoC4/cyfitter_cfg.c **** 
 270:Generated_Source\PSoC4/cyfitter_cfg.c **** 
 271:Generated_Source\PSoC4/cyfitter_cfg.c **** 
 272:Generated_Source\PSoC4/cyfitter_cfg.c **** 
 273:Generated_Source\PSoC4/cyfitter_cfg.c **** /*******************************************************************************
 274:Generated_Source\PSoC4/cyfitter_cfg.c **** * Function Name: cyfitter_cfg
 275:Generated_Source\PSoC4/cyfitter_cfg.c **** ********************************************************************************
 276:Generated_Source\PSoC4/cyfitter_cfg.c **** * Summary:
 277:Generated_Source\PSoC4/cyfitter_cfg.c **** *  This function is called by the start-up code for the selected device. It
 278:Generated_Source\PSoC4/cyfitter_cfg.c **** *  performs all of the necessary device configuration based on the design
 279:Generated_Source\PSoC4/cyfitter_cfg.c **** *  settings.  This includes settings from the Design Wide Resources (DWR) such
 280:Generated_Source\PSoC4/cyfitter_cfg.c **** *  as Clocks and Pins as well as any component configuration that is necessary.
 281:Generated_Source\PSoC4/cyfitter_cfg.c **** *
 282:Generated_Source\PSoC4/cyfitter_cfg.c **** * Parameters:
 283:Generated_Source\PSoC4/cyfitter_cfg.c **** *   void
 284:Generated_Source\PSoC4/cyfitter_cfg.c **** *
 285:Generated_Source\PSoC4/cyfitter_cfg.c **** * Return:
 286:Generated_Source\PSoC4/cyfitter_cfg.c **** *   void
 287:Generated_Source\PSoC4/cyfitter_cfg.c **** *
 288:Generated_Source\PSoC4/cyfitter_cfg.c **** *******************************************************************************/
 289:Generated_Source\PSoC4/cyfitter_cfg.c **** CY_CFG_SECTION
 290:Generated_Source\PSoC4/cyfitter_cfg.c **** void cyfitter_cfg(void)
 291:Generated_Source\PSoC4/cyfitter_cfg.c **** {
 250              		.loc 1 291 0
 251              		.cfi_startproc
 252              		@ args = 0, pretend = 0, frame = 0
 253              		@ frame_needed = 0, uses_anonymous_args = 0
 254 007c 10B5     		push	{r4, lr}
 255              		.cfi_def_cfa_offset 8
 256              		.cfi_offset 4, -8
 257              		.cfi_offset 14, -4
 292:Generated_Source\PSoC4/cyfitter_cfg.c **** 	/* Disable interrupts by default. Let user enable if/when they want. */
 293:Generated_Source\PSoC4/cyfitter_cfg.c **** 	CyGlobalIntDisable;
 258              		.loc 1 293 0
ARM GAS  C:\Users\Mahe\AppData\Local\Temp\ccXnKOWV.s 			page 11


 259              		.syntax divided
 260              	@ 293 "Generated_Source\PSoC4\cyfitter_cfg.c" 1
 261 007e 72B6     		CPSID   i
 262              	@ 0 "" 2
 294:Generated_Source\PSoC4/cyfitter_cfg.c **** 
 295:Generated_Source\PSoC4/cyfitter_cfg.c **** 	/* Enable the clock in the interrupt controller for the routed interrupts */
 296:Generated_Source\PSoC4/cyfitter_cfg.c **** 	CY_SET_REG8((void *)CYREG_UDB_UDBIF_INT_CLK_CTL, 0x01u);
 263              		.loc 1 296 0
 264              		.thumb
 265              		.syntax unified
 266 0080 0122     		movs	r2, #1
 267 0082 254B     		ldr	r3, .L16
 268 0084 1A70     		strb	r2, [r3]
 269              	.LVL18:
 270              	.LBB3:
 297:Generated_Source\PSoC4/cyfitter_cfg.c **** 	{
 298:Generated_Source\PSoC4/cyfitter_cfg.c **** 		static const uint32 CYCODE cy_cfg_addr_table[] = {
 299:Generated_Source\PSoC4/cyfitter_cfg.c **** 			0x400F4004u, /* Base address: 0x400F4000 Count: 4 */
 300:Generated_Source\PSoC4/cyfitter_cfg.c **** 		};
 301:Generated_Source\PSoC4/cyfitter_cfg.c **** 
 302:Generated_Source\PSoC4/cyfitter_cfg.c **** 		static const cy_cfg_addrvalue_t CYCODE cy_cfg_data_table[] = {
 303:Generated_Source\PSoC4/cyfitter_cfg.c **** 			{0x0Eu, 0x04u},
 304:Generated_Source\PSoC4/cyfitter_cfg.c **** 			{0x6Au, 0x04u},
 305:Generated_Source\PSoC4/cyfitter_cfg.c **** 			{0xC2u, 0x80u},
 306:Generated_Source\PSoC4/cyfitter_cfg.c **** 			{0xDAu, 0x40u},
 307:Generated_Source\PSoC4/cyfitter_cfg.c **** 		};
 308:Generated_Source\PSoC4/cyfitter_cfg.c **** 
 309:Generated_Source\PSoC4/cyfitter_cfg.c **** 
 310:Generated_Source\PSoC4/cyfitter_cfg.c **** 
 311:Generated_Source\PSoC4/cyfitter_cfg.c **** 		CYPACKED typedef struct {
 312:Generated_Source\PSoC4/cyfitter_cfg.c **** 			void CYFAR *address;
 313:Generated_Source\PSoC4/cyfitter_cfg.c **** 			uint16 size;
 314:Generated_Source\PSoC4/cyfitter_cfg.c **** 		} CYPACKED_ATTR cfg_memset_t;
 315:Generated_Source\PSoC4/cyfitter_cfg.c **** 
 316:Generated_Source\PSoC4/cyfitter_cfg.c **** 		static const cfg_memset_t CYCODE cfg_memset_list[] = {
 317:Generated_Source\PSoC4/cyfitter_cfg.c **** 			/* address, size */
 318:Generated_Source\PSoC4/cyfitter_cfg.c **** 			{(void CYFAR *)(CYDEV_UDB_P0_U0_BASE), 1024u},
 319:Generated_Source\PSoC4/cyfitter_cfg.c **** 			{(void CYFAR *)(CYDEV_UDB_DSI0_BASE), 1024u},
 320:Generated_Source\PSoC4/cyfitter_cfg.c **** 		};
 321:Generated_Source\PSoC4/cyfitter_cfg.c **** 
 322:Generated_Source\PSoC4/cyfitter_cfg.c **** 		uint8 CYDATA i;
 323:Generated_Source\PSoC4/cyfitter_cfg.c **** 
 324:Generated_Source\PSoC4/cyfitter_cfg.c **** 		/* Zero out critical memory blocks before beginning configuration */
 325:Generated_Source\PSoC4/cyfitter_cfg.c **** 		for (i = 0u; i < (sizeof(cfg_memset_list)/sizeof(cfg_memset_list[0])); i++)
 271              		.loc 1 325 0
 272 0086 0024     		movs	r4, #0
 273 0088 0FE0     		b	.L14
 274              	.LVL19:
 275              	.L15:
 276              	.LBB4:
 326:Generated_Source\PSoC4/cyfitter_cfg.c **** 		{
 327:Generated_Source\PSoC4/cyfitter_cfg.c **** 			const cfg_memset_t CYCODE * CYDATA ms = &cfg_memset_list[i];
 328:Generated_Source\PSoC4/cyfitter_cfg.c **** 			CYMEMZERO(ms->address, (size_t)(uint32)(ms->size));
 277              		.loc 1 328 0 discriminator 3
 278 008a 2448     		ldr	r0, .L16+4
 279 008c 6200     		lsls	r2, r4, #1
 280 008e 1319     		adds	r3, r2, r4
ARM GAS  C:\Users\Mahe\AppData\Local\Temp\ccXnKOWV.s 			page 12


 281 0090 5900     		lsls	r1, r3, #1
 282 0092 0B00     		movs	r3, r1
 283 0094 4118     		adds	r1, r0, r1
 284 0096 8988     		ldrh	r1, [r1, #4]
 285 0098 1A5A     		ldrh	r2, [r3, r0]
 286 009a C318     		adds	r3, r0, r3
 287 009c 5888     		ldrh	r0, [r3, #2]
 288 009e 0004     		lsls	r0, r0, #16
 289 00a0 1043     		orrs	r0, r2
 290 00a2 FFF7FEFF 		bl	CYMEMZERO
 291              	.LVL20:
 292              	.LBE4:
 325:Generated_Source\PSoC4/cyfitter_cfg.c **** 		{
 293              		.loc 1 325 0 discriminator 3
 294 00a6 0134     		adds	r4, r4, #1
 295              	.LVL21:
 296 00a8 E4B2     		uxtb	r4, r4
 297              	.LVL22:
 298              	.L14:
 325:Generated_Source\PSoC4/cyfitter_cfg.c **** 		{
 299              		.loc 1 325 0 is_stmt 0 discriminator 1
 300 00aa 012C     		cmp	r4, #1
 301 00ac EDD9     		bls	.L15
 329:Generated_Source\PSoC4/cyfitter_cfg.c **** 		}
 330:Generated_Source\PSoC4/cyfitter_cfg.c **** 
 331:Generated_Source\PSoC4/cyfitter_cfg.c **** 		cfg_write_bytes32(cy_cfg_addr_table, cy_cfg_data_table);
 302              		.loc 1 331 0 is_stmt 1
 303 00ae 1B48     		ldr	r0, .L16+4
 304 00b0 0100     		movs	r1, r0
 305 00b2 0C31     		adds	r1, r1, #12
 306 00b4 1430     		adds	r0, r0, #20
 307 00b6 FFF7FEFF 		bl	cfg_write_bytes32
 308              	.LVL23:
 332:Generated_Source\PSoC4/cyfitter_cfg.c **** 
 333:Generated_Source\PSoC4/cyfitter_cfg.c **** 		/* HSIOM Starting address: CYDEV_HSIOM_BASE */
 334:Generated_Source\PSoC4/cyfitter_cfg.c **** 		CY_SET_REG32((void *)(CYREG_HSIOM_PORT_SEL3), 0x0000EE00u);
 309              		.loc 1 334 0
 310 00ba EE22     		movs	r2, #238
 311 00bc 1202     		lsls	r2, r2, #8
 312 00be 184B     		ldr	r3, .L16+8
 313 00c0 1A60     		str	r2, [r3]
 335:Generated_Source\PSoC4/cyfitter_cfg.c **** 
 336:Generated_Source\PSoC4/cyfitter_cfg.c **** 		/* UDB_PA_0 Starting address: CYDEV_UDB_PA0_BASE */
 337:Generated_Source\PSoC4/cyfitter_cfg.c **** 		CY_SET_REG32((void *)(CYDEV_UDB_PA0_BASE), 0x00990000u);
 314              		.loc 1 337 0
 315 00c2 9923     		movs	r3, #153
 316 00c4 1B04     		lsls	r3, r3, #16
 317 00c6 174A     		ldr	r2, .L16+12
 318 00c8 1360     		str	r3, [r2]
 338:Generated_Source\PSoC4/cyfitter_cfg.c **** 
 339:Generated_Source\PSoC4/cyfitter_cfg.c **** 		/* UDB_PA_2 Starting address: CYDEV_UDB_PA2_BASE */
 340:Generated_Source\PSoC4/cyfitter_cfg.c **** 		CY_SET_REG32((void *)(CYDEV_UDB_PA2_BASE), 0x00990000u);
 319              		.loc 1 340 0
 320 00ca 174A     		ldr	r2, .L16+16
 321 00cc 1360     		str	r3, [r2]
 341:Generated_Source\PSoC4/cyfitter_cfg.c **** 
 342:Generated_Source\PSoC4/cyfitter_cfg.c **** 		/* UDB_PA_3 Starting address: CYDEV_UDB_PA3_BASE */
ARM GAS  C:\Users\Mahe\AppData\Local\Temp\ccXnKOWV.s 			page 13


 343:Generated_Source\PSoC4/cyfitter_cfg.c **** 		CY_SET_REG32((void *)(CYDEV_UDB_PA3_BASE), 0x00990000u);
 322              		.loc 1 343 0
 323 00ce 174A     		ldr	r2, .L16+20
 324 00d0 1360     		str	r3, [r2]
 344:Generated_Source\PSoC4/cyfitter_cfg.c **** 
 345:Generated_Source\PSoC4/cyfitter_cfg.c **** 		/* INT_SELECT Starting address: CYDEV_CPUSS_INT_SEL */
 346:Generated_Source\PSoC4/cyfitter_cfg.c **** 		CY_SET_REG32((void *)(CYREG_CPUSS_INT_SEL), 0x00000001u);
 325              		.loc 1 346 0
 326 00d2 0123     		movs	r3, #1
 327 00d4 164A     		ldr	r2, .L16+24
 328 00d6 1360     		str	r3, [r2]
 347:Generated_Source\PSoC4/cyfitter_cfg.c **** 
 348:Generated_Source\PSoC4/cyfitter_cfg.c **** 		/* INT_CONFIG Starting address: CYDEV_UDB_INT_CFG */
 349:Generated_Source\PSoC4/cyfitter_cfg.c **** 		CY_SET_REG32((void *)(CYREG_UDB_INT_CFG), 0x00000001u);
 329              		.loc 1 349 0
 330 00d8 164A     		ldr	r2, .L16+28
 331 00da 1360     		str	r3, [r2]
 350:Generated_Source\PSoC4/cyfitter_cfg.c **** 
 351:Generated_Source\PSoC4/cyfitter_cfg.c **** 		/* Enable digital routing */
 352:Generated_Source\PSoC4/cyfitter_cfg.c **** 		CY_SET_XTND_REG8((void *)CYREG_UDB_UDBIF_BANK_CTL, (uint8)(CY_GET_XTND_REG8((void *)CYREG_UDB_UDB
 332              		.loc 1 352 0
 333 00dc 164A     		ldr	r2, .L16+32
 334 00de 1178     		ldrb	r1, [r2]
 335 00e0 0623     		movs	r3, #6
 336 00e2 0B43     		orrs	r3, r1
 337 00e4 DBB2     		uxtb	r3, r3
 338 00e6 1370     		strb	r3, [r2]
 339              	.LBE3:
 353:Generated_Source\PSoC4/cyfitter_cfg.c **** 	}
 354:Generated_Source\PSoC4/cyfitter_cfg.c **** 
 355:Generated_Source\PSoC4/cyfitter_cfg.c **** 	/* Perform second pass device configuration. These items must be configured in specific order afte
 356:Generated_Source\PSoC4/cyfitter_cfg.c **** 	/* IOPINS0_0 Starting address: CYDEV_GPIO_PRT0_BASE */
 357:Generated_Source\PSoC4/cyfitter_cfg.c **** 	CY_SET_REG32((void *)(CYDEV_GPIO_PRT0_BASE), 0x000000C0u);
 340              		.loc 1 357 0
 341 00e8 C022     		movs	r2, #192
 342 00ea 144B     		ldr	r3, .L16+36
 343 00ec 1A60     		str	r2, [r3]
 358:Generated_Source\PSoC4/cyfitter_cfg.c **** 	CY_SET_REG32((void *)(CYREG_GPIO_PRT0_PC), 0x00580000u);
 344              		.loc 1 358 0
 345 00ee B022     		movs	r2, #176
 346 00f0 D203     		lsls	r2, r2, #15
 347 00f2 134B     		ldr	r3, .L16+40
 348 00f4 1A60     		str	r2, [r3]
 359:Generated_Source\PSoC4/cyfitter_cfg.c **** 
 360:Generated_Source\PSoC4/cyfitter_cfg.c **** 	/* IOPINS0_2 Starting address: CYDEV_GPIO_PRT2_BASE */
 361:Generated_Source\PSoC4/cyfitter_cfg.c **** 	CY_SET_REG32((void *)(CYDEV_GPIO_PRT2_BASE), 0x00000040u);
 349              		.loc 1 361 0
 350 00f6 4022     		movs	r2, #64
 351 00f8 124B     		ldr	r3, .L16+44
 352 00fa 1A60     		str	r2, [r3]
 362:Generated_Source\PSoC4/cyfitter_cfg.c **** 	CY_SET_REG32((void *)(CYREG_GPIO_PRT2_PC), 0x00180000u);
 353              		.loc 1 362 0
 354 00fc C022     		movs	r2, #192
 355 00fe 5203     		lsls	r2, r2, #13
 356 0100 114B     		ldr	r3, .L16+48
 357 0102 1A60     		str	r2, [r3]
 363:Generated_Source\PSoC4/cyfitter_cfg.c **** 
ARM GAS  C:\Users\Mahe\AppData\Local\Temp\ccXnKOWV.s 			page 14


 364:Generated_Source\PSoC4/cyfitter_cfg.c **** 	/* IOPINS0_3 Starting address: CYDEV_GPIO_PRT3_BASE */
 365:Generated_Source\PSoC4/cyfitter_cfg.c **** 	CY_SET_REG32((void *)(CYREG_GPIO_PRT3_PC), 0x00000D80u);
 358              		.loc 1 365 0
 359 0104 D822     		movs	r2, #216
 360 0106 1201     		lsls	r2, r2, #4
 361 0108 104B     		ldr	r3, .L16+52
 362 010a 1A60     		str	r2, [r3]
 366:Generated_Source\PSoC4/cyfitter_cfg.c **** 
 367:Generated_Source\PSoC4/cyfitter_cfg.c **** 
 368:Generated_Source\PSoC4/cyfitter_cfg.c **** 	/* Setup clocks based on selections from Clock DWR */
 369:Generated_Source\PSoC4/cyfitter_cfg.c **** 	ClockSetup();
 363              		.loc 1 369 0
 364 010c FFF778FF 		bl	ClockSetup
 365              	.LVL24:
 370:Generated_Source\PSoC4/cyfitter_cfg.c **** 
 371:Generated_Source\PSoC4/cyfitter_cfg.c **** 	/* Perform basic analog initialization to defaults */
 372:Generated_Source\PSoC4/cyfitter_cfg.c **** 	AnalogSetDefault();
 366              		.loc 1 372 0
 367 0110 FFF7FEFF 		bl	AnalogSetDefault
 368              	.LVL25:
 373:Generated_Source\PSoC4/cyfitter_cfg.c **** 
 374:Generated_Source\PSoC4/cyfitter_cfg.c **** }
 369              		.loc 1 374 0
 370              		@ sp needed
 371              	.LVL26:
 372 0114 10BD     		pop	{r4, pc}
 373              	.L17:
 374 0116 C046     		.align	2
 375              	.L16:
 376 0118 1C700F40 		.word	1074753564
 377 011c 00000000 		.word	.LANCHOR0
 378 0120 00030240 		.word	1073873664
 379 0124 00500F40 		.word	1074745344
 380 0128 20500F40 		.word	1074745376
 381 012c 30500F40 		.word	1074745392
 382 0130 20001040 		.word	1074790432
 383 0134 00800F40 		.word	1074757632
 384 0138 00700F40 		.word	1074753536
 385 013c 00000440 		.word	1074003968
 386 0140 08000440 		.word	1074003976
 387 0144 00020440 		.word	1074004480
 388 0148 08020440 		.word	1074004488
 389 014c 08030440 		.word	1074004744
 390              		.cfi_endproc
 391              	.LFE7:
 392              		.size	cyfitter_cfg, .-cyfitter_cfg
 393              		.section	.rodata
 394              		.align	2
 395              		.set	.LANCHOR0,. + 0
 396              		.type	cfg_memset_list.4911, %object
 397              		.size	cfg_memset_list.4911, 12
 398              	cfg_memset_list.4911:
 399 0000 00300F40 		.word	1074737152
 400 0004 0004     		.short	1024
 401 0006 00400F40 		.4byte	1074741248
 402 000a 0004     		.short	1024
 403              		.type	cy_cfg_data_table.4906, %object
ARM GAS  C:\Users\Mahe\AppData\Local\Temp\ccXnKOWV.s 			page 15


 404              		.size	cy_cfg_data_table.4906, 8
 405              	cy_cfg_data_table.4906:
 406 000c 0E       		.byte	14
 407 000d 04       		.byte	4
 408 000e 6A       		.byte	106
 409 000f 04       		.byte	4
 410 0010 C2       		.byte	-62
 411 0011 80       		.byte	-128
 412 0012 DA       		.byte	-38
 413 0013 40       		.byte	64
 414              		.type	cy_cfg_addr_table.4905, %object
 415              		.size	cy_cfg_addr_table.4905, 4
 416              	cy_cfg_addr_table.4905:
 417 0014 04400F40 		.word	1074741252
 418              		.text
 419              	.Letext0:
 420              		.file 2 "c:\\program files (x86)\\cypress\\psoc creator\\4.1\\psoc creator\\import\\gnu\\arm\\5.4.
 421              		.file 3 "Generated_Source\\PSoC4\\cytypes.h"
 422              		.file 4 "Generated_Source\\PSoC4\\CyLib.h"
 423              		.section	.debug_info,"",%progbits
 424              	.Ldebug_info0:
 425 0000 B8030000 		.4byte	0x3b8
 426 0004 0400     		.2byte	0x4
 427 0006 00000000 		.4byte	.Ldebug_abbrev0
 428 000a 04       		.byte	0x4
 429 000b 01       		.uleb128 0x1
 430 000c 98010000 		.4byte	.LASF39
 431 0010 0C       		.byte	0xc
 432 0011 C5020000 		.4byte	.LASF40
 433 0015 41010000 		.4byte	.LASF41
 434 0019 00000000 		.4byte	.Ldebug_ranges0+0
 435 001d 00000000 		.4byte	0
 436 0021 00000000 		.4byte	.Ldebug_line0
 437 0025 02       		.uleb128 0x2
 438 0026 04       		.byte	0x4
 439 0027 05       		.byte	0x5
 440 0028 696E7400 		.ascii	"int\000"
 441 002c 03       		.uleb128 0x3
 442 002d 06000000 		.4byte	.LASF12
 443 0031 02       		.byte	0x2
 444 0032 D8       		.byte	0xd8
 445 0033 37000000 		.4byte	0x37
 446 0037 04       		.uleb128 0x4
 447 0038 04       		.byte	0x4
 448 0039 07       		.byte	0x7
 449 003a 08010000 		.4byte	.LASF0
 450 003e 04       		.uleb128 0x4
 451 003f 08       		.byte	0x8
 452 0040 05       		.byte	0x5
 453 0041 58020000 		.4byte	.LASF1
 454 0045 04       		.uleb128 0x4
 455 0046 08       		.byte	0x8
 456 0047 04       		.byte	0x4
 457 0048 AD020000 		.4byte	.LASF2
 458 004c 04       		.uleb128 0x4
 459 004d 01       		.byte	0x1
 460 004e 06       		.byte	0x6
ARM GAS  C:\Users\Mahe\AppData\Local\Temp\ccXnKOWV.s 			page 16


 461 004f B9020000 		.4byte	.LASF3
 462 0053 04       		.uleb128 0x4
 463 0054 01       		.byte	0x1
 464 0055 08       		.byte	0x8
 465 0056 AA000000 		.4byte	.LASF4
 466 005a 04       		.uleb128 0x4
 467 005b 02       		.byte	0x2
 468 005c 05       		.byte	0x5
 469 005d 85020000 		.4byte	.LASF5
 470 0061 04       		.uleb128 0x4
 471 0062 02       		.byte	0x2
 472 0063 07       		.byte	0x7
 473 0064 45020000 		.4byte	.LASF6
 474 0068 04       		.uleb128 0x4
 475 0069 04       		.byte	0x4
 476 006a 05       		.byte	0x5
 477 006b A4020000 		.4byte	.LASF7
 478 006f 04       		.uleb128 0x4
 479 0070 04       		.byte	0x4
 480 0071 07       		.byte	0x7
 481 0072 88000000 		.4byte	.LASF8
 482 0076 04       		.uleb128 0x4
 483 0077 08       		.byte	0x8
 484 0078 07       		.byte	0x7
 485 0079 2A010000 		.4byte	.LASF9
 486 007d 04       		.uleb128 0x4
 487 007e 04       		.byte	0x4
 488 007f 07       		.byte	0x7
 489 0080 3C020000 		.4byte	.LASF10
 490 0084 05       		.uleb128 0x5
 491 0085 04       		.byte	0x4
 492 0086 04       		.uleb128 0x4
 493 0087 01       		.byte	0x1
 494 0088 08       		.byte	0x8
 495 0089 66020000 		.4byte	.LASF11
 496 008d 06       		.uleb128 0x6
 497 008e 9A000000 		.4byte	.LASF13
 498 0092 03       		.byte	0x3
 499 0093 D201     		.2byte	0x1d2
 500 0095 53000000 		.4byte	0x53
 501 0099 06       		.uleb128 0x6
 502 009a EF000000 		.4byte	.LASF14
 503 009e 03       		.byte	0x3
 504 009f D301     		.2byte	0x1d3
 505 00a1 61000000 		.4byte	0x61
 506 00a5 06       		.uleb128 0x6
 507 00a6 01010000 		.4byte	.LASF15
 508 00aa 03       		.byte	0x3
 509 00ab D401     		.2byte	0x1d4
 510 00ad 6F000000 		.4byte	0x6f
 511 00b1 04       		.uleb128 0x4
 512 00b2 04       		.byte	0x4
 513 00b3 04       		.byte	0x4
 514 00b4 68000000 		.4byte	.LASF16
 515 00b8 04       		.uleb128 0x4
 516 00b9 08       		.byte	0x8
 517 00ba 04       		.byte	0x4
ARM GAS  C:\Users\Mahe\AppData\Local\Temp\ccXnKOWV.s 			page 17


 518 00bb BF000000 		.4byte	.LASF17
 519 00bf 06       		.uleb128 0x6
 520 00c0 83000000 		.4byte	.LASF18
 521 00c4 03       		.byte	0x3
 522 00c5 7C02     		.2byte	0x27c
 523 00c7 CB000000 		.4byte	0xcb
 524 00cb 07       		.uleb128 0x7
 525 00cc 8D000000 		.4byte	0x8d
 526 00d0 06       		.uleb128 0x6
 527 00d1 00000000 		.4byte	.LASF19
 528 00d5 03       		.byte	0x3
 529 00d6 7E02     		.2byte	0x27e
 530 00d8 DC000000 		.4byte	0xdc
 531 00dc 07       		.uleb128 0x7
 532 00dd A5000000 		.4byte	0xa5
 533 00e1 08       		.uleb128 0x8
 534 00e2 02       		.byte	0x2
 535 00e3 01       		.byte	0x1
 536 00e4 9A       		.byte	0x9a
 537 00e5 02010000 		.4byte	0x102
 538 00e9 09       		.uleb128 0x9
 539 00ea 7E020000 		.4byte	.LASF20
 540 00ee 01       		.byte	0x1
 541 00ef 9C       		.byte	0x9c
 542 00f0 8D000000 		.4byte	0x8d
 543 00f4 00       		.byte	0
 544 00f5 09       		.uleb128 0x9
 545 00f6 2D000000 		.4byte	.LASF21
 546 00fa 01       		.byte	0x1
 547 00fb 9D       		.byte	0x9d
 548 00fc 8D000000 		.4byte	0x8d
 549 0100 01       		.byte	0x1
 550 0101 00       		.byte	0
 551 0102 03       		.uleb128 0x3
 552 0103 6B020000 		.4byte	.LASF22
 553 0107 01       		.byte	0x1
 554 0108 9E       		.byte	0x9e
 555 0109 E1000000 		.4byte	0xe1
 556 010d 0A       		.uleb128 0xa
 557 010e C6000000 		.4byte	.LASF27
 558 0112 01       		.byte	0x1
 559 0113 B1       		.byte	0xb1
 560 0114 00000000 		.4byte	.LFB4
 561 0118 32000000 		.4byte	.LFE4-.LFB4
 562 011c 01       		.uleb128 0x1
 563 011d 9C       		.byte	0x9c
 564 011e 7F010000 		.4byte	0x17f
 565 0122 0B       		.uleb128 0xb
 566 0123 E4000000 		.4byte	.LASF23
 567 0127 01       		.byte	0x1
 568 0128 B1       		.byte	0xb1
 569 0129 7F010000 		.4byte	0x17f
 570 012d 01       		.uleb128 0x1
 571 012e 50       		.byte	0x50
 572 012f 0B       		.uleb128 0xb
 573 0130 F6000000 		.4byte	.LASF24
 574 0134 01       		.byte	0x1
ARM GAS  C:\Users\Mahe\AppData\Local\Temp\ccXnKOWV.s 			page 18


 575 0135 B1       		.byte	0xb1
 576 0136 8A010000 		.4byte	0x18a
 577 013a 01       		.uleb128 0x1
 578 013b 51       		.byte	0x51
 579 013c 0C       		.uleb128 0xc
 580 013d 6900     		.ascii	"i\000"
 581 013f 01       		.byte	0x1
 582 0140 B4       		.byte	0xb4
 583 0141 A5000000 		.4byte	0xa5
 584 0145 00000000 		.4byte	.LLST0
 585 0149 0C       		.uleb128 0xc
 586 014a 6A00     		.ascii	"j\000"
 587 014c 01       		.byte	0x1
 588 014d B4       		.byte	0xb4
 589 014e A5000000 		.4byte	0xa5
 590 0152 1F000000 		.4byte	.LLST1
 591 0156 0D       		.uleb128 0xd
 592 0157 08000000 		.4byte	.LBB2
 593 015b 22000000 		.4byte	.LBE2-.LBB2
 594 015f 0E       		.uleb128 0xe
 595 0160 33020000 		.4byte	.LASF25
 596 0164 01       		.byte	0x1
 597 0165 B7       		.byte	0xb7
 598 0166 A5000000 		.4byte	0xa5
 599 016a 3E000000 		.4byte	.LLST2
 600 016e 0E       		.uleb128 0xe
 601 016f 33000000 		.4byte	.LASF26
 602 0173 01       		.byte	0x1
 603 0174 B8       		.byte	0xb8
 604 0175 8D000000 		.4byte	0x8d
 605 0179 51000000 		.4byte	.LLST3
 606 017d 00       		.byte	0
 607 017e 00       		.byte	0
 608 017f 0F       		.uleb128 0xf
 609 0180 04       		.byte	0x4
 610 0181 85010000 		.4byte	0x185
 611 0185 10       		.uleb128 0x10
 612 0186 A5000000 		.4byte	0xa5
 613 018a 0F       		.uleb128 0xf
 614 018b 04       		.byte	0x4
 615 018c 90010000 		.4byte	0x190
 616 0190 10       		.uleb128 0x10
 617 0191 02010000 		.4byte	0x102
 618 0195 11       		.uleb128 0x11
 619 0196 0D000000 		.4byte	.LASF42
 620 019a 01       		.byte	0x1
 621 019b 0701     		.2byte	0x107
 622 019d 00000000 		.4byte	.LFB6
 623 01a1 20000000 		.4byte	.LFE6-.LFB6
 624 01a5 01       		.uleb128 0x1
 625 01a6 9C       		.byte	0x9c
 626 01a7 0A       		.uleb128 0xa
 627 01a8 A0000000 		.4byte	.LASF28
 628 01ac 01       		.byte	0x1
 629 01ad 4C       		.byte	0x4c
 630 01ae 00000000 		.4byte	.LFB1
 631 01b2 0C000000 		.4byte	.LFE1-.LFB1
ARM GAS  C:\Users\Mahe\AppData\Local\Temp\ccXnKOWV.s 			page 19


 632 01b6 01       		.uleb128 0x1
 633 01b7 9C       		.byte	0x9c
 634 01b8 F4010000 		.4byte	0x1f4
 635 01bc 12       		.uleb128 0x12
 636 01bd 7300     		.ascii	"s\000"
 637 01bf 01       		.byte	0x1
 638 01c0 4C       		.byte	0x4c
 639 01c1 84000000 		.4byte	0x84
 640 01c5 6F000000 		.4byte	.LLST4
 641 01c9 12       		.uleb128 0x12
 642 01ca 6E00     		.ascii	"n\000"
 643 01cc 01       		.byte	0x1
 644 01cd 4C       		.byte	0x4c
 645 01ce 2C000000 		.4byte	0x2c
 646 01d2 90000000 		.4byte	.LLST5
 647 01d6 13       		.uleb128 0x13
 648 01d7 0A000000 		.4byte	.LVL14
 649 01db 91030000 		.4byte	0x391
 650 01df 14       		.uleb128 0x14
 651 01e0 01       		.uleb128 0x1
 652 01e1 50       		.byte	0x50
 653 01e2 03       		.uleb128 0x3
 654 01e3 F3       		.byte	0xf3
 655 01e4 01       		.uleb128 0x1
 656 01e5 50       		.byte	0x50
 657 01e6 14       		.uleb128 0x14
 658 01e7 01       		.uleb128 0x1
 659 01e8 51       		.byte	0x51
 660 01e9 01       		.uleb128 0x1
 661 01ea 30       		.byte	0x30
 662 01eb 14       		.uleb128 0x14
 663 01ec 01       		.uleb128 0x1
 664 01ed 52       		.byte	0x52
 665 01ee 03       		.uleb128 0x3
 666 01ef F3       		.byte	0xf3
 667 01f0 01       		.uleb128 0x1
 668 01f1 51       		.byte	0x51
 669 01f2 00       		.byte	0
 670 01f3 00       		.byte	0
 671 01f4 0A       		.uleb128 0xa
 672 01f5 39000000 		.4byte	.LASF29
 673 01f9 01       		.byte	0x1
 674 01fa D6       		.byte	0xd6
 675 01fb 00000000 		.4byte	.LFB5
 676 01ff 7C000000 		.4byte	.LFE5-.LFB5
 677 0203 01       		.uleb128 0x1
 678 0204 9C       		.byte	0x9c
 679 0205 40020000 		.4byte	0x240
 680 0209 15       		.uleb128 0x15
 681 020a 0E000000 		.4byte	.LVL15
 682 020e 9A030000 		.4byte	0x39a
 683 0212 1D020000 		.4byte	0x21d
 684 0216 14       		.uleb128 0x14
 685 0217 01       		.uleb128 0x1
 686 0218 50       		.byte	0x50
 687 0219 02       		.uleb128 0x2
 688 021a 08       		.byte	0x8
ARM GAS  C:\Users\Mahe\AppData\Local\Temp\ccXnKOWV.s 			page 20


 689 021b 30       		.byte	0x30
 690 021c 00       		.byte	0
 691 021d 15       		.uleb128 0x15
 692 021e 3E000000 		.4byte	.LVL16
 693 0222 A5030000 		.4byte	0x3a5
 694 0226 30020000 		.4byte	0x230
 695 022a 14       		.uleb128 0x14
 696 022b 01       		.uleb128 0x1
 697 022c 50       		.byte	0x50
 698 022d 01       		.uleb128 0x1
 699 022e 37       		.byte	0x37
 700 022f 00       		.byte	0
 701 0230 13       		.uleb128 0x13
 702 0231 44000000 		.4byte	.LVL17
 703 0235 B0030000 		.4byte	0x3b0
 704 0239 14       		.uleb128 0x14
 705 023a 01       		.uleb128 0x1
 706 023b 50       		.byte	0x50
 707 023c 01       		.uleb128 0x1
 708 023d 37       		.byte	0x37
 709 023e 00       		.byte	0
 710 023f 00       		.byte	0
 711 0240 16       		.uleb128 0x16
 712 0241 15010000 		.4byte	.LASF43
 713 0245 01       		.byte	0x1
 714 0246 2201     		.2byte	0x122
 715 0248 7C000000 		.4byte	.LFB7
 716 024c D4000000 		.4byte	.LFE7-.LFB7
 717 0250 01       		.uleb128 0x1
 718 0251 9C       		.byte	0x9c
 719 0252 67030000 		.4byte	0x367
 720 0256 17       		.uleb128 0x17
 721 0257 86000000 		.4byte	.LBB3
 722 025b 62000000 		.4byte	.LBE3-.LBB3
 723 025f 54030000 		.4byte	0x354
 724 0263 18       		.uleb128 0x18
 725 0264 44000000 		.4byte	.LASF30
 726 0268 01       		.byte	0x1
 727 0269 2A01     		.2byte	0x12a
 728 026b 77030000 		.4byte	0x377
 729 026f 05       		.uleb128 0x5
 730 0270 03       		.byte	0x3
 731 0271 14000000 		.4byte	cy_cfg_addr_table.4905
 732 0275 18       		.uleb128 0x18
 733 0276 56000000 		.4byte	.LASF31
 734 027a 01       		.byte	0x1
 735 027b 2E01     		.2byte	0x12e
 736 027d 8C030000 		.4byte	0x38c
 737 0281 05       		.uleb128 0x5
 738 0282 03       		.byte	0x3
 739 0283 0C000000 		.4byte	cy_cfg_data_table.4906
 740 0287 19       		.uleb128 0x19
 741 0288 06       		.byte	0x6
 742 0289 01       		.byte	0x1
 743 028a 3701     		.2byte	0x137
 744 028c AB020000 		.4byte	0x2ab
 745 0290 1A       		.uleb128 0x1a
ARM GAS  C:\Users\Mahe\AppData\Local\Temp\ccXnKOWV.s 			page 21


 746 0291 22010000 		.4byte	.LASF32
 747 0295 01       		.byte	0x1
 748 0296 3801     		.2byte	0x138
 749 0298 84000000 		.4byte	0x84
 750 029c 00       		.byte	0
 751 029d 1A       		.uleb128 0x1a
 752 029e 7E000000 		.4byte	.LASF33
 753 02a2 01       		.byte	0x1
 754 02a3 3901     		.2byte	0x139
 755 02a5 99000000 		.4byte	0x99
 756 02a9 04       		.byte	0x4
 757 02aa 00       		.byte	0
 758 02ab 06       		.uleb128 0x6
 759 02ac 26020000 		.4byte	.LASF34
 760 02b0 01       		.byte	0x1
 761 02b1 3A01     		.2byte	0x13a
 762 02b3 87020000 		.4byte	0x287
 763 02b7 1B       		.uleb128 0x1b
 764 02b8 C7020000 		.4byte	0x2c7
 765 02bc C7020000 		.4byte	0x2c7
 766 02c0 1C       		.uleb128 0x1c
 767 02c1 7D000000 		.4byte	0x7d
 768 02c5 01       		.byte	0x1
 769 02c6 00       		.byte	0
 770 02c7 10       		.uleb128 0x10
 771 02c8 AB020000 		.4byte	0x2ab
 772 02cc 18       		.uleb128 0x18
 773 02cd 6E000000 		.4byte	.LASF35
 774 02d1 01       		.byte	0x1
 775 02d2 3C01     		.2byte	0x13c
 776 02d4 DE020000 		.4byte	0x2de
 777 02d8 05       		.uleb128 0x5
 778 02d9 03       		.byte	0x3
 779 02da 00000000 		.4byte	cfg_memset_list.4911
 780 02de 10       		.uleb128 0x10
 781 02df B7020000 		.4byte	0x2b7
 782 02e3 1D       		.uleb128 0x1d
 783 02e4 6900     		.ascii	"i\000"
 784 02e6 01       		.byte	0x1
 785 02e7 4201     		.2byte	0x142
 786 02e9 8D000000 		.4byte	0x8d
 787 02ed BC000000 		.4byte	.LLST6
 788 02f1 17       		.uleb128 0x17
 789 02f2 8A000000 		.4byte	.LBB4
 790 02f6 1C000000 		.4byte	.LBE4-.LBB4
 791 02fa 37030000 		.4byte	0x337
 792 02fe 1D       		.uleb128 0x1d
 793 02ff 6D7300   		.ascii	"ms\000"
 794 0302 01       		.byte	0x1
 795 0303 4701     		.2byte	0x147
 796 0305 0D030000 		.4byte	0x30d
 797 0309 E6000000 		.4byte	.LLST7
 798 030d 0F       		.uleb128 0xf
 799 030e 04       		.byte	0x4
 800 030f C7020000 		.4byte	0x2c7
 801 0313 13       		.uleb128 0x13
 802 0314 A6000000 		.4byte	.LVL20
ARM GAS  C:\Users\Mahe\AppData\Local\Temp\ccXnKOWV.s 			page 22


 803 0318 A7010000 		.4byte	0x1a7
 804 031c 14       		.uleb128 0x14
 805 031d 01       		.uleb128 0x1
 806 031e 51       		.byte	0x51
 807 031f 15       		.uleb128 0x15
 808 0320 74       		.byte	0x74
 809 0321 00       		.sleb128 0
 810 0322 31       		.byte	0x31
 811 0323 24       		.byte	0x24
 812 0324 74       		.byte	0x74
 813 0325 00       		.sleb128 0
 814 0326 22       		.byte	0x22
 815 0327 31       		.byte	0x31
 816 0328 24       		.byte	0x24
 817 0329 03       		.byte	0x3
 818 032a 04000000 		.4byte	.LANCHOR0+4
 819 032e 22       		.byte	0x22
 820 032f 94       		.byte	0x94
 821 0330 02       		.byte	0x2
 822 0331 0A       		.byte	0xa
 823 0332 FFFF     		.2byte	0xffff
 824 0334 1A       		.byte	0x1a
 825 0335 00       		.byte	0
 826 0336 00       		.byte	0
 827 0337 13       		.uleb128 0x13
 828 0338 BA000000 		.4byte	.LVL23
 829 033c 0D010000 		.4byte	0x10d
 830 0340 14       		.uleb128 0x14
 831 0341 01       		.uleb128 0x1
 832 0342 50       		.byte	0x50
 833 0343 05       		.uleb128 0x5
 834 0344 03       		.byte	0x3
 835 0345 14000000 		.4byte	.LANCHOR0+20
 836 0349 14       		.uleb128 0x14
 837 034a 01       		.uleb128 0x1
 838 034b 51       		.byte	0x51
 839 034c 05       		.uleb128 0x5
 840 034d 03       		.byte	0x3
 841 034e 0C000000 		.4byte	.LANCHOR0+12
 842 0352 00       		.byte	0
 843 0353 00       		.byte	0
 844 0354 1E       		.uleb128 0x1e
 845 0355 10010000 		.4byte	.LVL24
 846 0359 F4010000 		.4byte	0x1f4
 847 035d 1E       		.uleb128 0x1e
 848 035e 14010000 		.4byte	.LVL25
 849 0362 95010000 		.4byte	0x195
 850 0366 00       		.byte	0
 851 0367 1B       		.uleb128 0x1b
 852 0368 85010000 		.4byte	0x185
 853 036c 77030000 		.4byte	0x377
 854 0370 1C       		.uleb128 0x1c
 855 0371 7D000000 		.4byte	0x7d
 856 0375 00       		.byte	0
 857 0376 00       		.byte	0
 858 0377 10       		.uleb128 0x10
 859 0378 67030000 		.4byte	0x367
ARM GAS  C:\Users\Mahe\AppData\Local\Temp\ccXnKOWV.s 			page 23


 860 037c 1B       		.uleb128 0x1b
 861 037d 90010000 		.4byte	0x190
 862 0381 8C030000 		.4byte	0x38c
 863 0385 1C       		.uleb128 0x1c
 864 0386 7D000000 		.4byte	0x7d
 865 038a 03       		.byte	0x3
 866 038b 00       		.byte	0
 867 038c 10       		.uleb128 0x10
 868 038d 7C030000 		.4byte	0x37c
 869 0391 1F       		.uleb128 0x1f
 870 0392 B8000000 		.4byte	.LASF44
 871 0396 B8000000 		.4byte	.LASF44
 872 039a 20       		.uleb128 0x20
 873 039b 8F020000 		.4byte	.LASF36
 874 039f 8F020000 		.4byte	.LASF36
 875 03a3 04       		.byte	0x4
 876 03a4 6C       		.byte	0x6c
 877 03a5 20       		.uleb128 0x20
 878 03a6 1E000000 		.4byte	.LASF37
 879 03aa 1E000000 		.4byte	.LASF37
 880 03ae 04       		.byte	0x4
 881 03af BD       		.byte	0xbd
 882 03b0 20       		.uleb128 0x20
 883 03b1 D8000000 		.4byte	.LASF38
 884 03b5 D8000000 		.4byte	.LASF38
 885 03b9 04       		.byte	0x4
 886 03ba C3       		.byte	0xc3
 887 03bb 00       		.byte	0
 888              		.section	.debug_abbrev,"",%progbits
 889              	.Ldebug_abbrev0:
 890 0000 01       		.uleb128 0x1
 891 0001 11       		.uleb128 0x11
 892 0002 01       		.byte	0x1
 893 0003 25       		.uleb128 0x25
 894 0004 0E       		.uleb128 0xe
 895 0005 13       		.uleb128 0x13
 896 0006 0B       		.uleb128 0xb
 897 0007 03       		.uleb128 0x3
 898 0008 0E       		.uleb128 0xe
 899 0009 1B       		.uleb128 0x1b
 900 000a 0E       		.uleb128 0xe
 901 000b 55       		.uleb128 0x55
 902 000c 17       		.uleb128 0x17
 903 000d 11       		.uleb128 0x11
 904 000e 01       		.uleb128 0x1
 905 000f 10       		.uleb128 0x10
 906 0010 17       		.uleb128 0x17
 907 0011 00       		.byte	0
 908 0012 00       		.byte	0
 909 0013 02       		.uleb128 0x2
 910 0014 24       		.uleb128 0x24
 911 0015 00       		.byte	0
 912 0016 0B       		.uleb128 0xb
 913 0017 0B       		.uleb128 0xb
 914 0018 3E       		.uleb128 0x3e
 915 0019 0B       		.uleb128 0xb
 916 001a 03       		.uleb128 0x3
ARM GAS  C:\Users\Mahe\AppData\Local\Temp\ccXnKOWV.s 			page 24


 917 001b 08       		.uleb128 0x8
 918 001c 00       		.byte	0
 919 001d 00       		.byte	0
 920 001e 03       		.uleb128 0x3
 921 001f 16       		.uleb128 0x16
 922 0020 00       		.byte	0
 923 0021 03       		.uleb128 0x3
 924 0022 0E       		.uleb128 0xe
 925 0023 3A       		.uleb128 0x3a
 926 0024 0B       		.uleb128 0xb
 927 0025 3B       		.uleb128 0x3b
 928 0026 0B       		.uleb128 0xb
 929 0027 49       		.uleb128 0x49
 930 0028 13       		.uleb128 0x13
 931 0029 00       		.byte	0
 932 002a 00       		.byte	0
 933 002b 04       		.uleb128 0x4
 934 002c 24       		.uleb128 0x24
 935 002d 00       		.byte	0
 936 002e 0B       		.uleb128 0xb
 937 002f 0B       		.uleb128 0xb
 938 0030 3E       		.uleb128 0x3e
 939 0031 0B       		.uleb128 0xb
 940 0032 03       		.uleb128 0x3
 941 0033 0E       		.uleb128 0xe
 942 0034 00       		.byte	0
 943 0035 00       		.byte	0
 944 0036 05       		.uleb128 0x5
 945 0037 0F       		.uleb128 0xf
 946 0038 00       		.byte	0
 947 0039 0B       		.uleb128 0xb
 948 003a 0B       		.uleb128 0xb
 949 003b 00       		.byte	0
 950 003c 00       		.byte	0
 951 003d 06       		.uleb128 0x6
 952 003e 16       		.uleb128 0x16
 953 003f 00       		.byte	0
 954 0040 03       		.uleb128 0x3
 955 0041 0E       		.uleb128 0xe
 956 0042 3A       		.uleb128 0x3a
 957 0043 0B       		.uleb128 0xb
 958 0044 3B       		.uleb128 0x3b
 959 0045 05       		.uleb128 0x5
 960 0046 49       		.uleb128 0x49
 961 0047 13       		.uleb128 0x13
 962 0048 00       		.byte	0
 963 0049 00       		.byte	0
 964 004a 07       		.uleb128 0x7
 965 004b 35       		.uleb128 0x35
 966 004c 00       		.byte	0
 967 004d 49       		.uleb128 0x49
 968 004e 13       		.uleb128 0x13
 969 004f 00       		.byte	0
 970 0050 00       		.byte	0
 971 0051 08       		.uleb128 0x8
 972 0052 13       		.uleb128 0x13
 973 0053 01       		.byte	0x1
ARM GAS  C:\Users\Mahe\AppData\Local\Temp\ccXnKOWV.s 			page 25


 974 0054 0B       		.uleb128 0xb
 975 0055 0B       		.uleb128 0xb
 976 0056 3A       		.uleb128 0x3a
 977 0057 0B       		.uleb128 0xb
 978 0058 3B       		.uleb128 0x3b
 979 0059 0B       		.uleb128 0xb
 980 005a 01       		.uleb128 0x1
 981 005b 13       		.uleb128 0x13
 982 005c 00       		.byte	0
 983 005d 00       		.byte	0
 984 005e 09       		.uleb128 0x9
 985 005f 0D       		.uleb128 0xd
 986 0060 00       		.byte	0
 987 0061 03       		.uleb128 0x3
 988 0062 0E       		.uleb128 0xe
 989 0063 3A       		.uleb128 0x3a
 990 0064 0B       		.uleb128 0xb
 991 0065 3B       		.uleb128 0x3b
 992 0066 0B       		.uleb128 0xb
 993 0067 49       		.uleb128 0x49
 994 0068 13       		.uleb128 0x13
 995 0069 38       		.uleb128 0x38
 996 006a 0B       		.uleb128 0xb
 997 006b 00       		.byte	0
 998 006c 00       		.byte	0
 999 006d 0A       		.uleb128 0xa
 1000 006e 2E       		.uleb128 0x2e
 1001 006f 01       		.byte	0x1
 1002 0070 03       		.uleb128 0x3
 1003 0071 0E       		.uleb128 0xe
 1004 0072 3A       		.uleb128 0x3a
 1005 0073 0B       		.uleb128 0xb
 1006 0074 3B       		.uleb128 0x3b
 1007 0075 0B       		.uleb128 0xb
 1008 0076 27       		.uleb128 0x27
 1009 0077 19       		.uleb128 0x19
 1010 0078 11       		.uleb128 0x11
 1011 0079 01       		.uleb128 0x1
 1012 007a 12       		.uleb128 0x12
 1013 007b 06       		.uleb128 0x6
 1014 007c 40       		.uleb128 0x40
 1015 007d 18       		.uleb128 0x18
 1016 007e 9742     		.uleb128 0x2117
 1017 0080 19       		.uleb128 0x19
 1018 0081 01       		.uleb128 0x1
 1019 0082 13       		.uleb128 0x13
 1020 0083 00       		.byte	0
 1021 0084 00       		.byte	0
 1022 0085 0B       		.uleb128 0xb
 1023 0086 05       		.uleb128 0x5
 1024 0087 00       		.byte	0
 1025 0088 03       		.uleb128 0x3
 1026 0089 0E       		.uleb128 0xe
 1027 008a 3A       		.uleb128 0x3a
 1028 008b 0B       		.uleb128 0xb
 1029 008c 3B       		.uleb128 0x3b
 1030 008d 0B       		.uleb128 0xb
ARM GAS  C:\Users\Mahe\AppData\Local\Temp\ccXnKOWV.s 			page 26


 1031 008e 49       		.uleb128 0x49
 1032 008f 13       		.uleb128 0x13
 1033 0090 02       		.uleb128 0x2
 1034 0091 18       		.uleb128 0x18
 1035 0092 00       		.byte	0
 1036 0093 00       		.byte	0
 1037 0094 0C       		.uleb128 0xc
 1038 0095 34       		.uleb128 0x34
 1039 0096 00       		.byte	0
 1040 0097 03       		.uleb128 0x3
 1041 0098 08       		.uleb128 0x8
 1042 0099 3A       		.uleb128 0x3a
 1043 009a 0B       		.uleb128 0xb
 1044 009b 3B       		.uleb128 0x3b
 1045 009c 0B       		.uleb128 0xb
 1046 009d 49       		.uleb128 0x49
 1047 009e 13       		.uleb128 0x13
 1048 009f 02       		.uleb128 0x2
 1049 00a0 17       		.uleb128 0x17
 1050 00a1 00       		.byte	0
 1051 00a2 00       		.byte	0
 1052 00a3 0D       		.uleb128 0xd
 1053 00a4 0B       		.uleb128 0xb
 1054 00a5 01       		.byte	0x1
 1055 00a6 11       		.uleb128 0x11
 1056 00a7 01       		.uleb128 0x1
 1057 00a8 12       		.uleb128 0x12
 1058 00a9 06       		.uleb128 0x6
 1059 00aa 00       		.byte	0
 1060 00ab 00       		.byte	0
 1061 00ac 0E       		.uleb128 0xe
 1062 00ad 34       		.uleb128 0x34
 1063 00ae 00       		.byte	0
 1064 00af 03       		.uleb128 0x3
 1065 00b0 0E       		.uleb128 0xe
 1066 00b1 3A       		.uleb128 0x3a
 1067 00b2 0B       		.uleb128 0xb
 1068 00b3 3B       		.uleb128 0x3b
 1069 00b4 0B       		.uleb128 0xb
 1070 00b5 49       		.uleb128 0x49
 1071 00b6 13       		.uleb128 0x13
 1072 00b7 02       		.uleb128 0x2
 1073 00b8 17       		.uleb128 0x17
 1074 00b9 00       		.byte	0
 1075 00ba 00       		.byte	0
 1076 00bb 0F       		.uleb128 0xf
 1077 00bc 0F       		.uleb128 0xf
 1078 00bd 00       		.byte	0
 1079 00be 0B       		.uleb128 0xb
 1080 00bf 0B       		.uleb128 0xb
 1081 00c0 49       		.uleb128 0x49
 1082 00c1 13       		.uleb128 0x13
 1083 00c2 00       		.byte	0
 1084 00c3 00       		.byte	0
 1085 00c4 10       		.uleb128 0x10
 1086 00c5 26       		.uleb128 0x26
 1087 00c6 00       		.byte	0
ARM GAS  C:\Users\Mahe\AppData\Local\Temp\ccXnKOWV.s 			page 27


 1088 00c7 49       		.uleb128 0x49
 1089 00c8 13       		.uleb128 0x13
 1090 00c9 00       		.byte	0
 1091 00ca 00       		.byte	0
 1092 00cb 11       		.uleb128 0x11
 1093 00cc 2E       		.uleb128 0x2e
 1094 00cd 00       		.byte	0
 1095 00ce 03       		.uleb128 0x3
 1096 00cf 0E       		.uleb128 0xe
 1097 00d0 3A       		.uleb128 0x3a
 1098 00d1 0B       		.uleb128 0xb
 1099 00d2 3B       		.uleb128 0x3b
 1100 00d3 05       		.uleb128 0x5
 1101 00d4 27       		.uleb128 0x27
 1102 00d5 19       		.uleb128 0x19
 1103 00d6 11       		.uleb128 0x11
 1104 00d7 01       		.uleb128 0x1
 1105 00d8 12       		.uleb128 0x12
 1106 00d9 06       		.uleb128 0x6
 1107 00da 40       		.uleb128 0x40
 1108 00db 18       		.uleb128 0x18
 1109 00dc 9742     		.uleb128 0x2117
 1110 00de 19       		.uleb128 0x19
 1111 00df 00       		.byte	0
 1112 00e0 00       		.byte	0
 1113 00e1 12       		.uleb128 0x12
 1114 00e2 05       		.uleb128 0x5
 1115 00e3 00       		.byte	0
 1116 00e4 03       		.uleb128 0x3
 1117 00e5 08       		.uleb128 0x8
 1118 00e6 3A       		.uleb128 0x3a
 1119 00e7 0B       		.uleb128 0xb
 1120 00e8 3B       		.uleb128 0x3b
 1121 00e9 0B       		.uleb128 0xb
 1122 00ea 49       		.uleb128 0x49
 1123 00eb 13       		.uleb128 0x13
 1124 00ec 02       		.uleb128 0x2
 1125 00ed 17       		.uleb128 0x17
 1126 00ee 00       		.byte	0
 1127 00ef 00       		.byte	0
 1128 00f0 13       		.uleb128 0x13
 1129 00f1 898201   		.uleb128 0x4109
 1130 00f4 01       		.byte	0x1
 1131 00f5 11       		.uleb128 0x11
 1132 00f6 01       		.uleb128 0x1
 1133 00f7 31       		.uleb128 0x31
 1134 00f8 13       		.uleb128 0x13
 1135 00f9 00       		.byte	0
 1136 00fa 00       		.byte	0
 1137 00fb 14       		.uleb128 0x14
 1138 00fc 8A8201   		.uleb128 0x410a
 1139 00ff 00       		.byte	0
 1140 0100 02       		.uleb128 0x2
 1141 0101 18       		.uleb128 0x18
 1142 0102 9142     		.uleb128 0x2111
 1143 0104 18       		.uleb128 0x18
 1144 0105 00       		.byte	0
ARM GAS  C:\Users\Mahe\AppData\Local\Temp\ccXnKOWV.s 			page 28


 1145 0106 00       		.byte	0
 1146 0107 15       		.uleb128 0x15
 1147 0108 898201   		.uleb128 0x4109
 1148 010b 01       		.byte	0x1
 1149 010c 11       		.uleb128 0x11
 1150 010d 01       		.uleb128 0x1
 1151 010e 31       		.uleb128 0x31
 1152 010f 13       		.uleb128 0x13
 1153 0110 01       		.uleb128 0x1
 1154 0111 13       		.uleb128 0x13
 1155 0112 00       		.byte	0
 1156 0113 00       		.byte	0
 1157 0114 16       		.uleb128 0x16
 1158 0115 2E       		.uleb128 0x2e
 1159 0116 01       		.byte	0x1
 1160 0117 3F       		.uleb128 0x3f
 1161 0118 19       		.uleb128 0x19
 1162 0119 03       		.uleb128 0x3
 1163 011a 0E       		.uleb128 0xe
 1164 011b 3A       		.uleb128 0x3a
 1165 011c 0B       		.uleb128 0xb
 1166 011d 3B       		.uleb128 0x3b
 1167 011e 05       		.uleb128 0x5
 1168 011f 27       		.uleb128 0x27
 1169 0120 19       		.uleb128 0x19
 1170 0121 11       		.uleb128 0x11
 1171 0122 01       		.uleb128 0x1
 1172 0123 12       		.uleb128 0x12
 1173 0124 06       		.uleb128 0x6
 1174 0125 40       		.uleb128 0x40
 1175 0126 18       		.uleb128 0x18
 1176 0127 9742     		.uleb128 0x2117
 1177 0129 19       		.uleb128 0x19
 1178 012a 01       		.uleb128 0x1
 1179 012b 13       		.uleb128 0x13
 1180 012c 00       		.byte	0
 1181 012d 00       		.byte	0
 1182 012e 17       		.uleb128 0x17
 1183 012f 0B       		.uleb128 0xb
 1184 0130 01       		.byte	0x1
 1185 0131 11       		.uleb128 0x11
 1186 0132 01       		.uleb128 0x1
 1187 0133 12       		.uleb128 0x12
 1188 0134 06       		.uleb128 0x6
 1189 0135 01       		.uleb128 0x1
 1190 0136 13       		.uleb128 0x13
 1191 0137 00       		.byte	0
 1192 0138 00       		.byte	0
 1193 0139 18       		.uleb128 0x18
 1194 013a 34       		.uleb128 0x34
 1195 013b 00       		.byte	0
 1196 013c 03       		.uleb128 0x3
 1197 013d 0E       		.uleb128 0xe
 1198 013e 3A       		.uleb128 0x3a
 1199 013f 0B       		.uleb128 0xb
 1200 0140 3B       		.uleb128 0x3b
 1201 0141 05       		.uleb128 0x5
ARM GAS  C:\Users\Mahe\AppData\Local\Temp\ccXnKOWV.s 			page 29


 1202 0142 49       		.uleb128 0x49
 1203 0143 13       		.uleb128 0x13
 1204 0144 02       		.uleb128 0x2
 1205 0145 18       		.uleb128 0x18
 1206 0146 00       		.byte	0
 1207 0147 00       		.byte	0
 1208 0148 19       		.uleb128 0x19
 1209 0149 13       		.uleb128 0x13
 1210 014a 01       		.byte	0x1
 1211 014b 0B       		.uleb128 0xb
 1212 014c 0B       		.uleb128 0xb
 1213 014d 3A       		.uleb128 0x3a
 1214 014e 0B       		.uleb128 0xb
 1215 014f 3B       		.uleb128 0x3b
 1216 0150 05       		.uleb128 0x5
 1217 0151 01       		.uleb128 0x1
 1218 0152 13       		.uleb128 0x13
 1219 0153 00       		.byte	0
 1220 0154 00       		.byte	0
 1221 0155 1A       		.uleb128 0x1a
 1222 0156 0D       		.uleb128 0xd
 1223 0157 00       		.byte	0
 1224 0158 03       		.uleb128 0x3
 1225 0159 0E       		.uleb128 0xe
 1226 015a 3A       		.uleb128 0x3a
 1227 015b 0B       		.uleb128 0xb
 1228 015c 3B       		.uleb128 0x3b
 1229 015d 05       		.uleb128 0x5
 1230 015e 49       		.uleb128 0x49
 1231 015f 13       		.uleb128 0x13
 1232 0160 38       		.uleb128 0x38
 1233 0161 0B       		.uleb128 0xb
 1234 0162 00       		.byte	0
 1235 0163 00       		.byte	0
 1236 0164 1B       		.uleb128 0x1b
 1237 0165 01       		.uleb128 0x1
 1238 0166 01       		.byte	0x1
 1239 0167 49       		.uleb128 0x49
 1240 0168 13       		.uleb128 0x13
 1241 0169 01       		.uleb128 0x1
 1242 016a 13       		.uleb128 0x13
 1243 016b 00       		.byte	0
 1244 016c 00       		.byte	0
 1245 016d 1C       		.uleb128 0x1c
 1246 016e 21       		.uleb128 0x21
 1247 016f 00       		.byte	0
 1248 0170 49       		.uleb128 0x49
 1249 0171 13       		.uleb128 0x13
 1250 0172 2F       		.uleb128 0x2f
 1251 0173 0B       		.uleb128 0xb
 1252 0174 00       		.byte	0
 1253 0175 00       		.byte	0
 1254 0176 1D       		.uleb128 0x1d
 1255 0177 34       		.uleb128 0x34
 1256 0178 00       		.byte	0
 1257 0179 03       		.uleb128 0x3
 1258 017a 08       		.uleb128 0x8
ARM GAS  C:\Users\Mahe\AppData\Local\Temp\ccXnKOWV.s 			page 30


 1259 017b 3A       		.uleb128 0x3a
 1260 017c 0B       		.uleb128 0xb
 1261 017d 3B       		.uleb128 0x3b
 1262 017e 05       		.uleb128 0x5
 1263 017f 49       		.uleb128 0x49
 1264 0180 13       		.uleb128 0x13
 1265 0181 02       		.uleb128 0x2
 1266 0182 17       		.uleb128 0x17
 1267 0183 00       		.byte	0
 1268 0184 00       		.byte	0
 1269 0185 1E       		.uleb128 0x1e
 1270 0186 898201   		.uleb128 0x4109
 1271 0189 00       		.byte	0
 1272 018a 11       		.uleb128 0x11
 1273 018b 01       		.uleb128 0x1
 1274 018c 31       		.uleb128 0x31
 1275 018d 13       		.uleb128 0x13
 1276 018e 00       		.byte	0
 1277 018f 00       		.byte	0
 1278 0190 1F       		.uleb128 0x1f
 1279 0191 2E       		.uleb128 0x2e
 1280 0192 00       		.byte	0
 1281 0193 3F       		.uleb128 0x3f
 1282 0194 19       		.uleb128 0x19
 1283 0195 3C       		.uleb128 0x3c
 1284 0196 19       		.uleb128 0x19
 1285 0197 6E       		.uleb128 0x6e
 1286 0198 0E       		.uleb128 0xe
 1287 0199 03       		.uleb128 0x3
 1288 019a 0E       		.uleb128 0xe
 1289 019b 00       		.byte	0
 1290 019c 00       		.byte	0
 1291 019d 20       		.uleb128 0x20
 1292 019e 2E       		.uleb128 0x2e
 1293 019f 00       		.byte	0
 1294 01a0 3F       		.uleb128 0x3f
 1295 01a1 19       		.uleb128 0x19
 1296 01a2 3C       		.uleb128 0x3c
 1297 01a3 19       		.uleb128 0x19
 1298 01a4 6E       		.uleb128 0x6e
 1299 01a5 0E       		.uleb128 0xe
 1300 01a6 03       		.uleb128 0x3
 1301 01a7 0E       		.uleb128 0xe
 1302 01a8 3A       		.uleb128 0x3a
 1303 01a9 0B       		.uleb128 0xb
 1304 01aa 3B       		.uleb128 0x3b
 1305 01ab 0B       		.uleb128 0xb
 1306 01ac 00       		.byte	0
 1307 01ad 00       		.byte	0
 1308 01ae 00       		.byte	0
 1309              		.section	.debug_loc,"",%progbits
 1310              	.Ldebug_loc0:
 1311              	.LLST0:
 1312 0000 02000000 		.4byte	.LVL1
 1313 0004 08000000 		.4byte	.LVL2
 1314 0008 0200     		.2byte	0x2
 1315 000a 30       		.byte	0x30
ARM GAS  C:\Users\Mahe\AppData\Local\Temp\ccXnKOWV.s 			page 31


 1316 000b 9F       		.byte	0x9f
 1317 000c 08000000 		.4byte	.LVL2
 1318 0010 30000000 		.4byte	.LVL11
 1319 0014 0100     		.2byte	0x1
 1320 0016 57       		.byte	0x57
 1321 0017 00000000 		.4byte	0
 1322 001b 00000000 		.4byte	0
 1323              	.LLST1:
 1324 001f 02000000 		.4byte	.LVL1
 1325 0023 08000000 		.4byte	.LVL2
 1326 0027 0200     		.2byte	0x2
 1327 0029 30       		.byte	0x30
 1328 002a 9F       		.byte	0x9f
 1329 002b 08000000 		.4byte	.LVL2
 1330 002f 30000000 		.4byte	.LVL10
 1331 0033 0100     		.2byte	0x1
 1332 0035 55       		.byte	0x55
 1333 0036 00000000 		.4byte	0
 1334 003a 00000000 		.4byte	0
 1335              	.LLST2:
 1336 003e 0C000000 		.4byte	.LVL3
 1337 0042 2C000000 		.4byte	.LVL9
 1338 0046 0100     		.2byte	0x1
 1339 0048 56       		.byte	0x56
 1340 0049 00000000 		.4byte	0
 1341 004d 00000000 		.4byte	0
 1342              	.LLST3:
 1343 0051 0E000000 		.4byte	.LVL4
 1344 0055 24000000 		.4byte	.LVL7
 1345 0059 0100     		.2byte	0x1
 1346 005b 53       		.byte	0x53
 1347 005c 26000000 		.4byte	.LVL8
 1348 0060 2C000000 		.4byte	.LVL9
 1349 0064 0100     		.2byte	0x1
 1350 0066 53       		.byte	0x53
 1351 0067 00000000 		.4byte	0
 1352 006b 00000000 		.4byte	0
 1353              	.LLST4:
 1354 006f 00000000 		.4byte	.LVL12
 1355 0073 09000000 		.4byte	.LVL14-1
 1356 0077 0100     		.2byte	0x1
 1357 0079 50       		.byte	0x50
 1358 007a 09000000 		.4byte	.LVL14-1
 1359 007e 0C000000 		.4byte	.LFE1
 1360 0082 0400     		.2byte	0x4
 1361 0084 F3       		.byte	0xf3
 1362 0085 01       		.uleb128 0x1
 1363 0086 50       		.byte	0x50
 1364 0087 9F       		.byte	0x9f
 1365 0088 00000000 		.4byte	0
 1366 008c 00000000 		.4byte	0
 1367              	.LLST5:
 1368 0090 00000000 		.4byte	.LVL12
 1369 0094 06000000 		.4byte	.LVL13
 1370 0098 0100     		.2byte	0x1
 1371 009a 51       		.byte	0x51
 1372 009b 06000000 		.4byte	.LVL13
ARM GAS  C:\Users\Mahe\AppData\Local\Temp\ccXnKOWV.s 			page 32


 1373 009f 09000000 		.4byte	.LVL14-1
 1374 00a3 0100     		.2byte	0x1
 1375 00a5 52       		.byte	0x52
 1376 00a6 09000000 		.4byte	.LVL14-1
 1377 00aa 0C000000 		.4byte	.LFE1
 1378 00ae 0400     		.2byte	0x4
 1379 00b0 F3       		.byte	0xf3
 1380 00b1 01       		.uleb128 0x1
 1381 00b2 51       		.byte	0x51
 1382 00b3 9F       		.byte	0x9f
 1383 00b4 00000000 		.4byte	0
 1384 00b8 00000000 		.4byte	0
 1385              	.LLST6:
 1386 00bc 86000000 		.4byte	.LVL18
 1387 00c0 8A000000 		.4byte	.LVL19
 1388 00c4 0200     		.2byte	0x2
 1389 00c6 30       		.byte	0x30
 1390 00c7 9F       		.byte	0x9f
 1391 00c8 8A000000 		.4byte	.LVL19
 1392 00cc A8000000 		.4byte	.LVL21
 1393 00d0 0100     		.2byte	0x1
 1394 00d2 54       		.byte	0x54
 1395 00d3 AA000000 		.4byte	.LVL22
 1396 00d7 14010000 		.4byte	.LVL26
 1397 00db 0100     		.2byte	0x1
 1398 00dd 54       		.byte	0x54
 1399 00de 00000000 		.4byte	0
 1400 00e2 00000000 		.4byte	0
 1401              	.LLST7:
 1402 00e6 8A000000 		.4byte	.LVL19
 1403 00ea A8000000 		.4byte	.LVL21
 1404 00ee 0B00     		.2byte	0xb
 1405 00f0 74       		.byte	0x74
 1406 00f1 00       		.sleb128 0
 1407 00f2 36       		.byte	0x36
 1408 00f3 1E       		.byte	0x1e
 1409 00f4 03       		.byte	0x3
 1410 00f5 00000000 		.4byte	cfg_memset_list.4911
 1411 00f9 22       		.byte	0x22
 1412 00fa 9F       		.byte	0x9f
 1413 00fb A8000000 		.4byte	.LVL21
 1414 00ff AA000000 		.4byte	.LVL22
 1415 0103 0B00     		.2byte	0xb
 1416 0105 74       		.byte	0x74
 1417 0106 7F       		.sleb128 -1
 1418 0107 36       		.byte	0x36
 1419 0108 1E       		.byte	0x1e
 1420 0109 03       		.byte	0x3
 1421 010a 00000000 		.4byte	cfg_memset_list.4911
 1422 010e 22       		.byte	0x22
 1423 010f 9F       		.byte	0x9f
 1424 0110 00000000 		.4byte	0
 1425 0114 00000000 		.4byte	0
 1426              		.section	.debug_aranges,"",%progbits
 1427 0000 3C000000 		.4byte	0x3c
 1428 0004 0200     		.2byte	0x2
 1429 0006 00000000 		.4byte	.Ldebug_info0
ARM GAS  C:\Users\Mahe\AppData\Local\Temp\ccXnKOWV.s 			page 33


 1430 000a 04       		.byte	0x4
 1431 000b 00       		.byte	0
 1432 000c 0000     		.2byte	0
 1433 000e 0000     		.2byte	0
 1434 0010 00000000 		.4byte	.LFB4
 1435 0014 32000000 		.4byte	.LFE4-.LFB4
 1436 0018 00000000 		.4byte	.LFB6
 1437 001c 20000000 		.4byte	.LFE6-.LFB6
 1438 0020 00000000 		.4byte	.LFB1
 1439 0024 0C000000 		.4byte	.LFE1-.LFB1
 1440 0028 00000000 		.4byte	.LFB5
 1441 002c 7C000000 		.4byte	.LFE5-.LFB5
 1442 0030 7C000000 		.4byte	.LFB7
 1443 0034 D4000000 		.4byte	.LFE7-.LFB7
 1444 0038 00000000 		.4byte	0
 1445 003c 00000000 		.4byte	0
 1446              		.section	.debug_ranges,"",%progbits
 1447              	.Ldebug_ranges0:
 1448 0000 00000000 		.4byte	.LFB4
 1449 0004 32000000 		.4byte	.LFE4
 1450 0008 00000000 		.4byte	.LFB6
 1451 000c 20000000 		.4byte	.LFE6
 1452 0010 00000000 		.4byte	.LFB1
 1453 0014 0C000000 		.4byte	.LFE1
 1454 0018 00000000 		.4byte	.LFB5
 1455 001c 7C000000 		.4byte	.LFE5
 1456 0020 7C000000 		.4byte	.LFB7
 1457 0024 50010000 		.4byte	.LFE7
 1458 0028 00000000 		.4byte	0
 1459 002c 00000000 		.4byte	0
 1460              		.section	.debug_line,"",%progbits
 1461              	.Ldebug_line0:
 1462 0000 71010000 		.section	.debug_str,"MS",%progbits,1
 1462      0200D600 
 1462      00000201 
 1462      FB0E0D00 
 1462      01010101 
 1463              	.LASF19:
 1464 0000 72656733 		.ascii	"reg32\000"
 1464      3200
 1465              	.LASF12:
 1466 0006 73697A65 		.ascii	"size_t\000"
 1466      5F7400
 1467              	.LASF42:
 1468 000d 416E616C 		.ascii	"AnalogSetDefault\000"
 1468      6F675365 
 1468      74446566 
 1468      61756C74 
 1468      00
 1469              	.LASF37:
 1470 001e 4379496E 		.ascii	"CyIntSetVector\000"
 1470      74536574 
 1470      56656374 
 1470      6F7200
 1471              	.LASF21:
 1472 002d 76616C75 		.ascii	"value\000"
 1472      6500
ARM GAS  C:\Users\Mahe\AppData\Local\Temp\ccXnKOWV.s 			page 34


 1473              	.LASF26:
 1474 0033 636F756E 		.ascii	"count\000"
 1474      7400
 1475              	.LASF29:
 1476 0039 436C6F63 		.ascii	"ClockSetup\000"
 1476      6B536574 
 1476      757000
 1477              	.LASF30:
 1478 0044 63795F63 		.ascii	"cy_cfg_addr_table\000"
 1478      66675F61 
 1478      6464725F 
 1478      7461626C 
 1478      6500
 1479              	.LASF31:
 1480 0056 63795F63 		.ascii	"cy_cfg_data_table\000"
 1480      66675F64 
 1480      6174615F 
 1480      7461626C 
 1480      6500
 1481              	.LASF16:
 1482 0068 666C6F61 		.ascii	"float\000"
 1482      7400
 1483              	.LASF35:
 1484 006e 6366675F 		.ascii	"cfg_memset_list\000"
 1484      6D656D73 
 1484      65745F6C 
 1484      69737400 
 1485              	.LASF33:
 1486 007e 73697A65 		.ascii	"size\000"
 1486      00
 1487              	.LASF18:
 1488 0083 72656738 		.ascii	"reg8\000"
 1488      00
 1489              	.LASF8:
 1490 0088 6C6F6E67 		.ascii	"long unsigned int\000"
 1490      20756E73 
 1490      69676E65 
 1490      6420696E 
 1490      7400
 1491              	.LASF13:
 1492 009a 75696E74 		.ascii	"uint8\000"
 1492      3800
 1493              	.LASF28:
 1494 00a0 43594D45 		.ascii	"CYMEMZERO\000"
 1494      4D5A4552 
 1494      4F00
 1495              	.LASF4:
 1496 00aa 756E7369 		.ascii	"unsigned char\000"
 1496      676E6564 
 1496      20636861 
 1496      7200
 1497              	.LASF44:
 1498 00b8 6D656D73 		.ascii	"memset\000"
 1498      657400
 1499              	.LASF17:
 1500 00bf 646F7562 		.ascii	"double\000"
 1500      6C6500
ARM GAS  C:\Users\Mahe\AppData\Local\Temp\ccXnKOWV.s 			page 35


 1501              	.LASF27:
 1502 00c6 6366675F 		.ascii	"cfg_write_bytes32\000"
 1502      77726974 
 1502      655F6279 
 1502      74657333 
 1502      3200
 1503              	.LASF38:
 1504 00d8 4379496E 		.ascii	"CyIntEnable\000"
 1504      74456E61 
 1504      626C6500 
 1505              	.LASF23:
 1506 00e4 61646472 		.ascii	"addr_table\000"
 1506      5F746162 
 1506      6C6500
 1507              	.LASF14:
 1508 00ef 75696E74 		.ascii	"uint16\000"
 1508      313600
 1509              	.LASF24:
 1510 00f6 64617461 		.ascii	"data_table\000"
 1510      5F746162 
 1510      6C6500
 1511              	.LASF15:
 1512 0101 75696E74 		.ascii	"uint32\000"
 1512      333200
 1513              	.LASF0:
 1514 0108 756E7369 		.ascii	"unsigned int\000"
 1514      676E6564 
 1514      20696E74 
 1514      00
 1515              	.LASF43:
 1516 0115 63796669 		.ascii	"cyfitter_cfg\000"
 1516      74746572 
 1516      5F636667 
 1516      00
 1517              	.LASF32:
 1518 0122 61646472 		.ascii	"address\000"
 1518      65737300 
 1519              	.LASF9:
 1520 012a 6C6F6E67 		.ascii	"long long unsigned int\000"
 1520      206C6F6E 
 1520      6720756E 
 1520      7369676E 
 1520      65642069 
 1521              	.LASF41:
 1522 0141 433A5C55 		.ascii	"C:\\Users\\Mahe\\Documents\\PSoC Creator\\Workspace"
 1522      73657273 
 1522      5C4D6168 
 1522      655C446F 
 1522      63756D65 
 1523 016f 30315C41 		.ascii	"01\\Aug_16th_AESD\\Nested_Interrupts.cydsn\000"
 1523      75675F31 
 1523      3674685F 
 1523      41455344 
 1523      5C4E6573 
 1524              	.LASF39:
 1525 0198 474E5520 		.ascii	"GNU C11 5.4.1 20160609 (release) [ARM/embedded-5-br"
 1525      43313120 
ARM GAS  C:\Users\Mahe\AppData\Local\Temp\ccXnKOWV.s 			page 36


 1525      352E342E 
 1525      31203230 
 1525      31363036 
 1526 01cb 616E6368 		.ascii	"anch revision 237715] -mcpu=cortex-m0 -mthumb -g -O"
 1526      20726576 
 1526      6973696F 
 1526      6E203233 
 1526      37373135 
 1527 01fe 67202D66 		.ascii	"g -ffunction-sections -ffat-lto-objects\000"
 1527      66756E63 
 1527      74696F6E 
 1527      2D736563 
 1527      74696F6E 
 1528              	.LASF34:
 1529 0226 6366675F 		.ascii	"cfg_memset_t\000"
 1529      6D656D73 
 1529      65745F74 
 1529      00
 1530              	.LASF25:
 1531 0233 62617365 		.ascii	"baseAddr\000"
 1531      41646472 
 1531      00
 1532              	.LASF10:
 1533 023c 73697A65 		.ascii	"sizetype\000"
 1533      74797065 
 1533      00
 1534              	.LASF6:
 1535 0245 73686F72 		.ascii	"short unsigned int\000"
 1535      7420756E 
 1535      7369676E 
 1535      65642069 
 1535      6E7400
 1536              	.LASF1:
 1537 0258 6C6F6E67 		.ascii	"long long int\000"
 1537      206C6F6E 
 1537      6720696E 
 1537      7400
 1538              	.LASF11:
 1539 0266 63686172 		.ascii	"char\000"
 1539      00
 1540              	.LASF22:
 1541 026b 63795F63 		.ascii	"cy_cfg_addrvalue_t\000"
 1541      66675F61 
 1541      64647276 
 1541      616C7565 
 1541      5F7400
 1542              	.LASF20:
 1543 027e 6F666673 		.ascii	"offset\000"
 1543      657400
 1544              	.LASF5:
 1545 0285 73686F72 		.ascii	"short int\000"
 1545      7420696E 
 1545      7400
 1546              	.LASF36:
 1547 028f 43795379 		.ascii	"CySysClkWriteImoFreq\000"
 1547      73436C6B 
 1547      57726974 
ARM GAS  C:\Users\Mahe\AppData\Local\Temp\ccXnKOWV.s 			page 37


 1547      65496D6F 
 1547      46726571 
 1548              	.LASF7:
 1549 02a4 6C6F6E67 		.ascii	"long int\000"
 1549      20696E74 
 1549      00
 1550              	.LASF2:
 1551 02ad 6C6F6E67 		.ascii	"long double\000"
 1551      20646F75 
 1551      626C6500 
 1552              	.LASF3:
 1553 02b9 7369676E 		.ascii	"signed char\000"
 1553      65642063 
 1553      68617200 
 1554              	.LASF40:
 1555 02c5 47656E65 		.ascii	"Generated_Source\\PSoC4\\cyfitter_cfg.c\000"
 1555      72617465 
 1555      645F536F 
 1555      75726365 
 1555      5C50536F 
 1556              		.ident	"GCC: (GNU Tools for ARM Embedded Processors) 5.4.1 20160609 (release) [ARM/embedded-5-bran
